******************************************************************************
                  TI ARM Linker Unix v18.1.4                   
******************************************************************************
>> Linked Sat Nov  2 02:36:28 2019

OUTPUT FILE NAME:   <Test.out>
ENTRY POINT SYMBOL: "_c_int00_noargs"  address: 00004025


MEMORY CONFIGURATION

         name            origin    length      used     unused   attr    fill
----------------------  --------  ---------  --------  --------  ----  --------
  FLASH                 00000000   00040000  00004c74  0003b38c  R  X
  SRAM                  20000000   00008000  00000b55  000074ab  RW X


SEGMENT ALLOCATION MAP

run origin  load origin   length   init length attrs members
----------  ----------- ---------- ----------- ----- -------
00000000    00000000    00004c78   00004c78    r-x
  00000000    00000000    0000026c   0000026c    r-- .intvecs
  0000026c    0000026c    000041b8   000041b8    r-x .text
  00004424    00004424    00000488   00000488    r-- .const
  000048b0    000048b0    000003c8   000003c8    r-- .cinit
20000000    20000000    00000b5a   00000000    rw-
  20000000    20000000    0000026c   00000000    rw- .vtable
  20000270    20000270    0000066f   00000000    rw- .data
  200008e0    200008e0    00000200   00000000    rw- .stack
  20000ae0    20000ae0    0000007a   00000000    rw- .bss


SECTION ALLOCATION MAP

 output                                  attributes/
section   page    origin      length       input sections
--------  ----  ----------  ----------   ----------------
.intvecs   0    00000000    0000026c     
                  00000000    0000026c     tm4c123gh6pm_startup_ccs.obj (.intvecs)

.text      0    0000026c    000041b8     
                  0000026c    00000e54     main.obj (.text)
                  000010c0    00000a5e     rtsv7M4_T_le_v4SPD16_eabi.lib : _printfi.c.obj (.text:__TI_printfi)
                  00001b1e    00000002                                   : div0.asm.obj (.text)
                  00001b20    000005fa     uc1701.obj (.text)
                  0000211a    00000002     --HOLE-- [fill = 0]
                  0000211c    000003e0     gt20l16s1y.obj (.text)
                  000024fc    00000270     rtsv7M4_T_le_v4SPD16_eabi.lib : _printfi.c.obj (.text:_pconv_a)
                  0000276c    0000020c     m4_lcd.obj (.text)
                  00002978    000001d0     rtsv7M4_T_le_v4SPD16_eabi.lib : _printfi.c.obj (.text:_pconv_g)
                  00002b48    000001b6                                   : fd_add_t2.asm.obj (.text)
                  00002cfe    00000002     --HOLE-- [fill = 0]
                  00002d00    0000013c                                   : _printfi.c.obj (.text:_pconv_e)
                  00002e3c    00000136                                   : fd_div_t2.asm.obj (.text)
                  00002f72    00000132     driverlib.lib : gpio.obj (.text:GPIOPadConfigSet)
                  000030a4    00000124     rtsv7M4_T_le_v4SPD16_eabi.lib : _printfi.c.obj (.text:fcvt)
                  000031c8    00000110     driverlib.lib : sysctl.obj (.text:SysCtlClockGet)
                  000032d8    00000110     rtsv7M4_T_le_v4SPD16_eabi.lib : s_scalbn.c.obj (.text:scalbn)
                  000033e8    000000fc                                   : fd_mul_t2.asm.obj (.text)
                  000034e4    000000f4     driverlib.lib : sysctl.obj (.text:SysCtlClockSet)
                  000035d8    000000b1     rtsv7M4_T_le_v4SPD16_eabi.lib : _printfi.c.obj (.text:_ltostr)
                  00003689    00000001     --HOLE-- [fill = 0]
                  0000368a    0000009c                                   : memcpy_t2.asm.obj (.text)
                  00003726    00000096                                   : ull_div_t2.asm.obj (.text)
                  000037bc    00000086                                   : fd_cmp_t2.asm.obj (.text:__aeabi_cdcmple)
                  00003842    00000086                                   : fd_cmp_t2.asm.obj (.text:__aeabi_cdrcmple)
                  000038c8    0000007a     driverlib.lib : adc.obj (.text:ADCSequenceStepConfigure)
                  00003942    0000007a     rtsv7M4_T_le_v4SPD16_eabi.lib : memset_t2.asm.obj (.text)
                  000039bc    0000006e                                   : _printfi.c.obj (.text:_mcpy)
                  00003a2a    00000002     --HOLE-- [fill = 0]
                  00003a2c    00000068     driverlib.lib : interrupt.obj (.text:IntEnable)
                  00003a94    00000068     rtsv7M4_T_le_v4SPD16_eabi.lib : copy_decompress_lzss.c.obj (.text:decompress:lzss:__TI_decompress_lzss)
                  00003afc    00000068     m4_pinmux.obj (.text)
                  00003b64    00000064     rtsv7M4_T_le_v4SPD16_eabi.lib : s_frexp.c.obj (.text:frexp)
                  00003bc8    00000056     driverlib.lib : gpio.obj (.text:GPIOIntTypeSet)
                  00003c1e    00000056     rtsv7M4_T_le_v4SPD16_eabi.lib : _printfi.c.obj (.text:_pconv_f)
                  00003c74    00000054                                   : ltoa.c.obj (.text:ltoa)
                  00003cc8    00000052                                   : _printfi.c.obj (.text:_ecpy)
                  00003d1a    00000050     driverlib.lib : adc.obj (.text:ADCSequenceConfigure)
                  00003d6a    00000002     --HOLE-- [fill = 0]
                  00003d6c    00000050                   : adc.obj (.text:_ADCIntNumberGet)
                  00003dbc    0000004c     rtsv7M4_T_le_v4SPD16_eabi.lib : atoi.c.obj (.text:atoi)
                  00003e08    00000048     driverlib.lib : gpio.obj (.text:GPIOPinConfigure)
                  00003e50    00000048     rtsv7M4_T_le_v4SPD16_eabi.lib : fd_toi_t2.asm.obj (.text)
                  00003e98    00000046     driverlib.lib : uart.obj (.text:UARTConfigSetExpClk)
                  00003ede    00000002     --HOLE-- [fill = 0]
                  00003ee0    00000044                   : gpio.obj (.text:_GPIOIntNumberGet)
                  00003f24    00000044     rtsv7M4_T_le_v4SPD16_eabi.lib : autoinit.c.obj (.text:__TI_auto_init_nobinit_nopinit:__TI_auto_init_nobinit_nopinit)
                  00003f68    00000040     driverlib.lib : uart.obj (.text:_UARTIntNumberGet)
                  00003fa8    0000003e     rtsv7M4_T_le_v4SPD16_eabi.lib : _printfi.c.obj (.text:_fcpy)
                  00003fe6    0000003c     driverlib.lib : ssi.obj (.text:SSIConfigSetExpClk)
                  00004022    00000002     --HOLE-- [fill = 0]
                  00004024    00000038     rtsv7M4_T_le_v4SPD16_eabi.lib : boot_cortex_m.c.obj (.text:_c_int00_noargs:_c_int00_noargs)
                  0000405c    00000034     driverlib.lib : interrupt.obj (.text:IntRegister)
                  00004090    00000034                   : sysctl.obj (.text:SysCtlPeripheralEnable)
                  000040c4    0000002e     rtsv7M4_T_le_v4SPD16_eabi.lib : i_tofd_t2.asm.obj (.text)
                  000040f2    0000002a     driverlib.lib : gpio.obj (.text:GPIODirModeSet)
                  0000411c    00000028     rtsv7M4_T_le_v4SPD16_eabi.lib : vsprintf.c.obj (.text:vsprintf)
                  00004144    00000020     driverlib.lib : uart.obj (.text:UARTDisable)
                  00004164    0000001e                   : adc.obj (.text:ADCSequenceDataGet)
                  00004182    0000001c     rtsv7M4_T_le_v4SPD16_eabi.lib : memccpy.c.obj (.text:memccpy)
                  0000419e    00000018     driverlib.lib : adc.obj (.text:ADCIntRegister)
                  000041b6    00000018                   : adc.obj (.text:ADCProcessorTrigger)
                  000041ce    00000018                   : gpio.obj (.text:GPIOIntRegister)
                  000041e6    00000018                   : gpio.obj (.text:GPIOPinTypeGPIOOutput)
                  000041fe    00000018                   : uart.obj (.text:UARTIntRegister)
                  00004216    00000018     rtsv7M4_T_le_v4SPD16_eabi.lib : vsprintf.c.obj (.text:_outs)
                  0000422e    00000016                                   : strchr.c.obj (.text:strchr)
                  00004244    00000014     driverlib.lib : uart.obj (.text:UARTEnable)
                  00004258    00000014     rtsv7M4_T_le_v4SPD16_eabi.lib : s_copysign.c.obj (.text:copysign)
                  0000426c    00000014                                   : strlen.c.obj (.text:strlen)
                  00004280    00000012     driverlib.lib : gpio.obj (.text:GPIOPinTypeADC)
                  00004292    00000012                   : gpio.obj (.text:GPIOPinTypeGPIOInput)
                  000042a4    00000012                   : gpio.obj (.text:GPIOPinTypeSSI)
                  000042b6    00000012                   : gpio.obj (.text:GPIOPinTypeUART)
                  000042c8    00000012                   : ssi.obj (.text:SSIDataGetNonBlocking)
                  000042da    00000012     rtsv7M4_T_le_v4SPD16_eabi.lib : copy_zero_init.c.obj (.text:decompress:ZI:__TI_zero_init_nomemset:__TI_zero_init_nomemset)
                  000042ec    00000012                                   : wcslen.c.obj (.text:wcslen)
                  000042fe    00000010     driverlib.lib : adc.obj (.text:ADCIntEnable)
                  0000430e    00000010                   : interrupt.obj (.text:IntMasterEnable)
                  0000431e    0000000e                   : adc.obj (.text:ADCSequenceEnable)
                  0000432c    0000000e                   : gpio.obj (.text:GPIOIntStatus)
                  0000433a    0000000e                   : uart.obj (.text:UARTCharGetNonBlocking)
                  00004348    0000000e                   : uart.obj (.text:UARTCharPutNonBlocking)
                  00004356    0000000e                   : uart.obj (.text:UARTCharsAvail)
                  00004364    0000000e     rtsv7M4_T_le_v4SPD16_eabi.lib : copy_decompress_none.c.obj (.text:decompress:none:__TI_decompress_none)
                  00004372    0000000c     driverlib.lib : cpu.obj (.text:CPUcpsie)
                  0000437e    0000000c                   : gpio.obj (.text:GPIOIntEnable)
                  0000438a    0000000c                   : ssi.obj (.text:SSIDataGet)
                  00004396    0000000c     tm4c123gh6pm_startup_ccs.obj (.text)
                  000043a2    0000000a     driverlib.lib : adc.obj (.text:ADCIntClear)
                  000043ac    0000000a                   : ssi.obj (.text:SSIDataPut)
                  000043b6    0000000a                   : ssi.obj (.text:SSIEnable)
                  000043c0    0000000a                   : uart.obj (.text:UARTCharPut)
                  000043ca    0000000a                   : uart.obj (.text:UARTIntStatus)
                  000043d4    0000000a     rtsv7M4_T_le_v4SPD16_eabi.lib : vsprintf.c.obj (.text:_outc)
                  000043de    00000008     driverlib.lib : ssi.obj (.text:SSIBusy)
                  000043e6    00000008                   : uart.obj (.text:UARTBusy)
                  000043ee    00000008                   : uart.obj (.text:UARTIntEnable)
                  000043f6    00000002     --HOLE-- [fill = 0]
                  000043f8    00000008     rtsv7M4_T_le_v4SPD16_eabi.lib : errno.c.obj (.text:__aeabi_errno_addr)
                  00004400    00000006     driverlib.lib : gpio.obj (.text:GPIOIntClear)
                  00004406    00000006                   : gpio.obj (.text:GPIOPinRead)
                  0000440c    00000006                   : gpio.obj (.text:GPIOPinWrite)
                  00004412    00000006                   : sysctl.obj (.text:SysCtlDelay)
                  00004418    00000004                   : uart.obj (.text:UARTIntClear)
                  0000441c    00000004     rtsv7M4_T_le_v4SPD16_eabi.lib : pre_init.c.obj (.text:_system_pre_init)
                  00004420    00000004                                   : exit.c.obj (.text:abort:abort)

.const     0    00004424    00000488     
                  00004424    00000101     rtsv7M4_T_le_v4SPD16_eabi.lib : ctype.c.obj (.const:.string:_ctypes_)
                  00004525    00000003     --HOLE-- [fill = 0]
                  00004528    000000d8     driverlib.lib : gpio.obj (.const:g_ppui32GPIOIntMapSnowflake)
                  00004600    000000c0                   : gpio.obj (.const:g_ppui32GPIOIntMapBlizzard)
                  000046c0    00000090                   : gpio.obj (.const:g_pui32GPIOBaseAddrs)
                  00004750    00000070                   : interrupt.obj (.const)
                  000047c0    0000006c                   : sysctl.obj (.const:g_pui32Xtals)
                  0000482c    00000040                   : uart.obj (.const:g_ppui32UARTIntMap)
                  0000486c    00000040                   : uart.obj (.const:g_ppui32UARTIntMapSnowflake)

.cinit     0    000048b0    000003c8     
                  000048b0    00000390     (.cinit..data.load) [load image, compression = lzss]
                  00004c40    0000000c     (__TI_handler_table)
                  00004c4c    00000004     --HOLE-- [fill = 0]
                  00004c50    00000008     (.cinit..bss.load) [load image, compression = zero_init]
                  00004c58    00000008     (.cinit..vtable.load) [load image, compression = zero_init]
                  00004c60    00000018     (__TI_cinit_table)

.init_array 
*          0    00000000    00000000     UNINITIALIZED

.vtable    0    20000000    0000026c     UNINITIALIZED
                  20000000    0000026c     driverlib.lib : interrupt.obj (.vtable)

.data      0    20000270    0000066f     UNINITIALIZED
                  20000270    00000600     uc1701.obj (.data:FixedSys_Font)
                  20000870    00000060     gt20l16s1y.obj (.data:fontSize)
                  200008d0    00000008     main.obj (.data)
                  200008d8    00000004     rtsv7M4_T_le_v4SPD16_eabi.lib : errno.c.obj (.data)
                  200008dc    00000002     m4_lcd.obj (.data)
                  200008de    00000001     uc1701.obj (.data)

.bss       0    20000ae0    0000007a     UNINITIALIZED
                  20000ae0    00000020     (.common:Analog_Voltage_pui32ADC0Value)
                  20000b00    00000020     (.common:Current_pui32ADC0Value)
                  20000b20    00000010     (.common:Voltage_Current_SetVoltage)
                  20000b30    00000008     (.common:M_to_L_Bit_of_Analog_Voltage)
                  20000b38    00000008     (.common:M_to_L_Bit_of_Current)
                  20000b40    00000008     (.common:M_to_L_Bit_of_Set_Voltage)
                  20000b48    00000004     (.common:Analog_Voltage)
                  20000b4c    00000004     (.common:Analog_Voltage_Sum)
                  20000b50    00000004     (.common:Current)
                  20000b54    00000004     (.common:Current_Sum)
                  20000b58    00000001     (.common:Aflag)
                  20000b59    00000001     (.common:Vflag)

.stack     0    200008e0    00000200     UNINITIALIZED
                  200008e0    00000004     rtsv7M4_T_le_v4SPD16_eabi.lib : boot_cortex_m.c.obj (.stack)
                  200008e4    000001fc     --HOLE--

MODULE SUMMARY

       Module                         code    ro data   rw data
       ------                         ----    -------   -------
    ./
       tm4c123gh6pm_startup_ccs.obj   12      620       0      
    +--+------------------------------+-------+---------+---------+
       Total:                         12      620       0      
                                                               
    ./Freq Meter/
       main.obj                       3668    0         130    
       uc1701.obj                     1530    0         1537   
       gt20l16s1y.obj                 992     0         96     
       m4_lcd.obj                     524     0         2      
       m4_pinmux.obj                  104     0         0      
    +--+------------------------------+-------+---------+---------+
       Total:                         6818    0         1765   
                                                               
    /home/wadegao/ti/TivaWare_C_Series-2.1.4.178/driverlib/ccs/Debug/driverlib.lib
       gpio.obj                       738     552       0      
       interrupt.obj                  172     112       620    
       sysctl.obj                     574     108       0      
       uart.obj                       292     128       0      
       adc.obj                        400     0         0      
       ssi.obj                        118     0         0      
       cpu.obj                        12      0         0      
    +--+------------------------------+-------+---------+---------+
       Total:                         2306    900       620    
                                                               
    /opt/ti/ccsv8/tools/compiler/ti-cgt-arm_18.1.4.LTS/lib/rtsv7M4_T_le_v4SPD16_eabi.lib
       _printfi.c.obj                 4867    0         0      
       fd_add_t2.asm.obj              438     0         0      
       fd_div_t2.asm.obj              310     0         0      
       s_scalbn.c.obj                 272     0         0      
       fd_cmp_t2.asm.obj              268     0         0      
       ctype.c.obj                    0       257       0      
       fd_mul_t2.asm.obj              252     0         0      
       memcpy_t2.asm.obj              156     0         0      
       ull_div_t2.asm.obj             150     0         0      
       memset_t2.asm.obj              122     0         0      
       copy_decompress_lzss.c.obj     104     0         0      
       s_frexp.c.obj                  100     0         0      
       ltoa.c.obj                     84      0         0      
       atoi.c.obj                     76      0         0      
       vsprintf.c.obj                 74      0         0      
       fd_toi_t2.asm.obj              72      0         0      
       autoinit.c.obj                 68      0         0      
       boot_cortex_m.c.obj            56      0         0      
       i_tofd_t2.asm.obj              46      0         0      
       memccpy.c.obj                  28      0         0      
       strchr.c.obj                   22      0         0      
       s_copysign.c.obj               20      0         0      
       strlen.c.obj                   20      0         0      
       copy_zero_init.c.obj           18      0         0      
       wcslen.c.obj                   18      0         0      
       copy_decompress_none.c.obj     14      0         0      
       errno.c.obj                    8       0         4      
       exit.c.obj                     4       0         0      
       pre_init.c.obj                 4       0         0      
       div0.asm.obj                   2       0         0      
    +--+------------------------------+-------+---------+---------+
       Total:                         7673    257       4      
                                                               
       Stack:                         0       0         512    
       Linker Generated:              0       964       0      
    +--+------------------------------+-------+---------+---------+
       Grand Total:                   16809   2741      2901   


LINKER GENERATED COPY TABLES

__TI_cinit_table @ 00004c60 records: 3, size/record: 8, table size: 24
	.data: load addr=000048b0, load size=00000390 bytes, run addr=20000270, run size=0000066f bytes, compression=lzss
	.bss: load addr=00004c50, load size=00000008 bytes, run addr=20000ae0, run size=0000007a bytes, compression=zero_init
	.vtable: load addr=00004c58, load size=00000008 bytes, run addr=20000000, run size=0000026c bytes, compression=zero_init


LINKER GENERATED HANDLER TABLE

__TI_handler_table @ 00004c40 records: 3, size/record: 4, table size: 12
	index: 0, handler: __TI_zero_init
	index: 1, handler: __TI_decompress_lzss
	index: 2, handler: __TI_decompress_none


GLOBAL SYMBOLS: SORTED ALPHABETICALLY BY Name 

address   name                             
-------   ----                             
0000029d  ADC0Sequence0Handler             
000002fd  ADC1Sequence0Handler             
000043a3  ADCIntClear                      
000042ff  ADCIntEnable                     
0000419f  ADCIntRegister                   
000041b7  ADCProcessorTrigger              
00003d1b  ADCSequenceConfigure             
00004165  ADCSequenceDataGet               
0000431f  ADCSequenceEnable                
000038c9  ADCSequenceStepConfigure         
20000b58  Aflag                            
20000b48  Analog_Voltage                   
20000b4c  Analog_Voltage_Sum               
20000ae0  Analog_Voltage_pui32ADC0Value    
00004421  C$$EXIT                          
00004373  CPUcpsie                         
0000089d  ChoiceGPIO_PORTA_PIN_x_Int_Server
00000659  ConfigADC0                       
00000771  ConfigADC0Interrupt              
000006e5  ConfigADC1                       
0000078d  ConfigADC1Interrupt              
00000393  ConfigUART0                      
000003cd  ConfigUART0Interrupt             
0000035d  ConfigUART3                      
20000b50  Current                          
20000b54  Current_Sum                      
20000b00  Current_pui32ADC0Value           
000003ed  Data_Break                       
00000d9d  DisplayCurrent                   
00000b3d  DisplaySet_Voltage               
00000be9  DisplayVoltage                   
20000270  FixedSys_Font                    
000040f3  GPIODirModeSet                   
00000aa5  GPIOInit                         
00004401  GPIOIntClear                     
0000437f  GPIOIntEnable                    
000041cf  GPIOIntRegister                  
0000432d  GPIOIntStatus                    
00003bc9  GPIOIntTypeSet                   
00000a19  GPIOInterruptConfigure           
00002f73  GPIOPadConfigSet                 
00003e09  GPIOPinConfigure                 
00004407  GPIOPinRead                      
00004281  GPIOPinTypeADC                   
00004293  GPIOPinTypeGPIOInput             
000041e7  GPIOPinTypeGPIOOutput            
000042a5  GPIOPinTypeSSI                   
000042b7  GPIOPinTypeUART                  
0000440d  GPIOPinWrite                     
0000211d  GT20GetFontAddr                  
00002357  GT20Init                         
0000237b  GT20Read                         
00003a2d  IntEnable                        
0000430f  IntMasterEnable                  
0000405d  IntRegister                      
000009f9  KeyInit                          
20000b30  M_to_L_Bit_of_Analog_Voltage     
20000b38  M_to_L_Bit_of_Current            
20000b40  M_to_L_Bit_of_Set_Voltage        
00003afd  PortFunctionInit                 
00004397  ResetISR                         
000043df  SSIBusy                          
00003fe7  SSIConfigSetExpClk               
0000438b  SSIDataGet                       
000042c9  SSIDataGetNonBlocking            
000043ad  SSIDataPut                       
000043b7  SSIEnable                        
000005d5  Sent_Voltage                     
000007a9  StartAllInterrupt                
000007b1  SwitchK1IntHandler               
00000821  SwitchK2IntHandler               
000031c9  SysCtlClockGet                   
000034e5  SysCtlClockSet                   
00004413  SysCtlDelay                      
00004091  SysCtlPeripheralEnable           
0000026d  UART0IntHandler                  
000043e7  UARTBusy                         
0000433b  UARTCharGetNonBlocking           
000043c1  UARTCharPut                      
00004349  UARTCharPutNonBlocking           
00004357  UARTCharsAvail                   
00003e99  UARTConfigSetExpClk              
00004145  UARTDisable                      
00004245  UARTEnable                       
00004419  UARTIntClear                     
000043ef  UARTIntEnable                    
000041ff  UARTIntRegister                  
000043cb  UARTIntStatus                    
00001ce3  UC1701AddressSet                 
00002043  UC1701AllPixelOnDisable          
00002039  UC1701AllPixelOnEnable           
00002093  UC1701BRSet                      
00001e01  UC1701CharDispaly                
00001ded  UC1701ChineseDispaly             
00001fc7  UC1701Clear                      
00001c3b  UC1701CmdWrite                   
000020bb  UC1701ComDirSet                  
00001bf1  UC1701DataWrite                  
00001d27  UC1701Display                    
00001e65  UC1701DisplayN                   
00002057  UC1701DisplayOff                 
0000204d  UC1701DisplayOn                  
00001c85  UC1701DoubleCmdWrite             
00001f03  UC1701FontDisplay                
00001b3b  UC1701Init                       
00002031  UC1701InverseDisable             
00002029  UC1701InverseEnable              
00002081  UC1701PMSet                      
00002061  UC1701ScrollLineSet              
000020a7  UC1701SegDirSet                  
000020cf  UC1701Test                       
000009c3  UnlockD2                         
00000993  UnlockK1                         
20000b59  Vflag                            
20000b20  Voltage_Current_SetVoltage       
20000ae0  __STACK_END                      
00000200  __STACK_SIZE                     
20000ae0  __STACK_TOP                      
00004c60  __TI_CINIT_Base                  
00004c78  __TI_CINIT_Limit                 
00004c40  __TI_Handler_Table_Base          
00004c4c  __TI_Handler_Table_Limit         
00003f25  __TI_auto_init_nobinit_nopinit   
00003a95  __TI_decompress_lzss             
00004365  __TI_decompress_none             
ffffffff  __TI_pprof_out_hndl              
000010c1  __TI_printfi                     
ffffffff  __TI_prof_data_size              
ffffffff  __TI_prof_data_start             
00000000  __TI_static_base__               
000042db  __TI_zero_init_nomemset          
000037bd  __aeabi_cdcmpeq                  
000037bd  __aeabi_cdcmple                  
00003843  __aeabi_cdrcmple                 
00003e51  __aeabi_d2iz                     
00002b53  __aeabi_dadd                     
00002e3d  __aeabi_ddiv                     
000033e9  __aeabi_dmul                     
00002b49  __aeabi_dsub                     
000043f9  __aeabi_errno_addr               
000040c5  __aeabi_i2d                      
00001b1f  __aeabi_idiv0                    
00001b1f  __aeabi_ldiv0                    
00003943  __aeabi_memclr                   
00003943  __aeabi_memclr4                  
00003943  __aeabi_memclr8                  
0000368b  __aeabi_memcpy                   
0000368b  __aeabi_memcpy4                  
0000368b  __aeabi_memcpy8                  
00003945  __aeabi_memset                   
00003945  __aeabi_memset4                  
00003945  __aeabi_memset8                  
00003727  __aeabi_uldivmod                 
ffffffff  __binit__                        
ffffffff  __c_args__                       
UNDEFED   __mpu_init                       
200008e0  __stack                          
00004025  _c_int00_noargs                  
00004424  _ctypes_                         
UNDEFED   _system_post_cinit               
0000441d  _system_pre_init                 
00004421  abort                            
00003dbd  atoi                             
ffffffff  binit                            
00004259  copysign                         
00004259  copysignl                        
200008d8  errno                            
20000870  fontSize                         
00003b65  frexp                            
00003b65  frexpl                           
20000000  g_pfnRAMVectors                  
00000000  g_pfnVectors                     
200008de  inverse_factor                   
200008dc  is_fontchip_ok                   
000027c9  lcd_clear                        
00002915  lcd_flash                        
0000276d  lcd_init                         
000027d1  lcd_printf                       
00002925  lcd_scroll                       
000032d9  ldexp                            
000032d9  ldexpl                           
00003c75  ltoa                             
00000f35  main                             
00004183  memccpy                          
0000368b  memcpy                           
0000394b  memset                           
000032d9  scalbn                           
000032d9  scalbnl                          
0000422f  strchr                           
0000426d  strlen                           
0000411d  vsprintf                         
000042ed  wcslen                           


GLOBAL SYMBOLS: SORTED BY Symbol Address 

address   name                             
-------   ----                             
00000000  __TI_static_base__               
00000000  g_pfnVectors                     
00000200  __STACK_SIZE                     
0000026d  UART0IntHandler                  
0000029d  ADC0Sequence0Handler             
000002fd  ADC1Sequence0Handler             
0000035d  ConfigUART3                      
00000393  ConfigUART0                      
000003cd  ConfigUART0Interrupt             
000003ed  Data_Break                       
000005d5  Sent_Voltage                     
00000659  ConfigADC0                       
000006e5  ConfigADC1                       
00000771  ConfigADC0Interrupt              
0000078d  ConfigADC1Interrupt              
000007a9  StartAllInterrupt                
000007b1  SwitchK1IntHandler               
00000821  SwitchK2IntHandler               
0000089d  ChoiceGPIO_PORTA_PIN_x_Int_Server
00000993  UnlockK1                         
000009c3  UnlockD2                         
000009f9  KeyInit                          
00000a19  GPIOInterruptConfigure           
00000aa5  GPIOInit                         
00000b3d  DisplaySet_Voltage               
00000be9  DisplayVoltage                   
00000d9d  DisplayCurrent                   
00000f35  main                             
000010c1  __TI_printfi                     
00001b1f  __aeabi_idiv0                    
00001b1f  __aeabi_ldiv0                    
00001b3b  UC1701Init                       
00001bf1  UC1701DataWrite                  
00001c3b  UC1701CmdWrite                   
00001c85  UC1701DoubleCmdWrite             
00001ce3  UC1701AddressSet                 
00001d27  UC1701Display                    
00001ded  UC1701ChineseDispaly             
00001e01  UC1701CharDispaly                
00001e65  UC1701DisplayN                   
00001f03  UC1701FontDisplay                
00001fc7  UC1701Clear                      
00002029  UC1701InverseEnable              
00002031  UC1701InverseDisable             
00002039  UC1701AllPixelOnEnable           
00002043  UC1701AllPixelOnDisable          
0000204d  UC1701DisplayOn                  
00002057  UC1701DisplayOff                 
00002061  UC1701ScrollLineSet              
00002081  UC1701PMSet                      
00002093  UC1701BRSet                      
000020a7  UC1701SegDirSet                  
000020bb  UC1701ComDirSet                  
000020cf  UC1701Test                       
0000211d  GT20GetFontAddr                  
00002357  GT20Init                         
0000237b  GT20Read                         
0000276d  lcd_init                         
000027c9  lcd_clear                        
000027d1  lcd_printf                       
00002915  lcd_flash                        
00002925  lcd_scroll                       
00002b49  __aeabi_dsub                     
00002b53  __aeabi_dadd                     
00002e3d  __aeabi_ddiv                     
00002f73  GPIOPadConfigSet                 
000031c9  SysCtlClockGet                   
000032d9  ldexp                            
000032d9  ldexpl                           
000032d9  scalbn                           
000032d9  scalbnl                          
000033e9  __aeabi_dmul                     
000034e5  SysCtlClockSet                   
0000368b  __aeabi_memcpy                   
0000368b  __aeabi_memcpy4                  
0000368b  __aeabi_memcpy8                  
0000368b  memcpy                           
00003727  __aeabi_uldivmod                 
000037bd  __aeabi_cdcmpeq                  
000037bd  __aeabi_cdcmple                  
00003843  __aeabi_cdrcmple                 
000038c9  ADCSequenceStepConfigure         
00003943  __aeabi_memclr                   
00003943  __aeabi_memclr4                  
00003943  __aeabi_memclr8                  
00003945  __aeabi_memset                   
00003945  __aeabi_memset4                  
00003945  __aeabi_memset8                  
0000394b  memset                           
00003a2d  IntEnable                        
00003a95  __TI_decompress_lzss             
00003afd  PortFunctionInit                 
00003b65  frexp                            
00003b65  frexpl                           
00003bc9  GPIOIntTypeSet                   
00003c75  ltoa                             
00003d1b  ADCSequenceConfigure             
00003dbd  atoi                             
00003e09  GPIOPinConfigure                 
00003e51  __aeabi_d2iz                     
00003e99  UARTConfigSetExpClk              
00003f25  __TI_auto_init_nobinit_nopinit   
00003fe7  SSIConfigSetExpClk               
00004025  _c_int00_noargs                  
0000405d  IntRegister                      
00004091  SysCtlPeripheralEnable           
000040c5  __aeabi_i2d                      
000040f3  GPIODirModeSet                   
0000411d  vsprintf                         
00004145  UARTDisable                      
00004165  ADCSequenceDataGet               
00004183  memccpy                          
0000419f  ADCIntRegister                   
000041b7  ADCProcessorTrigger              
000041cf  GPIOIntRegister                  
000041e7  GPIOPinTypeGPIOOutput            
000041ff  UARTIntRegister                  
0000422f  strchr                           
00004245  UARTEnable                       
00004259  copysign                         
00004259  copysignl                        
0000426d  strlen                           
00004281  GPIOPinTypeADC                   
00004293  GPIOPinTypeGPIOInput             
000042a5  GPIOPinTypeSSI                   
000042b7  GPIOPinTypeUART                  
000042c9  SSIDataGetNonBlocking            
000042db  __TI_zero_init_nomemset          
000042ed  wcslen                           
000042ff  ADCIntEnable                     
0000430f  IntMasterEnable                  
0000431f  ADCSequenceEnable                
0000432d  GPIOIntStatus                    
0000433b  UARTCharGetNonBlocking           
00004349  UARTCharPutNonBlocking           
00004357  UARTCharsAvail                   
00004365  __TI_decompress_none             
00004373  CPUcpsie                         
0000437f  GPIOIntEnable                    
0000438b  SSIDataGet                       
00004397  ResetISR                         
000043a3  ADCIntClear                      
000043ad  SSIDataPut                       
000043b7  SSIEnable                        
000043c1  UARTCharPut                      
000043cb  UARTIntStatus                    
000043df  SSIBusy                          
000043e7  UARTBusy                         
000043ef  UARTIntEnable                    
000043f9  __aeabi_errno_addr               
00004401  GPIOIntClear                     
00004407  GPIOPinRead                      
0000440d  GPIOPinWrite                     
00004413  SysCtlDelay                      
00004419  UARTIntClear                     
0000441d  _system_pre_init                 
00004421  C$$EXIT                          
00004421  abort                            
00004424  _ctypes_                         
00004c40  __TI_Handler_Table_Base          
00004c4c  __TI_Handler_Table_Limit         
00004c60  __TI_CINIT_Base                  
00004c78  __TI_CINIT_Limit                 
20000000  g_pfnRAMVectors                  
20000270  FixedSys_Font                    
20000870  fontSize                         
200008d8  errno                            
200008dc  is_fontchip_ok                   
200008de  inverse_factor                   
200008e0  __stack                          
20000ae0  Analog_Voltage_pui32ADC0Value    
20000ae0  __STACK_END                      
20000ae0  __STACK_TOP                      
20000b00  Current_pui32ADC0Value           
20000b20  Voltage_Current_SetVoltage       
20000b30  M_to_L_Bit_of_Analog_Voltage     
20000b38  M_to_L_Bit_of_Current            
20000b40  M_to_L_Bit_of_Set_Voltage        
20000b48  Analog_Voltage                   
20000b4c  Analog_Voltage_Sum               
20000b50  Current                          
20000b54  Current_Sum                      
20000b58  Aflag                            
20000b59  Vflag                            
ffffffff  __TI_pprof_out_hndl              
ffffffff  __TI_prof_data_size              
ffffffff  __TI_prof_data_start             
ffffffff  __binit__                        
ffffffff  __c_args__                       
ffffffff  binit                            
UNDEFED   __mpu_init                       
UNDEFED   _system_post_cinit               

[192 symbols]
