<?xml version="1.0" encoding="ISO-8859-1" ?>
<link_info>
   <banner>TI ARM Linker Unix v18.1.4.LTS</banner>
   <copyright>Copyright (c) 1996-2018 Texas Instruments Incorporated</copyright>
   <link_time>0x5dbc7b2c</link_time>
   <link_errors>0x0</link_errors>
   <output_file>Test.out</output_file>
   <entry_point>
      <name>_c_int00_noargs</name>
      <address>0x4025</address>
   </entry_point>
   <input_file_list>
      <input_file id="fl-1">
         <path>./</path>
         <kind>object</kind>
         <file>tm4c123gh6pm_startup_ccs.obj</file>
         <name>tm4c123gh6pm_startup_ccs.obj</name>
      </input_file>
      <input_file id="fl-2">
         <path>./Freq Meter/</path>
         <kind>object</kind>
         <file>gt20l16s1y.obj</file>
         <name>gt20l16s1y.obj</name>
      </input_file>
      <input_file id="fl-3">
         <path>./Freq Meter/</path>
         <kind>object</kind>
         <file>m4_lcd.obj</file>
         <name>m4_lcd.obj</name>
      </input_file>
      <input_file id="fl-4">
         <path>./Freq Meter/</path>
         <kind>object</kind>
         <file>m4_pinmux.obj</file>
         <name>m4_pinmux.obj</name>
      </input_file>
      <input_file id="fl-5">
         <path>./Freq Meter/</path>
         <kind>object</kind>
         <file>main.obj</file>
         <name>main.obj</name>
      </input_file>
      <input_file id="fl-6">
         <path>./Freq Meter/</path>
         <kind>object</kind>
         <file>uc1701.obj</file>
         <name>uc1701.obj</name>
      </input_file>
      <input_file id="fl-b">
         <kind>object</kind>
         <file>&lt;internal&gt;</file>
         <name>&lt;internal&gt;</name>
      </input_file>
      <input_file id="fl-c1">
         <path>/opt/ti/ccsv8/tools/compiler/ti-cgt-arm_18.1.4.LTS/lib/</path>
         <kind>archive</kind>
         <file>rtsv7M4_T_le_v4SPD16_eabi.lib</file>
         <name>fd_add_t2.asm.obj</name>
      </input_file>
      <input_file id="fl-c2">
         <path>/opt/ti/ccsv8/tools/compiler/ti-cgt-arm_18.1.4.LTS/lib/</path>
         <kind>archive</kind>
         <file>rtsv7M4_T_le_v4SPD16_eabi.lib</file>
         <name>fd_cmp_t2.asm.obj</name>
      </input_file>
      <input_file id="fl-c3">
         <path>/opt/ti/ccsv8/tools/compiler/ti-cgt-arm_18.1.4.LTS/lib/</path>
         <kind>archive</kind>
         <file>rtsv7M4_T_le_v4SPD16_eabi.lib</file>
         <name>fd_mul_t2.asm.obj</name>
      </input_file>
      <input_file id="fl-c4">
         <path>/opt/ti/ccsv8/tools/compiler/ti-cgt-arm_18.1.4.LTS/lib/</path>
         <kind>archive</kind>
         <file>rtsv7M4_T_le_v4SPD16_eabi.lib</file>
         <name>fd_toi_t2.asm.obj</name>
      </input_file>
      <input_file id="fl-c5">
         <path>/opt/ti/ccsv8/tools/compiler/ti-cgt-arm_18.1.4.LTS/lib/</path>
         <kind>archive</kind>
         <file>rtsv7M4_T_le_v4SPD16_eabi.lib</file>
         <name>memset_t2.asm.obj</name>
      </input_file>
      <input_file id="fl-c6">
         <path>/opt/ti/ccsv8/tools/compiler/ti-cgt-arm_18.1.4.LTS/lib/</path>
         <kind>archive</kind>
         <file>rtsv7M4_T_le_v4SPD16_eabi.lib</file>
         <name>copy_zero_init.c.obj</name>
      </input_file>
      <input_file id="fl-c7">
         <path>/opt/ti/ccsv8/tools/compiler/ti-cgt-arm_18.1.4.LTS/lib/</path>
         <kind>archive</kind>
         <file>rtsv7M4_T_le_v4SPD16_eabi.lib</file>
         <name>copy_decompress_none.c.obj</name>
      </input_file>
      <input_file id="fl-c8">
         <path>/opt/ti/ccsv8/tools/compiler/ti-cgt-arm_18.1.4.LTS/lib/</path>
         <kind>archive</kind>
         <file>rtsv7M4_T_le_v4SPD16_eabi.lib</file>
         <name>copy_decompress_lzss.c.obj</name>
      </input_file>
      <input_file id="fl-c9">
         <path>/opt/ti/ccsv8/tools/compiler/ti-cgt-arm_18.1.4.LTS/lib/</path>
         <kind>archive</kind>
         <file>rtsv7M4_T_le_v4SPD16_eabi.lib</file>
         <name>boot_cortex_m.c.obj</name>
      </input_file>
      <input_file id="fl-ca">
         <path>/opt/ti/ccsv8/tools/compiler/ti-cgt-arm_18.1.4.LTS/lib/</path>
         <kind>archive</kind>
         <file>rtsv7M4_T_le_v4SPD16_eabi.lib</file>
         <name>exit.c.obj</name>
      </input_file>
      <input_file id="fl-cb">
         <path>/opt/ti/ccsv8/tools/compiler/ti-cgt-arm_18.1.4.LTS/lib/</path>
         <kind>archive</kind>
         <file>rtsv7M4_T_le_v4SPD16_eabi.lib</file>
         <name>_lock.c.obj</name>
      </input_file>
      <input_file id="fl-cc">
         <path>/opt/ti/ccsv8/tools/compiler/ti-cgt-arm_18.1.4.LTS/lib/</path>
         <kind>archive</kind>
         <file>rtsv7M4_T_le_v4SPD16_eabi.lib</file>
         <name>args_main.c.obj</name>
      </input_file>
      <input_file id="fl-cd">
         <path>/opt/ti/ccsv8/tools/compiler/ti-cgt-arm_18.1.4.LTS/lib/</path>
         <kind>archive</kind>
         <file>rtsv7M4_T_le_v4SPD16_eabi.lib</file>
         <name>strlen.c.obj</name>
      </input_file>
      <input_file id="fl-ce">
         <path>/opt/ti/ccsv8/tools/compiler/ti-cgt-arm_18.1.4.LTS/lib/</path>
         <kind>archive</kind>
         <file>rtsv7M4_T_le_v4SPD16_eabi.lib</file>
         <name>vsprintf.c.obj</name>
      </input_file>
      <input_file id="fl-cf">
         <path>/opt/ti/ccsv8/tools/compiler/ti-cgt-arm_18.1.4.LTS/lib/</path>
         <kind>archive</kind>
         <file>rtsv7M4_T_le_v4SPD16_eabi.lib</file>
         <name>memcpy_t2.asm.obj</name>
      </input_file>
      <input_file id="fl-d0">
         <path>/opt/ti/ccsv8/tools/compiler/ti-cgt-arm_18.1.4.LTS/lib/</path>
         <kind>archive</kind>
         <file>rtsv7M4_T_le_v4SPD16_eabi.lib</file>
         <name>autoinit.c.obj</name>
      </input_file>
      <input_file id="fl-d1">
         <path>/opt/ti/ccsv8/tools/compiler/ti-cgt-arm_18.1.4.LTS/lib/</path>
         <kind>archive</kind>
         <file>rtsv7M4_T_le_v4SPD16_eabi.lib</file>
         <name>pre_init.c.obj</name>
      </input_file>
      <input_file id="fl-d2">
         <path>/opt/ti/ccsv8/tools/compiler/ti-cgt-arm_18.1.4.LTS/lib/</path>
         <kind>archive</kind>
         <file>rtsv7M4_T_le_v4SPD16_eabi.lib</file>
         <name>cpy_tbl.c.obj</name>
      </input_file>
      <input_file id="fl-d3">
         <path>/opt/ti/ccsv8/tools/compiler/ti-cgt-arm_18.1.4.LTS/lib/</path>
         <kind>archive</kind>
         <file>rtsv7M4_T_le_v4SPD16_eabi.lib</file>
         <name>_printfi.c.obj</name>
      </input_file>
      <input_file id="fl-d4">
         <path>/opt/ti/ccsv8/tools/compiler/ti-cgt-arm_18.1.4.LTS/lib/</path>
         <kind>archive</kind>
         <file>rtsv7M4_T_le_v4SPD16_eabi.lib</file>
         <name>atoi.c.obj</name>
      </input_file>
      <input_file id="fl-d5">
         <path>/opt/ti/ccsv8/tools/compiler/ti-cgt-arm_18.1.4.LTS/lib/</path>
         <kind>archive</kind>
         <file>rtsv7M4_T_le_v4SPD16_eabi.lib</file>
         <name>ctype.c.obj</name>
      </input_file>
      <input_file id="fl-d6">
         <path>/opt/ti/ccsv8/tools/compiler/ti-cgt-arm_18.1.4.LTS/lib/</path>
         <kind>archive</kind>
         <file>rtsv7M4_T_le_v4SPD16_eabi.lib</file>
         <name>ltoa.c.obj</name>
      </input_file>
      <input_file id="fl-d7">
         <path>/opt/ti/ccsv8/tools/compiler/ti-cgt-arm_18.1.4.LTS/lib/</path>
         <kind>archive</kind>
         <file>rtsv7M4_T_le_v4SPD16_eabi.lib</file>
         <name>memccpy.c.obj</name>
      </input_file>
      <input_file id="fl-d8">
         <path>/opt/ti/ccsv8/tools/compiler/ti-cgt-arm_18.1.4.LTS/lib/</path>
         <kind>archive</kind>
         <file>rtsv7M4_T_le_v4SPD16_eabi.lib</file>
         <name>strchr.c.obj</name>
      </input_file>
      <input_file id="fl-d9">
         <path>/opt/ti/ccsv8/tools/compiler/ti-cgt-arm_18.1.4.LTS/lib/</path>
         <kind>archive</kind>
         <file>rtsv7M4_T_le_v4SPD16_eabi.lib</file>
         <name>wcslen.c.obj</name>
      </input_file>
      <input_file id="fl-da">
         <path>/opt/ti/ccsv8/tools/compiler/ti-cgt-arm_18.1.4.LTS/lib/</path>
         <kind>archive</kind>
         <file>rtsv7M4_T_le_v4SPD16_eabi.lib</file>
         <name>s_frexp.c.obj</name>
      </input_file>
      <input_file id="fl-db">
         <path>/opt/ti/ccsv8/tools/compiler/ti-cgt-arm_18.1.4.LTS/lib/</path>
         <kind>archive</kind>
         <file>rtsv7M4_T_le_v4SPD16_eabi.lib</file>
         <name>s_scalbn.c.obj</name>
      </input_file>
      <input_file id="fl-dc">
         <path>/opt/ti/ccsv8/tools/compiler/ti-cgt-arm_18.1.4.LTS/lib/</path>
         <kind>archive</kind>
         <file>rtsv7M4_T_le_v4SPD16_eabi.lib</file>
         <name>fd_div_t2.asm.obj</name>
      </input_file>
      <input_file id="fl-dd">
         <path>/opt/ti/ccsv8/tools/compiler/ti-cgt-arm_18.1.4.LTS/lib/</path>
         <kind>archive</kind>
         <file>rtsv7M4_T_le_v4SPD16_eabi.lib</file>
         <name>i_tofd_t2.asm.obj</name>
      </input_file>
      <input_file id="fl-de">
         <path>/opt/ti/ccsv8/tools/compiler/ti-cgt-arm_18.1.4.LTS/lib/</path>
         <kind>archive</kind>
         <file>rtsv7M4_T_le_v4SPD16_eabi.lib</file>
         <name>ull_div_t2.asm.obj</name>
      </input_file>
      <input_file id="fl-df">
         <path>/opt/ti/ccsv8/tools/compiler/ti-cgt-arm_18.1.4.LTS/lib/</path>
         <kind>archive</kind>
         <file>rtsv7M4_T_le_v4SPD16_eabi.lib</file>
         <name>errno.c.obj</name>
      </input_file>
      <input_file id="fl-e0">
         <path>/opt/ti/ccsv8/tools/compiler/ti-cgt-arm_18.1.4.LTS/lib/</path>
         <kind>archive</kind>
         <file>rtsv7M4_T_le_v4SPD16_eabi.lib</file>
         <name>s_copysign.c.obj</name>
      </input_file>
      <input_file id="fl-e1">
         <path>/opt/ti/ccsv8/tools/compiler/ti-cgt-arm_18.1.4.LTS/lib/</path>
         <kind>archive</kind>
         <file>rtsv7M4_T_le_v4SPD16_eabi.lib</file>
         <name>div0.asm.obj</name>
      </input_file>
      <input_file id="fl-e2">
         <path>/home/wadegao/ti/TivaWare_C_Series-2.1.4.178/driverlib/ccs/Debug/</path>
         <kind>archive</kind>
         <file>driverlib.lib</file>
         <name>adc.obj</name>
      </input_file>
      <input_file id="fl-e3">
         <path>/home/wadegao/ti/TivaWare_C_Series-2.1.4.178/driverlib/ccs/Debug/</path>
         <kind>archive</kind>
         <file>driverlib.lib</file>
         <name>gpio.obj</name>
      </input_file>
      <input_file id="fl-e4">
         <path>/home/wadegao/ti/TivaWare_C_Series-2.1.4.178/driverlib/ccs/Debug/</path>
         <kind>archive</kind>
         <file>driverlib.lib</file>
         <name>interrupt.obj</name>
      </input_file>
      <input_file id="fl-e5">
         <path>/home/wadegao/ti/TivaWare_C_Series-2.1.4.178/driverlib/ccs/Debug/</path>
         <kind>archive</kind>
         <file>driverlib.lib</file>
         <name>ssi.obj</name>
      </input_file>
      <input_file id="fl-e6">
         <path>/home/wadegao/ti/TivaWare_C_Series-2.1.4.178/driverlib/ccs/Debug/</path>
         <kind>archive</kind>
         <file>driverlib.lib</file>
         <name>sysctl.obj</name>
      </input_file>
      <input_file id="fl-e7">
         <path>/home/wadegao/ti/TivaWare_C_Series-2.1.4.178/driverlib/ccs/Debug/</path>
         <kind>archive</kind>
         <file>driverlib.lib</file>
         <name>uart.obj</name>
      </input_file>
      <input_file id="fl-e8">
         <path>/home/wadegao/ti/TivaWare_C_Series-2.1.4.178/driverlib/ccs/Debug/</path>
         <kind>archive</kind>
         <file>driverlib.lib</file>
         <name>cpu.obj</name>
      </input_file>
   </input_file_list>
   <object_component_list>
      <object_component id="oc-f">
         <name>.intvecs</name>
         <load_address>0x0</load_address>
         <run_address>0x0</run_address>
         <size>0x26c</size>
         <input_file_ref idref="fl-1"/>
      </object_component>
      <object_component id="oc-98">
         <name>.text</name>
         <load_address>0x26c</load_address>
         <run_address>0x26c</run_address>
         <size>0xe54</size>
         <input_file_ref idref="fl-5"/>
      </object_component>
      <object_component id="oc-32e">
         <name>.text:__TI_printfi</name>
         <load_address>0x10c0</load_address>
         <run_address>0x10c0</run_address>
         <size>0xa5e</size>
         <input_file_ref idref="fl-d3"/>
      </object_component>
      <object_component id="oc-450">
         <name>.text</name>
         <load_address>0x1b1e</load_address>
         <run_address>0x1b1e</run_address>
         <size>0x2</size>
         <input_file_ref idref="fl-e1"/>
      </object_component>
      <object_component id="oc-281">
         <name>.text</name>
         <load_address>0x1b20</load_address>
         <run_address>0x1b20</run_address>
         <size>0x5fa</size>
         <input_file_ref idref="fl-6"/>
      </object_component>
      <object_component id="oc-287">
         <name>.text</name>
         <load_address>0x211c</load_address>
         <run_address>0x211c</run_address>
         <size>0x3e0</size>
         <input_file_ref idref="fl-2"/>
      </object_component>
      <object_component id="oc-3a8">
         <name>.text:_pconv_a</name>
         <load_address>0x24fc</load_address>
         <run_address>0x24fc</run_address>
         <size>0x270</size>
         <input_file_ref idref="fl-d3"/>
      </object_component>
      <object_component id="oc-1b3">
         <name>.text</name>
         <load_address>0x276c</load_address>
         <run_address>0x276c</run_address>
         <size>0x20c</size>
         <input_file_ref idref="fl-3"/>
      </object_component>
      <object_component id="oc-396">
         <name>.text:_pconv_g</name>
         <load_address>0x2978</load_address>
         <run_address>0x2978</run_address>
         <size>0x1d0</size>
         <input_file_ref idref="fl-d3"/>
      </object_component>
      <object_component id="oc-164">
         <name>.text</name>
         <load_address>0x2b48</load_address>
         <run_address>0x2b48</run_address>
         <size>0x1b6</size>
         <input_file_ref idref="fl-c1"/>
      </object_component>
      <object_component id="oc-3a2">
         <name>.text:_pconv_e</name>
         <load_address>0x2d00</load_address>
         <run_address>0x2d00</run_address>
         <size>0x13c</size>
         <input_file_ref idref="fl-d3"/>
      </object_component>
      <object_component id="oc-3ee">
         <name>.text</name>
         <load_address>0x2e3c</load_address>
         <run_address>0x2e3c</run_address>
         <size>0x136</size>
         <input_file_ref idref="fl-dc"/>
      </object_component>
      <object_component id="oc-180">
         <name>.text:GPIOPadConfigSet</name>
         <load_address>0x2f72</load_address>
         <run_address>0x2f72</run_address>
         <size>0x132</size>
         <input_file_ref idref="fl-e3"/>
      </object_component>
      <object_component id="oc-40b">
         <name>.text:fcvt</name>
         <load_address>0x30a4</load_address>
         <run_address>0x30a4</run_address>
         <size>0x124</size>
         <input_file_ref idref="fl-d3"/>
      </object_component>
      <object_component id="oc-fb">
         <name>.text:SysCtlClockGet</name>
         <load_address>0x31c8</load_address>
         <run_address>0x31c8</run_address>
         <size>0x110</size>
         <input_file_ref idref="fl-e6"/>
      </object_component>
      <object_component id="oc-41f">
         <name>.text:scalbn</name>
         <load_address>0x32d8</load_address>
         <run_address>0x32d8</run_address>
         <size>0x110</size>
         <input_file_ref idref="fl-db"/>
      </object_component>
      <object_component id="oc-1be">
         <name>.text</name>
         <load_address>0x33e8</load_address>
         <run_address>0x33e8</run_address>
         <size>0xfc</size>
         <input_file_ref idref="fl-c3"/>
      </object_component>
      <object_component id="oc-186">
         <name>.text:SysCtlClockSet</name>
         <load_address>0x34e4</load_address>
         <run_address>0x34e4</run_address>
         <size>0xf4</size>
         <input_file_ref idref="fl-e6"/>
      </object_component>
      <object_component id="oc-390">
         <name>.text:_ltostr</name>
         <load_address>0x35d8</load_address>
         <run_address>0x35d8</run_address>
         <size>0xb1</size>
         <input_file_ref idref="fl-d3"/>
      </object_component>
      <object_component id="oc-38">
         <name>.text</name>
         <load_address>0x368a</load_address>
         <run_address>0x368a</run_address>
         <size>0x9c</size>
         <input_file_ref idref="fl-cf"/>
      </object_component>
      <object_component id="oc-3e8">
         <name>.text</name>
         <load_address>0x3726</load_address>
         <run_address>0x3726</run_address>
         <size>0x96</size>
         <input_file_ref idref="fl-de"/>
      </object_component>
      <object_component id="oc-169">
         <name>.text:__aeabi_cdcmple</name>
         <load_address>0x37bc</load_address>
         <run_address>0x37bc</run_address>
         <size>0x86</size>
         <input_file_ref idref="fl-c2"/>
      </object_component>
      <object_component id="oc-16f">
         <name>.text:__aeabi_cdrcmple</name>
         <load_address>0x3842</load_address>
         <run_address>0x3842</run_address>
         <size>0x86</size>
         <input_file_ref idref="fl-c2"/>
      </object_component>
      <object_component id="oc-139">
         <name>.text:ADCSequenceStepConfigure</name>
         <load_address>0x38c8</load_address>
         <run_address>0x38c8</run_address>
         <size>0x7a</size>
         <input_file_ref idref="fl-e2"/>
      </object_component>
      <object_component id="oc-8c">
         <name>.text</name>
         <load_address>0x3942</load_address>
         <run_address>0x3942</run_address>
         <size>0x7a</size>
         <input_file_ref idref="fl-c5"/>
      </object_component>
      <object_component id="oc-404">
         <name>.text:_mcpy</name>
         <load_address>0x39bc</load_address>
         <run_address>0x39bc</run_address>
         <size>0x6e</size>
         <input_file_ref idref="fl-d3"/>
      </object_component>
      <object_component id="oc-107">
         <name>.text:IntEnable</name>
         <load_address>0x3a2c</load_address>
         <run_address>0x3a2c</run_address>
         <size>0x68</size>
         <input_file_ref idref="fl-e4"/>
      </object_component>
      <object_component id="oc-12">
         <name>.text:decompress:lzss:__TI_decompress_lzss</name>
         <load_address>0x3a94</load_address>
         <run_address>0x3a94</run_address>
         <size>0x68</size>
         <input_file_ref idref="fl-c8"/>
      </object_component>
      <object_component id="oc-1c4">
         <name>.text</name>
         <load_address>0x3afc</load_address>
         <run_address>0x3afc</run_address>
         <size>0x68</size>
         <input_file_ref idref="fl-4"/>
      </object_component>
      <object_component id="oc-419">
         <name>.text:frexp</name>
         <load_address>0x3b64</load_address>
         <run_address>0x3b64</run_address>
         <size>0x64</size>
         <input_file_ref idref="fl-da"/>
      </object_component>
      <object_component id="oc-192">
         <name>.text:GPIOIntTypeSet</name>
         <load_address>0x3bc8</load_address>
         <run_address>0x3bc8</run_address>
         <size>0x56</size>
         <input_file_ref idref="fl-e3"/>
      </object_component>
      <object_component id="oc-39c">
         <name>.text:_pconv_f</name>
         <load_address>0x3c1e</load_address>
         <run_address>0x3c1e</run_address>
         <size>0x56</size>
         <input_file_ref idref="fl-d3"/>
      </object_component>
      <object_component id="oc-3f3">
         <name>.text:ltoa</name>
         <load_address>0x3c74</load_address>
         <run_address>0x3c74</run_address>
         <size>0x54</size>
         <input_file_ref idref="fl-d6"/>
      </object_component>
      <object_component id="oc-3fe">
         <name>.text:_ecpy</name>
         <load_address>0x3cc8</load_address>
         <run_address>0x3cc8</run_address>
         <size>0x52</size>
         <input_file_ref idref="fl-d3"/>
      </object_component>
      <object_component id="oc-133">
         <name>.text:ADCSequenceConfigure</name>
         <load_address>0x3d1a</load_address>
         <run_address>0x3d1a</run_address>
         <size>0x50</size>
         <input_file_ref idref="fl-e2"/>
      </object_component>
      <object_component id="oc-25b">
         <name>.text:_ADCIntNumberGet</name>
         <load_address>0x3d6c</load_address>
         <run_address>0x3d6c</run_address>
         <size>0x50</size>
         <input_file_ref idref="fl-e2"/>
      </object_component>
      <object_component id="oc-38a">
         <name>.text:atoi</name>
         <load_address>0x3dbc</load_address>
         <run_address>0x3dbc</run_address>
         <size>0x4c</size>
         <input_file_ref idref="fl-d4"/>
      </object_component>
      <object_component id="oc-ef">
         <name>.text:GPIOPinConfigure</name>
         <load_address>0x3e08</load_address>
         <run_address>0x3e08</run_address>
         <size>0x48</size>
         <input_file_ref idref="fl-e3"/>
      </object_component>
      <object_component id="oc-1b9">
         <name>.text</name>
         <load_address>0x3e50</load_address>
         <run_address>0x3e50</run_address>
         <size>0x48</size>
         <input_file_ref idref="fl-c4"/>
      </object_component>
      <object_component id="oc-101">
         <name>.text:UARTConfigSetExpClk</name>
         <load_address>0x3e98</load_address>
         <run_address>0x3e98</run_address>
         <size>0x46</size>
         <input_file_ref idref="fl-e7"/>
      </object_component>
      <object_component id="oc-275">
         <name>.text:_GPIOIntNumberGet</name>
         <load_address>0x3ee0</load_address>
         <run_address>0x3ee0</run_address>
         <size>0x44</size>
         <input_file_ref idref="fl-e3"/>
      </object_component>
      <object_component id="oc-1e6">
         <name>.text:__TI_auto_init_nobinit_nopinit:__TI_auto_init_nobinit_nopinit</name>
         <load_address>0x3f24</load_address>
         <run_address>0x3f24</run_address>
         <size>0x44</size>
         <input_file_ref idref="fl-d0"/>
      </object_component>
      <object_component id="oc-246">
         <name>.text:_UARTIntNumberGet</name>
         <load_address>0x3f68</load_address>
         <run_address>0x3f68</run_address>
         <size>0x40</size>
         <input_file_ref idref="fl-e7"/>
      </object_component>
      <object_component id="oc-411">
         <name>.text:_fcpy</name>
         <load_address>0x3fa8</load_address>
         <run_address>0x3fa8</run_address>
         <size>0x3e</size>
         <input_file_ref idref="fl-d3"/>
      </object_component>
      <object_component id="oc-2f8">
         <name>.text:SSIConfigSetExpClk</name>
         <load_address>0x3fe6</load_address>
         <run_address>0x3fe6</run_address>
         <size>0x3c</size>
         <input_file_ref idref="fl-e5"/>
      </object_component>
      <object_component id="oc-56">
         <name>.text:_c_int00_noargs:_c_int00_noargs</name>
         <load_address>0x4024</load_address>
         <run_address>0x4024</run_address>
         <size>0x38</size>
         <input_file_ref idref="fl-c9"/>
      </object_component>
      <object_component id="oc-24c">
         <name>.text:IntRegister</name>
         <load_address>0x405c</load_address>
         <run_address>0x405c</run_address>
         <size>0x34</size>
         <input_file_ref idref="fl-e4"/>
      </object_component>
      <object_component id="oc-e9">
         <name>.text:SysCtlPeripheralEnable</name>
         <load_address>0x4090</load_address>
         <run_address>0x4090</run_address>
         <size>0x34</size>
         <input_file_ref idref="fl-e6"/>
      </object_component>
      <object_component id="oc-3f9">
         <name>.text</name>
         <load_address>0x40c4</load_address>
         <run_address>0x40c4</run_address>
         <size>0x2e</size>
         <input_file_ref idref="fl-dd"/>
      </object_component>
      <object_component id="oc-17a">
         <name>.text:GPIODirModeSet</name>
         <load_address>0x40f2</load_address>
         <run_address>0x40f2</run_address>
         <size>0x2a</size>
         <input_file_ref idref="fl-e3"/>
      </object_component>
      <object_component id="oc-28d">
         <name>.text:vsprintf</name>
         <load_address>0x411c</load_address>
         <run_address>0x411c</run_address>
         <size>0x28</size>
         <input_file_ref idref="fl-ce"/>
      </object_component>
      <object_component id="oc-233">
         <name>.text:UARTDisable</name>
         <load_address>0x4144</load_address>
         <run_address>0x4144</run_address>
         <size>0x20</size>
         <input_file_ref idref="fl-e7"/>
      </object_component>
      <object_component id="oc-e3">
         <name>.text:ADCSequenceDataGet</name>
         <load_address>0x4164</load_address>
         <run_address>0x4164</run_address>
         <size>0x1e</size>
         <input_file_ref idref="fl-e2"/>
      </object_component>
      <object_component id="oc-3ae">
         <name>.text:memccpy</name>
         <load_address>0x4182</load_address>
         <run_address>0x4182</run_address>
         <size>0x1c</size>
         <input_file_ref idref="fl-d7"/>
      </object_component>
      <object_component id="oc-145">
         <name>.text:ADCIntRegister</name>
         <load_address>0x419e</load_address>
         <run_address>0x419e</run_address>
         <size>0x18</size>
         <input_file_ref idref="fl-e2"/>
      </object_component>
      <object_component id="oc-1ca">
         <name>.text:ADCProcessorTrigger</name>
         <load_address>0x41b6</load_address>
         <run_address>0x41b6</run_address>
         <size>0x18</size>
         <input_file_ref idref="fl-e2"/>
      </object_component>
      <object_component id="oc-198">
         <name>.text:GPIOIntRegister</name>
         <load_address>0x41ce</load_address>
         <run_address>0x41ce</run_address>
         <size>0x18</size>
         <input_file_ref idref="fl-e3"/>
      </object_component>
      <object_component id="oc-1a1">
         <name>.text:GPIOPinTypeGPIOOutput</name>
         <load_address>0x41e6</load_address>
         <run_address>0x41e6</run_address>
         <size>0x18</size>
         <input_file_ref idref="fl-e3"/>
      </object_component>
      <object_component id="oc-113">
         <name>.text:UARTIntRegister</name>
         <load_address>0x41fe</load_address>
         <run_address>0x41fe</run_address>
         <size>0x18</size>
         <input_file_ref idref="fl-e7"/>
      </object_component>
      <object_component id="oc-334">
         <name>.text:_outs</name>
         <load_address>0x4216</load_address>
         <run_address>0x4216</run_address>
         <size>0x18</size>
         <input_file_ref idref="fl-ce"/>
      </object_component>
      <object_component id="oc-425">
         <name>.text:strchr</name>
         <load_address>0x422e</load_address>
         <run_address>0x422e</run_address>
         <size>0x16</size>
         <input_file_ref idref="fl-d8"/>
      </object_component>
      <object_component id="oc-239">
         <name>.text:UARTEnable</name>
         <load_address>0x4244</load_address>
         <run_address>0x4244</run_address>
         <size>0x14</size>
         <input_file_ref idref="fl-e7"/>
      </object_component>
      <object_component id="oc-465">
         <name>.text:copysign</name>
         <load_address>0x4258</load_address>
         <run_address>0x4258</run_address>
         <size>0x14</size>
         <input_file_ref idref="fl-e0"/>
      </object_component>
      <object_component id="oc-293">
         <name>.text:strlen</name>
         <load_address>0x426c</load_address>
         <run_address>0x426c</run_address>
         <size>0x14</size>
         <input_file_ref idref="fl-cd"/>
      </object_component>
      <object_component id="oc-12d">
         <name>.text:GPIOPinTypeADC</name>
         <load_address>0x4280</load_address>
         <run_address>0x4280</run_address>
         <size>0x12</size>
         <input_file_ref idref="fl-e3"/>
      </object_component>
      <object_component id="oc-1a7">
         <name>.text:GPIOPinTypeGPIOInput</name>
         <load_address>0x4292</load_address>
         <run_address>0x4292</run_address>
         <size>0x12</size>
         <input_file_ref idref="fl-e3"/>
      </object_component>
      <object_component id="oc-2a5">
         <name>.text:GPIOPinTypeSSI</name>
         <load_address>0x42a4</load_address>
         <run_address>0x42a4</run_address>
         <size>0x12</size>
         <input_file_ref idref="fl-e3"/>
      </object_component>
      <object_component id="oc-f5">
         <name>.text:GPIOPinTypeUART</name>
         <load_address>0x42b6</load_address>
         <run_address>0x42b6</run_address>
         <size>0x12</size>
         <input_file_ref idref="fl-e3"/>
      </object_component>
      <object_component id="oc-31e">
         <name>.text:SSIDataGetNonBlocking</name>
         <load_address>0x42c8</load_address>
         <run_address>0x42c8</run_address>
         <size>0x12</size>
         <input_file_ref idref="fl-e5"/>
      </object_component>
      <object_component id="oc-44">
         <name>.text:decompress:ZI:__TI_zero_init_nomemset:__TI_zero_init_nomemset</name>
         <load_address>0x42da</load_address>
         <run_address>0x42da</run_address>
         <size>0x12</size>
         <input_file_ref idref="fl-c6"/>
      </object_component>
      <object_component id="oc-3b4">
         <name>.text:wcslen</name>
         <load_address>0x42ec</load_address>
         <run_address>0x42ec</run_address>
         <size>0x12</size>
         <input_file_ref idref="fl-d9"/>
      </object_component>
      <object_component id="oc-14b">
         <name>.text:ADCIntEnable</name>
         <load_address>0x42fe</load_address>
         <run_address>0x42fe</run_address>
         <size>0x10</size>
         <input_file_ref idref="fl-e2"/>
      </object_component>
      <object_component id="oc-151">
         <name>.text:IntMasterEnable</name>
         <load_address>0x430e</load_address>
         <run_address>0x430e</run_address>
         <size>0x10</size>
         <input_file_ref idref="fl-e4"/>
      </object_component>
      <object_component id="oc-13f">
         <name>.text:ADCSequenceEnable</name>
         <load_address>0x431e</load_address>
         <run_address>0x431e</run_address>
         <size>0xe</size>
         <input_file_ref idref="fl-e2"/>
      </object_component>
      <object_component id="oc-174">
         <name>.text:GPIOIntStatus</name>
         <load_address>0x432c</load_address>
         <run_address>0x432c</run_address>
         <size>0xe</size>
         <input_file_ref idref="fl-e3"/>
      </object_component>
      <object_component id="oc-cb">
         <name>.text:UARTCharGetNonBlocking</name>
         <load_address>0x433a</load_address>
         <run_address>0x433a</run_address>
         <size>0xe</size>
         <input_file_ref idref="fl-e7"/>
      </object_component>
      <object_component id="oc-d1">
         <name>.text:UARTCharPutNonBlocking</name>
         <load_address>0x4348</load_address>
         <run_address>0x4348</run_address>
         <size>0xe</size>
         <input_file_ref idref="fl-e7"/>
      </object_component>
      <object_component id="oc-d7">
         <name>.text:UARTCharsAvail</name>
         <load_address>0x4356</load_address>
         <run_address>0x4356</run_address>
         <size>0xe</size>
         <input_file_ref idref="fl-e7"/>
      </object_component>
      <object_component id="oc-18">
         <name>.text:decompress:none:__TI_decompress_none</name>
         <load_address>0x4364</load_address>
         <run_address>0x4364</run_address>
         <size>0xe</size>
         <input_file_ref idref="fl-c7"/>
      </object_component>
      <object_component id="oc-263">
         <name>.text:CPUcpsie</name>
         <load_address>0x4372</load_address>
         <run_address>0x4372</run_address>
         <size>0xc</size>
         <input_file_ref idref="fl-e8"/>
      </object_component>
      <object_component id="oc-18c">
         <name>.text:GPIOIntEnable</name>
         <load_address>0x437e</load_address>
         <run_address>0x437e</run_address>
         <size>0xc</size>
         <input_file_ref idref="fl-e3"/>
      </object_component>
      <object_component id="oc-30a">
         <name>.text:SSIDataGet</name>
         <load_address>0x438a</load_address>
         <run_address>0x438a</run_address>
         <size>0xc</size>
         <input_file_ref idref="fl-e5"/>
      </object_component>
      <object_component id="oc-24">
         <name>.text</name>
         <load_address>0x4396</load_address>
         <run_address>0x4396</run_address>
         <size>0xc</size>
         <input_file_ref idref="fl-1"/>
      </object_component>
      <object_component id="oc-dd">
         <name>.text:ADCIntClear</name>
         <load_address>0x43a2</load_address>
         <run_address>0x43a2</run_address>
         <size>0xa</size>
         <input_file_ref idref="fl-e2"/>
      </object_component>
      <object_component id="oc-304">
         <name>.text:SSIDataPut</name>
         <load_address>0x43ac</load_address>
         <run_address>0x43ac</run_address>
         <size>0xa</size>
         <input_file_ref idref="fl-e5"/>
      </object_component>
      <object_component id="oc-2fe">
         <name>.text:SSIEnable</name>
         <load_address>0x43b6</load_address>
         <run_address>0x43b6</run_address>
         <size>0xa</size>
         <input_file_ref idref="fl-e5"/>
      </object_component>
      <object_component id="oc-125">
         <name>.text:UARTCharPut</name>
         <load_address>0x43c0</load_address>
         <run_address>0x43c0</run_address>
         <size>0xa</size>
         <input_file_ref idref="fl-e7"/>
      </object_component>
      <object_component id="oc-bf">
         <name>.text:UARTIntStatus</name>
         <load_address>0x43ca</load_address>
         <run_address>0x43ca</run_address>
         <size>0xa</size>
         <input_file_ref idref="fl-e7"/>
      </object_component>
      <object_component id="oc-33a">
         <name>.text:_outc</name>
         <load_address>0x43d4</load_address>
         <run_address>0x43d4</run_address>
         <size>0xa</size>
         <input_file_ref idref="fl-ce"/>
      </object_component>
      <object_component id="oc-310">
         <name>.text:SSIBusy</name>
         <load_address>0x43de</load_address>
         <run_address>0x43de</run_address>
         <size>0x8</size>
         <input_file_ref idref="fl-e5"/>
      </object_component>
      <object_component id="oc-11f">
         <name>.text:UARTBusy</name>
         <load_address>0x43e6</load_address>
         <run_address>0x43e6</run_address>
         <size>0x8</size>
         <input_file_ref idref="fl-e7"/>
      </object_component>
      <object_component id="oc-10d">
         <name>.text:UARTIntEnable</name>
         <load_address>0x43ee</load_address>
         <run_address>0x43ee</run_address>
         <size>0x8</size>
         <input_file_ref idref="fl-e7"/>
      </object_component>
      <object_component id="oc-3ba">
         <name>.text:__aeabi_errno_addr</name>
         <load_address>0x43f8</load_address>
         <run_address>0x43f8</run_address>
         <size>0x8</size>
         <input_file_ref idref="fl-df"/>
      </object_component>
      <object_component id="oc-157">
         <name>.text:GPIOIntClear</name>
         <load_address>0x4400</load_address>
         <run_address>0x4400</run_address>
         <size>0x6</size>
         <input_file_ref idref="fl-e3"/>
      </object_component>
      <object_component id="oc-15e">
         <name>.text:GPIOPinRead</name>
         <load_address>0x4406</load_address>
         <run_address>0x4406</run_address>
         <size>0x6</size>
         <input_file_ref idref="fl-e3"/>
      </object_component>
      <object_component id="oc-1ad">
         <name>.text:GPIOPinWrite</name>
         <load_address>0x440c</load_address>
         <run_address>0x440c</run_address>
         <size>0x6</size>
         <input_file_ref idref="fl-e3"/>
      </object_component>
      <object_component id="oc-15d">
         <name>.text:SysCtlDelay</name>
         <load_address>0x4412</load_address>
         <run_address>0x4412</run_address>
         <size>0x6</size>
         <input_file_ref idref="fl-e6"/>
      </object_component>
      <object_component id="oc-c5">
         <name>.text:UARTIntClear</name>
         <load_address>0x4418</load_address>
         <run_address>0x4418</run_address>
         <size>0x4</size>
         <input_file_ref idref="fl-e7"/>
      </object_component>
      <object_component id="oc-92">
         <name>.text:_system_pre_init</name>
         <load_address>0x441c</load_address>
         <run_address>0x441c</run_address>
         <size>0x4</size>
         <input_file_ref idref="fl-d1"/>
      </object_component>
      <object_component id="oc-1da">
         <name>.text:abort:abort</name>
         <load_address>0x4420</load_address>
         <run_address>0x4420</run_address>
         <size>0x4</size>
         <input_file_ref idref="fl-ca"/>
      </object_component>
      <object_component id="oc-3e3">
         <name>.const:.string:_ctypes_</name>
         <load_address>0x4424</load_address>
         <run_address>0x4424</run_address>
         <size>0x101</size>
         <input_file_ref idref="fl-d5"/>
      </object_component>
      <object_component id="oc-2f4">
         <name>.const:g_ppui32GPIOIntMapSnowflake</name>
         <load_address>0x4528</load_address>
         <run_address>0x4528</run_address>
         <size>0xd8</size>
         <input_file_ref idref="fl-e3"/>
      </object_component>
      <object_component id="oc-2f1">
         <name>.const:g_ppui32GPIOIntMapBlizzard</name>
         <load_address>0x4600</load_address>
         <run_address>0x4600</run_address>
         <size>0xc0</size>
         <input_file_ref idref="fl-e3"/>
      </object_component>
      <object_component id="oc-229">
         <name>.const:g_pui32GPIOBaseAddrs</name>
         <load_address>0x46c0</load_address>
         <run_address>0x46c0</run_address>
         <size>0x90</size>
         <input_file_ref idref="fl-e3"/>
      </object_component>
      <object_component id="oc-240">
         <name>.const</name>
         <load_address>0x4750</load_address>
         <run_address>0x4750</run_address>
         <size>0x70</size>
         <input_file_ref idref="fl-e4"/>
      </object_component>
      <object_component id="oc-22f">
         <name>.const:g_pui32Xtals</name>
         <load_address>0x47c0</load_address>
         <run_address>0x47c0</run_address>
         <size>0x6c</size>
         <input_file_ref idref="fl-e6"/>
      </object_component>
      <object_component id="oc-2e4">
         <name>.const:g_ppui32UARTIntMap</name>
         <load_address>0x482c</load_address>
         <run_address>0x482c</run_address>
         <size>0x40</size>
         <input_file_ref idref="fl-e7"/>
      </object_component>
      <object_component id="oc-2e7">
         <name>.const:g_ppui32UARTIntMapSnowflake</name>
         <load_address>0x486c</load_address>
         <run_address>0x486c</run_address>
         <size>0x40</size>
         <input_file_ref idref="fl-e7"/>
      </object_component>
      <object_component id="oc-4bc">
         <name>.cinit..data.load</name>
         <load_address>0x48b0</load_address>
         <run_address>0x48b0</run_address>
         <size>0x390</size>
      </object_component>
      <object_component id="oc-4b9">
         <name>__TI_handler_table</name>
         <load_address>0x4c40</load_address>
         <run_address>0x4c40</run_address>
         <size>0xc</size>
      </object_component>
      <object_component id="oc-4bd">
         <name>.cinit..bss.load</name>
         <load_address>0x4c50</load_address>
         <run_address>0x4c50</run_address>
         <size>0x8</size>
      </object_component>
      <object_component id="oc-4bb">
         <name>.cinit..vtable.load</name>
         <load_address>0x4c58</load_address>
         <run_address>0x4c58</run_address>
         <size>0x8</size>
      </object_component>
      <object_component id="oc-4ba">
         <name>__TI_cinit_table</name>
         <load_address>0x4c60</load_address>
         <run_address>0x4c60</run_address>
         <size>0x18</size>
      </object_component>
      <object_component id="oc-2eb">
         <name>.vtable</name>
         <uninitialized>true</uninitialized>
         <run_address>0x20000000</run_address>
         <size>0x26c</size>
         <input_file_ref idref="fl-e4"/>
      </object_component>
      <object_component id="oc-324">
         <name>.data:fontSize</name>
         <load_address>0x20000870</load_address>
         <run_address>0x20000870</run_address>
         <size>0x60</size>
         <input_file_ref idref="fl-2"/>
      </object_component>
      <object_component id="oc-299">
         <name>.data</name>
         <load_address>0x200008dc</load_address>
         <run_address>0x200008dc</run_address>
         <size>0x2</size>
         <input_file_ref idref="fl-3"/>
      </object_component>
      <object_component id="oc-19e">
         <name>.data</name>
         <load_address>0x200008d0</load_address>
         <run_address>0x200008d0</run_address>
         <size>0x8</size>
         <input_file_ref idref="fl-5"/>
      </object_component>
      <object_component id="oc-319">
         <name>.data:FixedSys_Font</name>
         <load_address>0x20000270</load_address>
         <run_address>0x20000270</run_address>
         <size>0x600</size>
         <input_file_ref idref="fl-6"/>
      </object_component>
      <object_component id="oc-316">
         <name>.data</name>
         <load_address>0x200008de</load_address>
         <run_address>0x200008de</run_address>
         <size>0x1</size>
         <input_file_ref idref="fl-6"/>
      </object_component>
      <object_component id="oc-435">
         <name>.data</name>
         <load_address>0x200008d8</load_address>
         <run_address>0x200008d8</run_address>
         <size>0x4</size>
         <input_file_ref idref="fl-df"/>
      </object_component>
      <object_component id="oc-11d">
         <name>.common:Vflag</name>
         <uninitialized>true</uninitialized>
         <run_address>0x20000b59</run_address>
         <size>0x1</size>
      </object_component>
      <object_component id="oc-12c">
         <name>.common:Aflag</name>
         <uninitialized>true</uninitialized>
         <run_address>0x20000b58</run_address>
         <size>0x1</size>
      </object_component>
      <object_component id="oc-16e">
         <name>.common:Voltage_Current_SetVoltage</name>
         <uninitialized>true</uninitialized>
         <run_address>0x20000b20</run_address>
         <size>0x10</size>
      </object_component>
      <object_component id="oc-119">
         <name>.common:Analog_Voltage_pui32ADC0Value</name>
         <uninitialized>true</uninitialized>
         <run_address>0x20000ae0</run_address>
         <size>0x20</size>
      </object_component>
      <object_component id="oc-11c">
         <name>.common:Analog_Voltage_Sum</name>
         <uninitialized>true</uninitialized>
         <run_address>0x20000b4c</run_address>
         <size>0x4</size>
      </object_component>
      <object_component id="oc-1c3">
         <name>.common:Analog_Voltage</name>
         <uninitialized>true</uninitialized>
         <run_address>0x20000b48</run_address>
         <size>0x4</size>
      </object_component>
      <object_component id="oc-1d3">
         <name>.common:M_to_L_Bit_of_Analog_Voltage</name>
         <uninitialized>true</uninitialized>
         <run_address>0x20000b30</run_address>
         <size>0x8</size>
      </object_component>
      <object_component id="oc-11e">
         <name>.common:Current_pui32ADC0Value</name>
         <uninitialized>true</uninitialized>
         <run_address>0x20000b00</run_address>
         <size>0x20</size>
      </object_component>
      <object_component id="oc-12b">
         <name>.common:Current_Sum</name>
         <uninitialized>true</uninitialized>
         <run_address>0x20000b54</run_address>
         <size>0x4</size>
      </object_component>
      <object_component id="oc-1d0">
         <name>.common:Current</name>
         <uninitialized>true</uninitialized>
         <run_address>0x20000b50</run_address>
         <size>0x4</size>
      </object_component>
      <object_component id="oc-1d1">
         <name>.common:M_to_L_Bit_of_Current</name>
         <uninitialized>true</uninitialized>
         <run_address>0x20000b38</run_address>
         <size>0x8</size>
      </object_component>
      <object_component id="oc-1d2">
         <name>.common:M_to_L_Bit_of_Set_Voltage</name>
         <uninitialized>true</uninitialized>
         <run_address>0x20000b40</run_address>
         <size>0x8</size>
      </object_component>
      <object_component id="oc-21">
         <name>.stack</name>
         <uninitialized>true</uninitialized>
         <run_address>0x200008e0</run_address>
         <size>0x4</size>
         <input_file_ref idref="fl-c9"/>
      </object_component>
      <object_component id="oc-4be">
         <name>.stack</name>
         <uninitialized>true</uninitialized>
         <run_address>0x200008e0</run_address>
         <size>0x0</size>
      </object_component>
      <object_component id="oc-2c">
         <name>.debug_info</name>
         <load_address>0x0</load_address>
         <run_address>0x0</run_address>
         <size>0x2ae</size>
         <input_file_ref idref="fl-1"/>
      </object_component>
      <object_component id="oc-10">
         <name>.debug_info</name>
         <load_address>0x2ae</load_address>
         <run_address>0x2ae</run_address>
         <size>0xed</size>
         <input_file_ref idref="fl-1"/>
      </object_component>
      <object_component id="oc-25">
         <name>.debug_info</name>
         <load_address>0x39b</load_address>
         <run_address>0x39b</run_address>
         <size>0x267</size>
         <input_file_ref idref="fl-1"/>
      </object_component>
      <object_component id="oc-6d">
         <name>.debug_info</name>
         <load_address>0x602</load_address>
         <run_address>0x602</run_address>
         <size>0x26b</size>
         <input_file_ref idref="fl-1"/>
      </object_component>
      <object_component id="oc-33">
         <name>.debug_info</name>
         <load_address>0x86d</load_address>
         <run_address>0x86d</run_address>
         <size>0x84</size>
         <input_file_ref idref="fl-1"/>
      </object_component>
      <object_component id="oc-aa">
         <name>.debug_info</name>
         <load_address>0x8f1</load_address>
         <run_address>0x8f1</run_address>
         <size>0x297</size>
         <input_file_ref idref="fl-1"/>
      </object_component>
      <object_component id="oc-72">
         <name>.debug_info</name>
         <load_address>0xb88</load_address>
         <run_address>0xb88</run_address>
         <size>0xbb</size>
         <input_file_ref idref="fl-1"/>
      </object_component>
      <object_component id="oc-32d">
         <name>.debug_info</name>
         <load_address>0xc43</load_address>
         <run_address>0xc43</run_address>
         <size>0x424</size>
         <input_file_ref idref="fl-2"/>
      </object_component>
      <object_component id="oc-325">
         <name>.debug_info</name>
         <load_address>0x1067</load_address>
         <run_address>0x1067</run_address>
         <size>0xe2</size>
         <input_file_ref idref="fl-2"/>
      </object_component>
      <object_component id="oc-288">
         <name>.debug_info</name>
         <load_address>0x1149</load_address>
         <run_address>0x1149</run_address>
         <size>0x5ef</size>
         <input_file_ref idref="fl-2"/>
      </object_component>
      <object_component id="oc-328">
         <name>.debug_info</name>
         <load_address>0x1738</load_address>
         <run_address>0x1738</run_address>
         <size>0xd9</size>
         <input_file_ref idref="fl-2"/>
      </object_component>
      <object_component id="oc-1d5">
         <name>.debug_info</name>
         <load_address>0x1811</load_address>
         <run_address>0x1811</run_address>
         <size>0x8b</size>
         <input_file_ref idref="fl-2"/>
      </object_component>
      <object_component id="oc-29d">
         <name>.debug_info</name>
         <load_address>0x189c</load_address>
         <run_address>0x189c</run_address>
         <size>0x5b7</size>
         <input_file_ref idref="fl-3"/>
      </object_component>
      <object_component id="oc-29a">
         <name>.debug_info</name>
         <load_address>0x1e53</load_address>
         <run_address>0x1e53</run_address>
         <size>0xea</size>
         <input_file_ref idref="fl-3"/>
      </object_component>
      <object_component id="oc-1b4">
         <name>.debug_info</name>
         <load_address>0x1f3d</load_address>
         <run_address>0x1f3d</run_address>
         <size>0x605</size>
         <input_file_ref idref="fl-3"/>
      </object_component>
      <object_component id="oc-348">
         <name>.debug_info</name>
         <load_address>0x2542</load_address>
         <run_address>0x2542</run_address>
         <size>0xcc</size>
         <input_file_ref idref="fl-3"/>
      </object_component>
      <object_component id="oc-29e">
         <name>.debug_info</name>
         <load_address>0x260e</load_address>
         <run_address>0x260e</run_address>
         <size>0x2c</size>
         <input_file_ref idref="fl-3"/>
      </object_component>
      <object_component id="oc-1c5">
         <name>.debug_info</name>
         <load_address>0x263a</load_address>
         <run_address>0x263a</run_address>
         <size>0x233</size>
         <input_file_ref idref="fl-4"/>
      </object_component>
      <object_component id="oc-11a">
         <name>.debug_info</name>
         <load_address>0x286d</load_address>
         <run_address>0x286d</run_address>
         <size>0xda9</size>
         <input_file_ref idref="fl-5"/>
      </object_component>
      <object_component id="oc-19f">
         <name>.debug_info</name>
         <load_address>0x3616</load_address>
         <run_address>0x3616</run_address>
         <size>0xe1</size>
         <input_file_ref idref="fl-5"/>
      </object_component>
      <object_component id="oc-99">
         <name>.debug_info</name>
         <load_address>0x36f7</load_address>
         <run_address>0x36f7</run_address>
         <size>0x2085</size>
         <input_file_ref idref="fl-5"/>
      </object_component>
      <object_component id="oc-31d">
         <name>.debug_info</name>
         <load_address>0x577c</load_address>
         <run_address>0x577c</run_address>
         <size>0x4cd</size>
         <input_file_ref idref="fl-6"/>
      </object_component>
      <object_component id="oc-31a">
         <name>.debug_info</name>
         <load_address>0x5c49</load_address>
         <run_address>0x5c49</run_address>
         <size>0xe8</size>
         <input_file_ref idref="fl-6"/>
      </object_component>
      <object_component id="oc-317">
         <name>.debug_info</name>
         <load_address>0x5d31</load_address>
         <run_address>0x5d31</run_address>
         <size>0xeb</size>
         <input_file_ref idref="fl-6"/>
      </object_component>
      <object_component id="oc-282">
         <name>.debug_info</name>
         <load_address>0x5e1c</load_address>
         <run_address>0x5e1c</run_address>
         <size>0x1727</size>
         <input_file_ref idref="fl-6"/>
      </object_component>
      <object_component id="oc-165">
         <name>.debug_info</name>
         <load_address>0x7543</load_address>
         <run_address>0x7543</run_address>
         <size>0x14f</size>
         <input_file_ref idref="fl-c1"/>
      </object_component>
      <object_component id="oc-16a">
         <name>.debug_info</name>
         <load_address>0x7692</load_address>
         <run_address>0x7692</run_address>
         <size>0x12b</size>
         <input_file_ref idref="fl-c2"/>
      </object_component>
      <object_component id="oc-170">
         <name>.debug_info</name>
         <load_address>0x77bd</load_address>
         <run_address>0x77bd</run_address>
         <size>0x12d</size>
         <input_file_ref idref="fl-c2"/>
      </object_component>
      <object_component id="oc-1bf">
         <name>.debug_info</name>
         <load_address>0x78ea</load_address>
         <run_address>0x78ea</run_address>
         <size>0x13d</size>
         <input_file_ref idref="fl-c3"/>
      </object_component>
      <object_component id="oc-1ba">
         <name>.debug_info</name>
         <load_address>0x7a27</load_address>
         <run_address>0x7a27</run_address>
         <size>0x131</size>
         <input_file_ref idref="fl-c4"/>
      </object_component>
      <object_component id="oc-8d">
         <name>.debug_info</name>
         <load_address>0x7b58</load_address>
         <run_address>0x7b58</run_address>
         <size>0x14a</size>
         <input_file_ref idref="fl-c5"/>
      </object_component>
      <object_component id="oc-8b">
         <name>.debug_info</name>
         <load_address>0x7ca2</load_address>
         <run_address>0x7ca2</run_address>
         <size>0x31e</size>
         <input_file_ref idref="fl-c6"/>
      </object_component>
      <object_component id="oc-45">
         <name>.debug_info</name>
         <load_address>0x7fc0</load_address>
         <run_address>0x7fc0</run_address>
         <size>0x1bf</size>
         <input_file_ref idref="fl-c6"/>
      </object_component>
      <object_component id="oc-86">
         <name>.debug_info</name>
         <load_address>0x817f</load_address>
         <run_address>0x817f</run_address>
         <size>0x46</size>
         <input_file_ref idref="fl-c6"/>
      </object_component>
      <object_component id="oc-b6">
         <name>.debug_info</name>
         <load_address>0x81c5</load_address>
         <run_address>0x81c5</run_address>
         <size>0x2c</size>
         <input_file_ref idref="fl-c6"/>
      </object_component>
      <object_component id="oc-43">
         <name>.debug_info</name>
         <load_address>0x81f1</load_address>
         <run_address>0x81f1</run_address>
         <size>0x2a8</size>
         <input_file_ref idref="fl-c7"/>
      </object_component>
      <object_component id="oc-19">
         <name>.debug_info</name>
         <load_address>0x8499</load_address>
         <run_address>0x8499</run_address>
         <size>0x1ea</size>
         <input_file_ref idref="fl-c7"/>
      </object_component>
      <object_component id="oc-3e">
         <name>.debug_info</name>
         <load_address>0x8683</load_address>
         <run_address>0x8683</run_address>
         <size>0x46</size>
         <input_file_ref idref="fl-c7"/>
      </object_component>
      <object_component id="oc-7e">
         <name>.debug_info</name>
         <load_address>0x86c9</load_address>
         <run_address>0x86c9</run_address>
         <size>0x2c</size>
         <input_file_ref idref="fl-c7"/>
      </object_component>
      <object_component id="oc-7c">
         <name>.debug_info</name>
         <load_address>0x86f5</load_address>
         <run_address>0x86f5</run_address>
         <size>0x29e</size>
         <input_file_ref idref="fl-c8"/>
      </object_component>
      <object_component id="oc-13">
         <name>.debug_info</name>
         <load_address>0x8993</load_address>
         <run_address>0x8993</run_address>
         <size>0x250</size>
         <input_file_ref idref="fl-c8"/>
      </object_component>
      <object_component id="oc-2e">
         <name>.debug_info</name>
         <load_address>0x8be3</load_address>
         <run_address>0x8be3</run_address>
         <size>0x60</size>
         <input_file_ref idref="fl-c8"/>
      </object_component>
      <object_component id="oc-af">
         <name>.debug_info</name>
         <load_address>0x8c43</load_address>
         <run_address>0x8c43</run_address>
         <size>0x46</size>
         <input_file_ref idref="fl-c8"/>
      </object_component>
      <object_component id="oc-77">
         <name>.debug_info</name>
         <load_address>0x8c89</load_address>
         <run_address>0x8c89</run_address>
         <size>0x39</size>
         <input_file_ref idref="fl-c8"/>
      </object_component>
      <object_component id="oc-22">
         <name>.debug_info</name>
         <load_address>0x8cc2</load_address>
         <run_address>0x8cc2</run_address>
         <size>0x10b</size>
         <input_file_ref idref="fl-c9"/>
      </object_component>
      <object_component id="oc-57">
         <name>.debug_info</name>
         <load_address>0x8dcd</load_address>
         <run_address>0x8dcd</run_address>
         <size>0x1af</size>
         <input_file_ref idref="fl-c9"/>
      </object_component>
      <object_component id="oc-1db">
         <name>.debug_info</name>
         <load_address>0x8f7c</load_address>
         <run_address>0x8f7c</run_address>
         <size>0x122</size>
         <input_file_ref idref="fl-ca"/>
      </object_component>
      <object_component id="oc-343">
         <name>.debug_info</name>
         <load_address>0x909e</load_address>
         <run_address>0x909e</run_address>
         <size>0x28f</size>
         <input_file_ref idref="fl-cd"/>
      </object_component>
      <object_component id="oc-294">
         <name>.debug_info</name>
         <load_address>0x932d</load_address>
         <run_address>0x932d</run_address>
         <size>0x24b</size>
         <input_file_ref idref="fl-cd"/>
      </object_component>
      <object_component id="oc-341">
         <name>.debug_info</name>
         <load_address>0x9578</load_address>
         <run_address>0x9578</run_address>
         <size>0x339</size>
         <input_file_ref idref="fl-ce"/>
      </object_component>
      <object_component id="oc-28e">
         <name>.debug_info</name>
         <load_address>0x98b1</load_address>
         <run_address>0x98b1</run_address>
         <size>0x1fa</size>
         <input_file_ref idref="fl-ce"/>
      </object_component>
      <object_component id="oc-335">
         <name>.debug_info</name>
         <load_address>0x9aab</load_address>
         <run_address>0x9aab</run_address>
         <size>0x190</size>
         <input_file_ref idref="fl-ce"/>
      </object_component>
      <object_component id="oc-33b">
         <name>.debug_info</name>
         <load_address>0x9c3b</load_address>
         <run_address>0x9c3b</run_address>
         <size>0x170</size>
         <input_file_ref idref="fl-ce"/>
      </object_component>
      <object_component id="oc-43c">
         <name>.debug_info</name>
         <load_address>0x9dab</load_address>
         <run_address>0x9dab</run_address>
         <size>0x2c</size>
         <input_file_ref idref="fl-ce"/>
      </object_component>
      <object_component id="oc-39">
         <name>.debug_info</name>
         <load_address>0x9dd7</load_address>
         <run_address>0x9dd7</run_address>
         <size>0x11c</size>
         <input_file_ref idref="fl-cf"/>
      </object_component>
      <object_component id="oc-2b8">
         <name>.debug_info</name>
         <load_address>0x9ef3</load_address>
         <run_address>0x9ef3</run_address>
         <size>0x552</size>
         <input_file_ref idref="fl-d0"/>
      </object_component>
      <object_component id="oc-1e7">
         <name>.debug_info</name>
         <load_address>0xa445</load_address>
         <run_address>0xa445</run_address>
         <size>0x1a6</size>
         <input_file_ref idref="fl-d0"/>
      </object_component>
      <object_component id="oc-35e">
         <name>.debug_info</name>
         <load_address>0xa5eb</load_address>
         <run_address>0xa5eb</run_address>
         <size>0x39</size>
         <input_file_ref idref="fl-d0"/>
      </object_component>
      <object_component id="oc-3d5">
         <name>.debug_info</name>
         <load_address>0xa624</load_address>
         <run_address>0xa624</run_address>
         <size>0x39</size>
         <input_file_ref idref="fl-d0"/>
      </object_component>
      <object_component id="oc-363">
         <name>.debug_info</name>
         <load_address>0xa65d</load_address>
         <run_address>0xa65d</run_address>
         <size>0x39</size>
         <input_file_ref idref="fl-d0"/>
      </object_component>
      <object_component id="oc-368">
         <name>.debug_info</name>
         <load_address>0xa696</load_address>
         <run_address>0xa696</run_address>
         <size>0xcd</size>
         <input_file_ref idref="fl-d0"/>
      </object_component>
      <object_component id="oc-93">
         <name>.debug_info</name>
         <load_address>0xa763</load_address>
         <run_address>0xa763</run_address>
         <size>0x153</size>
         <input_file_ref idref="fl-d1"/>
      </object_component>
      <object_component id="oc-3c1">
         <name>.debug_info</name>
         <load_address>0xa8b6</load_address>
         <run_address>0xa8b6</run_address>
         <size>0x8b1</size>
         <input_file_ref idref="fl-d3"/>
      </object_component>
      <object_component id="oc-391">
         <name>.debug_info</name>
         <load_address>0xb167</load_address>
         <run_address>0xb167</run_address>
         <size>0x21e</size>
         <input_file_ref idref="fl-d3"/>
      </object_component>
      <object_component id="oc-3ff">
         <name>.debug_info</name>
         <load_address>0xb385</load_address>
         <run_address>0xb385</run_address>
         <size>0x1b3</size>
         <input_file_ref idref="fl-d3"/>
      </object_component>
      <object_component id="oc-405">
         <name>.debug_info</name>
         <load_address>0xb538</load_address>
         <run_address>0xb538</run_address>
         <size>0x21b</size>
         <input_file_ref idref="fl-d3"/>
      </object_component>
      <object_component id="oc-397">
         <name>.debug_info</name>
         <load_address>0xb753</load_address>
         <run_address>0xb753</run_address>
         <size>0x3bb</size>
         <input_file_ref idref="fl-d3"/>
      </object_component>
      <object_component id="oc-40c">
         <name>.debug_info</name>
         <load_address>0xbb0e</load_address>
         <run_address>0xbb0e</run_address>
         <size>0x305</size>
         <input_file_ref idref="fl-d3"/>
      </object_component>
      <object_component id="oc-412">
         <name>.debug_info</name>
         <load_address>0xbe13</load_address>
         <run_address>0xbe13</run_address>
         <size>0x215</size>
         <input_file_ref idref="fl-d3"/>
      </object_component>
      <object_component id="oc-39d">
         <name>.debug_info</name>
         <load_address>0xc028</load_address>
         <run_address>0xc028</run_address>
         <size>0x215</size>
         <input_file_ref idref="fl-d3"/>
      </object_component>
      <object_component id="oc-3a3">
         <name>.debug_info</name>
         <load_address>0xc23d</load_address>
         <run_address>0xc23d</run_address>
         <size>0x304</size>
         <input_file_ref idref="fl-d3"/>
      </object_component>
      <object_component id="oc-3a9">
         <name>.debug_info</name>
         <load_address>0xc541</load_address>
         <run_address>0xc541</run_address>
         <size>0x4b0</size>
         <input_file_ref idref="fl-d3"/>
      </object_component>
      <object_component id="oc-32f">
         <name>.debug_info</name>
         <load_address>0xc9f1</load_address>
         <run_address>0xc9f1</run_address>
         <size>0x5d8</size>
         <input_file_ref idref="fl-d3"/>
      </object_component>
      <object_component id="oc-3c2">
         <name>.debug_info</name>
         <load_address>0xcfc9</load_address>
         <run_address>0xcfc9</run_address>
         <size>0x86</size>
         <input_file_ref idref="fl-d3"/>
      </object_component>
      <object_component id="oc-441">
         <name>.debug_info</name>
         <load_address>0xd04f</load_address>
         <run_address>0xd04f</run_address>
         <size>0x39</size>
         <input_file_ref idref="fl-d3"/>
      </object_component>
      <object_component id="oc-47c">
         <name>.debug_info</name>
         <load_address>0xd088</load_address>
         <run_address>0xd088</run_address>
         <size>0xb6</size>
         <input_file_ref idref="fl-d3"/>
      </object_component>
      <object_component id="oc-446">
         <name>.debug_info</name>
         <load_address>0xd13e</load_address>
         <run_address>0xd13e</run_address>
         <size>0x46</size>
         <input_file_ref idref="fl-d3"/>
      </object_component>
      <object_component id="oc-3c7">
         <name>.debug_info</name>
         <load_address>0xd184</load_address>
         <run_address>0xd184</run_address>
         <size>0x46</size>
         <input_file_ref idref="fl-d3"/>
      </object_component>
      <object_component id="oc-3e7">
         <name>.debug_info</name>
         <load_address>0xd1ca</load_address>
         <run_address>0xd1ca</run_address>
         <size>0x2b9</size>
         <input_file_ref idref="fl-d4"/>
      </object_component>
      <object_component id="oc-38b">
         <name>.debug_info</name>
         <load_address>0xd483</load_address>
         <run_address>0xd483</run_address>
         <size>0x17c</size>
         <input_file_ref idref="fl-d4"/>
      </object_component>
      <object_component id="oc-44d">
         <name>.debug_info</name>
         <load_address>0xd5ff</load_address>
         <run_address>0xd5ff</run_address>
         <size>0xf9</size>
         <input_file_ref idref="fl-d5"/>
      </object_component>
      <object_component id="oc-3e4">
         <name>.debug_info</name>
         <load_address>0xd6f8</load_address>
         <run_address>0xd6f8</run_address>
         <size>0x105</size>
         <input_file_ref idref="fl-d5"/>
      </object_component>
      <object_component id="oc-458">
         <name>.debug_info</name>
         <load_address>0xd7fd</load_address>
         <run_address>0xd7fd</run_address>
         <size>0x29b</size>
         <input_file_ref idref="fl-d6"/>
      </object_component>
      <object_component id="oc-3f4">
         <name>.debug_info</name>
         <load_address>0xda98</load_address>
         <run_address>0xda98</run_address>
         <size>0x1cd</size>
         <input_file_ref idref="fl-d6"/>
      </object_component>
      <object_component id="oc-42d">
         <name>.debug_info</name>
         <load_address>0xdc65</load_address>
         <run_address>0xdc65</run_address>
         <size>0x296</size>
         <input_file_ref idref="fl-d7"/>
      </object_component>
      <object_component id="oc-3af">
         <name>.debug_info</name>
         <load_address>0xdefb</load_address>
         <run_address>0xdefb</run_address>
         <size>0x1b6</size>
         <input_file_ref idref="fl-d7"/>
      </object_component>
      <object_component id="oc-46e">
         <name>.debug_info</name>
         <load_address>0xe0b1</load_address>
         <run_address>0xe0b1</run_address>
         <size>0x29a</size>
         <input_file_ref idref="fl-d8"/>
      </object_component>
      <object_component id="oc-426">
         <name>.debug_info</name>
         <load_address>0xe34b</load_address>
         <run_address>0xe34b</run_address>
         <size>0x268</size>
         <input_file_ref idref="fl-d8"/>
      </object_component>
      <object_component id="oc-434">
         <name>.debug_info</name>
         <load_address>0xe5b3</load_address>
         <run_address>0xe5b3</run_address>
         <size>0x28f</size>
         <input_file_ref idref="fl-d9"/>
      </object_component>
      <object_component id="oc-3b5">
         <name>.debug_info</name>
         <load_address>0xe842</load_address>
         <run_address>0xe842</run_address>
         <size>0x15a</size>
         <input_file_ref idref="fl-d9"/>
      </object_component>
      <object_component id="oc-471">
         <name>.debug_info</name>
         <load_address>0xe99c</load_address>
         <run_address>0xe99c</run_address>
         <size>0x46</size>
         <input_file_ref idref="fl-d9"/>
      </object_component>
      <object_component id="oc-42f">
         <name>.debug_info</name>
         <load_address>0xe9e2</load_address>
         <run_address>0xe9e2</run_address>
         <size>0x39</size>
         <input_file_ref idref="fl-d9"/>
      </object_component>
      <object_component id="oc-45f">
         <name>.debug_info</name>
         <load_address>0xea1b</load_address>
         <run_address>0xea1b</run_address>
         <size>0x29a</size>
         <input_file_ref idref="fl-da"/>
      </object_component>
      <object_component id="oc-41a">
         <name>.debug_info</name>
         <load_address>0xecb5</load_address>
         <run_address>0xecb5</run_address>
         <size>0x195</size>
         <input_file_ref idref="fl-da"/>
      </object_component>
      <object_component id="oc-488">
         <name>.debug_info</name>
         <load_address>0xee4a</load_address>
         <run_address>0xee4a</run_address>
         <size>0x39</size>
         <input_file_ref idref="fl-da"/>
      </object_component>
      <object_component id="oc-460">
         <name>.debug_info</name>
         <load_address>0xee83</load_address>
         <run_address>0xee83</run_address>
         <size>0x2c</size>
         <input_file_ref idref="fl-da"/>
      </object_component>
      <object_component id="oc-46c">
         <name>.debug_info</name>
         <load_address>0xeeaf</load_address>
         <run_address>0xeeaf</run_address>
         <size>0x2fd</size>
         <input_file_ref idref="fl-db"/>
      </object_component>
      <object_component id="oc-422">
         <name>.debug_info</name>
         <load_address>0xf1ac</load_address>
         <run_address>0xf1ac</run_address>
         <size>0x225</size>
         <input_file_ref idref="fl-db"/>
      </object_component>
      <object_component id="oc-3f1">
         <name>.debug_info</name>
         <load_address>0xf3d1</load_address>
         <run_address>0xf3d1</run_address>
         <size>0x13d</size>
         <input_file_ref idref="fl-dc"/>
      </object_component>
      <object_component id="oc-3fb">
         <name>.debug_info</name>
         <load_address>0xf50e</load_address>
         <run_address>0xf50e</run_address>
         <size>0x12f</size>
         <input_file_ref idref="fl-dd"/>
      </object_component>
      <object_component id="oc-3e9">
         <name>.debug_info</name>
         <load_address>0xf63d</load_address>
         <run_address>0xf63d</run_address>
         <size>0x137</size>
         <input_file_ref idref="fl-de"/>
      </object_component>
      <object_component id="oc-439">
         <name>.debug_info</name>
         <load_address>0xf774</load_address>
         <run_address>0xf774</run_address>
         <size>0x289</size>
         <input_file_ref idref="fl-df"/>
      </object_component>
      <object_component id="oc-436">
         <name>.debug_info</name>
         <load_address>0xf9fd</load_address>
         <run_address>0xf9fd</run_address>
         <size>0x10e</size>
         <input_file_ref idref="fl-df"/>
      </object_component>
      <object_component id="oc-3bb">
         <name>.debug_info</name>
         <load_address>0xfb0b</load_address>
         <run_address>0xfb0b</run_address>
         <size>0x14e</size>
         <input_file_ref idref="fl-df"/>
      </object_component>
      <object_component id="oc-466">
         <name>.debug_info</name>
         <load_address>0xfc59</load_address>
         <run_address>0xfc59</run_address>
         <size>0x161</size>
         <input_file_ref idref="fl-e0"/>
      </object_component>
      <object_component id="oc-451">
         <name>.debug_info</name>
         <load_address>0xfdba</load_address>
         <run_address>0xfdba</run_address>
         <size>0x118</size>
         <input_file_ref idref="fl-e1"/>
      </object_component>
      <object_component id="oc-224">
         <name>.debug_info</name>
         <load_address>0xfed2</load_address>
         <run_address>0xfed2</run_address>
         <size>0x24d</size>
         <input_file_ref idref="fl-e2"/>
      </object_component>
      <object_component id="oc-13a">
         <name>.debug_info</name>
         <load_address>0x1011f</load_address>
         <run_address>0x1011f</run_address>
         <size>0x333</size>
         <input_file_ref idref="fl-e2"/>
      </object_component>
      <object_component id="oc-140">
         <name>.debug_info</name>
         <load_address>0x10452</load_address>
         <run_address>0x10452</run_address>
         <size>0x2a0</size>
         <input_file_ref idref="fl-e2"/>
      </object_component>
      <object_component id="oc-e4">
         <name>.debug_info</name>
         <load_address>0x106f2</load_address>
         <run_address>0x106f2</run_address>
         <size>0x2ff</size>
         <input_file_ref idref="fl-e2"/>
      </object_component>
      <object_component id="oc-134">
         <name>.debug_info</name>
         <load_address>0x109f1</load_address>
         <run_address>0x109f1</run_address>
         <size>0x326</size>
         <input_file_ref idref="fl-e2"/>
      </object_component>
      <object_component id="oc-1cb">
         <name>.debug_info</name>
         <load_address>0x10d17</load_address>
         <run_address>0x10d17</run_address>
         <size>0x2a4</size>
         <input_file_ref idref="fl-e2"/>
      </object_component>
      <object_component id="oc-25c">
         <name>.debug_info</name>
         <load_address>0x10fbb</load_address>
         <run_address>0x10fbb</run_address>
         <size>0x2bf</size>
         <input_file_ref idref="fl-e2"/>
      </object_component>
      <object_component id="oc-146">
         <name>.debug_info</name>
         <load_address>0x1127a</load_address>
         <run_address>0x1127a</run_address>
         <size>0x2df</size>
         <input_file_ref idref="fl-e2"/>
      </object_component>
      <object_component id="oc-14e">
         <name>.debug_info</name>
         <load_address>0x11559</load_address>
         <run_address>0x11559</run_address>
         <size>0x296</size>
         <input_file_ref idref="fl-e2"/>
      </object_component>
      <object_component id="oc-e0">
         <name>.debug_info</name>
         <load_address>0x117ef</load_address>
         <run_address>0x117ef</run_address>
         <size>0x294</size>
         <input_file_ref idref="fl-e2"/>
      </object_component>
      <object_component id="oc-219">
         <name>.debug_info</name>
         <load_address>0x11a83</load_address>
         <run_address>0x11a83</run_address>
         <size>0x18b</size>
         <input_file_ref idref="fl-e2"/>
      </object_component>
      <object_component id="oc-22d">
         <name>.debug_info</name>
         <load_address>0x11c0e</load_address>
         <run_address>0x11c0e</run_address>
         <size>0x240</size>
         <input_file_ref idref="fl-e3"/>
      </object_component>
      <object_component id="oc-2f2">
         <name>.debug_info</name>
         <load_address>0x11e4e</load_address>
         <run_address>0x11e4e</run_address>
         <size>0x167</size>
         <input_file_ref idref="fl-e3"/>
      </object_component>
      <object_component id="oc-2f5">
         <name>.debug_info</name>
         <load_address>0x11fb5</load_address>
         <run_address>0x11fb5</run_address>
         <size>0x169</size>
         <input_file_ref idref="fl-e3"/>
      </object_component>
      <object_component id="oc-22a">
         <name>.debug_info</name>
         <load_address>0x1211e</load_address>
         <run_address>0x1211e</run_address>
         <size>0x15b</size>
         <input_file_ref idref="fl-e3"/>
      </object_component>
      <object_component id="oc-1af">
         <name>.debug_info</name>
         <load_address>0x12279</load_address>
         <run_address>0x12279</run_address>
         <size>0x2a3</size>
         <input_file_ref idref="fl-e3"/>
      </object_component>
      <object_component id="oc-17c">
         <name>.debug_info</name>
         <load_address>0x1251c</load_address>
         <run_address>0x1251c</run_address>
         <size>0x2b3</size>
         <input_file_ref idref="fl-e3"/>
      </object_component>
      <object_component id="oc-182">
         <name>.debug_info</name>
         <load_address>0x127cf</load_address>
         <run_address>0x127cf</run_address>
         <size>0x316</size>
         <input_file_ref idref="fl-e3"/>
      </object_component>
      <object_component id="oc-f6">
         <name>.debug_info</name>
         <load_address>0x12ae5</load_address>
         <run_address>0x12ae5</run_address>
         <size>0x27b</size>
         <input_file_ref idref="fl-e3"/>
      </object_component>
      <object_component id="oc-2a6">
         <name>.debug_info</name>
         <load_address>0x12d60</load_address>
         <run_address>0x12d60</run_address>
         <size>0x279</size>
         <input_file_ref idref="fl-e3"/>
      </object_component>
      <object_component id="oc-1a2">
         <name>.debug_info</name>
         <load_address>0x12fd9</load_address>
         <run_address>0x12fd9</run_address>
         <size>0x2b7</size>
         <input_file_ref idref="fl-e3"/>
      </object_component>
      <object_component id="oc-1a8">
         <name>.debug_info</name>
         <load_address>0x13290</load_address>
         <run_address>0x13290</run_address>
         <size>0x285</size>
         <input_file_ref idref="fl-e3"/>
      </object_component>
      <object_component id="oc-130">
         <name>.debug_info</name>
         <load_address>0x13515</load_address>
         <run_address>0x13515</run_address>
         <size>0x279</size>
         <input_file_ref idref="fl-e3"/>
      </object_component>
      <object_component id="oc-161">
         <name>.debug_info</name>
         <load_address>0x1378e</load_address>
         <run_address>0x1378e</run_address>
         <size>0x27b</size>
         <input_file_ref idref="fl-e3"/>
      </object_component>
      <object_component id="oc-f2">
         <name>.debug_info</name>
         <load_address>0x13a09</load_address>
         <run_address>0x13a09</run_address>
         <size>0x280</size>
         <input_file_ref idref="fl-e3"/>
      </object_component>
      <object_component id="oc-277">
         <name>.debug_info</name>
         <load_address>0x13c89</load_address>
         <run_address>0x13c89</run_address>
         <size>0x298</size>
         <input_file_ref idref="fl-e3"/>
      </object_component>
      <object_component id="oc-194">
         <name>.debug_info</name>
         <load_address>0x13f21</load_address>
         <run_address>0x13f21</run_address>
         <size>0x2bb</size>
         <input_file_ref idref="fl-e3"/>
      </object_component>
      <object_component id="oc-175">
         <name>.debug_info</name>
         <load_address>0x141dc</load_address>
         <run_address>0x141dc</run_address>
         <size>0x27f</size>
         <input_file_ref idref="fl-e3"/>
      </object_component>
      <object_component id="oc-199">
         <name>.debug_info</name>
         <load_address>0x1445b</load_address>
         <run_address>0x1445b</run_address>
         <size>0x2cf</size>
         <input_file_ref idref="fl-e3"/>
      </object_component>
[...]
         <value>0x1b3b</value>
         <object_component_ref idref="oc-281"/>
      </symbol>
      <symbol id="sm-21f">
         <name>UC1701AddressSet</name>
         <value>0x1ce3</value>
         <object_component_ref idref="oc-281"/>
      </symbol>
      <symbol id="sm-220">
         <name>UC1701Display</name>
         <value>0x1d27</value>
         <object_component_ref idref="oc-281"/>
      </symbol>
      <symbol id="sm-221">
         <name>UC1701DataWrite</name>
         <value>0x1bf1</value>
         <object_component_ref idref="oc-281"/>
      </symbol>
      <symbol id="sm-222">
         <name>UC1701DoubleCmdWrite</name>
         <value>0x1c85</value>
         <object_component_ref idref="oc-281"/>
      </symbol>
      <symbol id="sm-223">
         <name>UC1701PMSet</name>
         <value>0x2081</value>
         <object_component_ref idref="oc-281"/>
      </symbol>
      <symbol id="sm-224">
         <name>UC1701DisplayOff</name>
         <value>0x2057</value>
         <object_component_ref idref="oc-281"/>
      </symbol>
      <symbol id="sm-225">
         <name>UC1701Test</name>
         <value>0x20cf</value>
         <object_component_ref idref="oc-281"/>
      </symbol>
      <symbol id="sm-226">
         <name>UC1701ScrollLineSet</name>
         <value>0x2061</value>
         <object_component_ref idref="oc-281"/>
      </symbol>
      <symbol id="sm-227">
         <name>UC1701AllPixelOnEnable</name>
         <value>0x2039</value>
         <object_component_ref idref="oc-281"/>
      </symbol>
      <symbol id="sm-228">
         <name>UC1701FontDisplay</name>
         <value>0x1f03</value>
         <object_component_ref idref="oc-281"/>
      </symbol>
      <symbol id="sm-229">
         <name>UC1701CmdWrite</name>
         <value>0x1c3b</value>
         <object_component_ref idref="oc-281"/>
      </symbol>
      <symbol id="sm-22a">
         <name>UC1701DisplayOn</name>
         <value>0x204d</value>
         <object_component_ref idref="oc-281"/>
      </symbol>
      <symbol id="sm-22b">
         <name>UC1701ChineseDispaly</name>
         <value>0x1ded</value>
         <object_component_ref idref="oc-281"/>
      </symbol>
      <symbol id="sm-22c">
         <name>UC1701InverseDisable</name>
         <value>0x2031</value>
         <object_component_ref idref="oc-281"/>
      </symbol>
      <symbol id="sm-22d">
         <name>UC1701DisplayN</name>
         <value>0x1e65</value>
         <object_component_ref idref="oc-281"/>
      </symbol>
      <symbol id="sm-22e">
         <name>UC1701BRSet</name>
         <value>0x2093</value>
         <object_component_ref idref="oc-281"/>
      </symbol>
      <symbol id="sm-22f">
         <name>UC1701ComDirSet</name>
         <value>0x20bb</value>
         <object_component_ref idref="oc-281"/>
      </symbol>
      <symbol id="sm-230">
         <name>UC1701InverseEnable</name>
         <value>0x2029</value>
         <object_component_ref idref="oc-281"/>
      </symbol>
      <symbol id="sm-231">
         <name>FixedSys_Font</name>
         <value>0x20000270</value>
         <object_component_ref idref="oc-319"/>
      </symbol>
      <symbol id="sm-232">
         <name>inverse_factor</name>
         <value>0x200008de</value>
         <object_component_ref idref="oc-316"/>
      </symbol>
      <symbol id="sm-233">
         <name>UC1701AllPixelOnDisable</name>
         <value>0x2043</value>
         <object_component_ref idref="oc-281"/>
      </symbol>
      <symbol id="sm-234">
         <name>UC1701CharDispaly</name>
         <value>0x1e01</value>
         <object_component_ref idref="oc-281"/>
      </symbol>
      <symbol id="sm-24b">
         <name>__aeabi_dsub</name>
         <value>0x2b49</value>
         <object_component_ref idref="oc-164"/>
      </symbol>
      <symbol id="sm-24c">
         <name>__aeabi_dadd</name>
         <value>0x2b53</value>
         <object_component_ref idref="oc-164"/>
      </symbol>
      <symbol id="sm-26e">
         <name>__aeabi_cdcmpeq</name>
         <value>0x37bd</value>
         <object_component_ref idref="oc-169"/>
      </symbol>
      <symbol id="sm-26f">
         <name>__aeabi_cdcmple</name>
         <value>0x37bd</value>
         <object_component_ref idref="oc-169"/>
      </symbol>
      <symbol id="sm-270">
         <name>__aeabi_cdrcmple</name>
         <value>0x3843</value>
         <object_component_ref idref="oc-16f"/>
      </symbol>
      <symbol id="sm-27b">
         <name>__aeabi_dmul</name>
         <value>0x33e9</value>
         <object_component_ref idref="oc-1be"/>
      </symbol>
      <symbol id="sm-285">
         <name>__aeabi_d2iz</name>
         <value>0x3e51</value>
         <object_component_ref idref="oc-1b9"/>
      </symbol>
      <symbol id="sm-294">
         <name>__aeabi_memset</name>
         <value>0x3945</value>
         <object_component_ref idref="oc-8c"/>
      </symbol>
      <symbol id="sm-295">
         <name>memset</name>
         <value>0x394b</value>
         <object_component_ref idref="oc-8c"/>
      </symbol>
      <symbol id="sm-296">
         <name>__aeabi_memset8</name>
         <value>0x3945</value>
         <object_component_ref idref="oc-8c"/>
      </symbol>
      <symbol id="sm-297">
         <name>__aeabi_memset4</name>
         <value>0x3945</value>
         <object_component_ref idref="oc-8c"/>
      </symbol>
      <symbol id="sm-298">
         <name>__aeabi_memclr8</name>
         <value>0x3943</value>
         <object_component_ref idref="oc-8c"/>
      </symbol>
      <symbol id="sm-299">
         <name>__aeabi_memclr4</name>
         <value>0x3943</value>
         <object_component_ref idref="oc-8c"/>
      </symbol>
      <symbol id="sm-29a">
         <name>__aeabi_memclr</name>
         <value>0x3943</value>
         <object_component_ref idref="oc-8c"/>
      </symbol>
      <symbol id="sm-2b3">
         <name>__TI_zero_init_nomemset</name>
         <value>0x42db</value>
         <object_component_ref idref="oc-44"/>
      </symbol>
      <symbol id="sm-2ca">
         <name>__TI_decompress_none</name>
         <value>0x4365</value>
         <object_component_ref idref="oc-18"/>
      </symbol>
      <symbol id="sm-2ed">
         <name>__TI_decompress_lzss</name>
         <value>0x3a95</value>
         <object_component_ref idref="oc-12"/>
      </symbol>
      <symbol id="sm-300">
         <name>__stack</name>
         <value>0x200008e0</value>
         <object_component_ref idref="oc-21"/>
      </symbol>
      <symbol id="sm-301">
         <name>_c_int00_noargs</name>
         <value>0x4025</value>
         <object_component_ref idref="oc-56"/>
      </symbol>
      <symbol id="sm-30c">
         <name>C$$EXIT</name>
         <value>0x4421</value>
         <object_component_ref idref="oc-1da"/>
      </symbol>
      <symbol id="sm-30d">
         <name>abort</name>
         <value>0x4421</value>
         <object_component_ref idref="oc-1da"/>
      </symbol>
      <symbol id="sm-31d">
         <name>strlen</name>
         <value>0x426d</value>
         <object_component_ref idref="oc-293"/>
      </symbol>
      <symbol id="sm-344">
         <name>vsprintf</name>
         <value>0x411d</value>
         <object_component_ref idref="oc-28d"/>
      </symbol>
      <symbol id="sm-35f">
         <name>memcpy</name>
         <value>0x368b</value>
         <object_component_ref idref="oc-38"/>
      </symbol>
      <symbol id="sm-360">
         <name>__aeabi_memcpy</name>
         <value>0x368b</value>
         <object_component_ref idref="oc-38"/>
      </symbol>
      <symbol id="sm-361">
         <name>__aeabi_memcpy8</name>
         <value>0x368b</value>
         <object_component_ref idref="oc-38"/>
      </symbol>
      <symbol id="sm-362">
         <name>__aeabi_memcpy4</name>
         <value>0x368b</value>
         <object_component_ref idref="oc-38"/>
      </symbol>
      <symbol id="sm-38a">
         <name>__TI_auto_init_nobinit_nopinit</name>
         <value>0x3f25</value>
         <object_component_ref idref="oc-1e6"/>
      </symbol>
      <symbol id="sm-394">
         <name>_system_pre_init</name>
         <value>0x441d</value>
         <object_component_ref idref="oc-92"/>
      </symbol>
      <symbol id="sm-4fa">
         <name>__TI_printfi</name>
         <value>0x10c1</value>
         <object_component_ref idref="oc-32e"/>
      </symbol>
      <symbol id="sm-510">
         <name>atoi</name>
         <value>0x3dbd</value>
         <object_component_ref idref="oc-38a"/>
      </symbol>
      <symbol id="sm-51b">
         <name>_ctypes_</name>
         <value>0x4424</value>
         <object_component_ref idref="oc-3e3"/>
      </symbol>
      <symbol id="sm-52a">
         <name>ltoa</name>
         <value>0x3c75</value>
         <object_component_ref idref="oc-3f3"/>
      </symbol>
      <symbol id="sm-53a">
         <name>memccpy</name>
         <value>0x4183</value>
         <object_component_ref idref="oc-3ae"/>
      </symbol>
      <symbol id="sm-54a">
         <name>strchr</name>
         <value>0x422f</value>
         <object_component_ref idref="oc-425"/>
      </symbol>
      <symbol id="sm-563">
         <name>wcslen</name>
         <value>0x42ed</value>
         <object_component_ref idref="oc-3b4"/>
      </symbol>
      <symbol id="sm-583">
         <name>frexpl</name>
         <value>0x3b65</value>
         <object_component_ref idref="oc-419"/>
      </symbol>
      <symbol id="sm-584">
         <name>frexp</name>
         <value>0x3b65</value>
         <object_component_ref idref="oc-419"/>
      </symbol>
      <symbol id="sm-5a1">
         <name>scalbn</name>
         <value>0x32d9</value>
         <object_component_ref idref="oc-41f"/>
      </symbol>
      <symbol id="sm-5a2">
         <name>scalbnl</name>
         <value>0x32d9</value>
         <object_component_ref idref="oc-41f"/>
      </symbol>
      <symbol id="sm-5a3">
         <name>ldexpl</name>
         <value>0x32d9</value>
         <object_component_ref idref="oc-41f"/>
      </symbol>
      <symbol id="sm-5a4">
         <name>ldexp</name>
         <value>0x32d9</value>
         <object_component_ref idref="oc-41f"/>
      </symbol>
      <symbol id="sm-5b8">
         <name>__aeabi_ddiv</name>
         <value>0x2e3d</value>
         <object_component_ref idref="oc-3ee"/>
      </symbol>
      <symbol id="sm-5c2">
         <name>__aeabi_i2d</name>
         <value>0x40c5</value>
         <object_component_ref idref="oc-3f9"/>
      </symbol>
      <symbol id="sm-5cf">
         <name>__aeabi_uldivmod</name>
         <value>0x3727</value>
         <object_component_ref idref="oc-3e8"/>
      </symbol>
      <symbol id="sm-5e5">
         <name>__aeabi_errno_addr</name>
         <value>0x43f9</value>
         <object_component_ref idref="oc-3ba"/>
      </symbol>
      <symbol id="sm-5e6">
         <name>errno</name>
         <value>0x200008d8</value>
         <object_component_ref idref="oc-435"/>
      </symbol>
      <symbol id="sm-5f0">
         <name>copysign</name>
         <value>0x4259</value>
         <object_component_ref idref="oc-465"/>
      </symbol>
      <symbol id="sm-5f1">
         <name>copysignl</name>
         <value>0x4259</value>
         <object_component_ref idref="oc-465"/>
      </symbol>
      <symbol id="sm-5fb">
         <name>__aeabi_idiv0</name>
         <value>0x1b1f</value>
         <object_component_ref idref="oc-450"/>
      </symbol>
      <symbol id="sm-5fc">
         <name>__aeabi_ldiv0</name>
         <value>0x1b1f</value>
         <object_component_ref idref="oc-450"/>
      </symbol>
      <symbol id="sm-660">
         <name>ADCProcessorTrigger</name>
         <value>0x41b7</value>
         <object_component_ref idref="oc-1ca"/>
      </symbol>
      <symbol id="sm-661">
         <name>ADCSequenceEnable</name>
         <value>0x431f</value>
         <object_component_ref idref="oc-13f"/>
      </symbol>
      <symbol id="sm-662">
         <name>ADCSequenceConfigure</name>
         <value>0x3d1b</value>
         <object_component_ref idref="oc-133"/>
      </symbol>
      <symbol id="sm-663">
         <name>ADCIntEnable</name>
         <value>0x42ff</value>
         <object_component_ref idref="oc-14b"/>
      </symbol>
      <symbol id="sm-664">
         <name>ADCSequenceStepConfigure</name>
         <value>0x38c9</value>
         <object_component_ref idref="oc-139"/>
      </symbol>
      <symbol id="sm-665">
         <name>ADCIntClear</name>
         <value>0x43a3</value>
         <object_component_ref idref="oc-dd"/>
      </symbol>
      <symbol id="sm-666">
         <name>ADCIntRegister</name>
         <value>0x419f</value>
         <object_component_ref idref="oc-145"/>
      </symbol>
      <symbol id="sm-667">
         <name>ADCSequenceDataGet</name>
         <value>0x4165</value>
         <object_component_ref idref="oc-e3"/>
      </symbol>
      <symbol id="sm-710">
         <name>GPIOIntRegister</name>
         <value>0x41cf</value>
         <object_component_ref idref="oc-198"/>
      </symbol>
      <symbol id="sm-711">
         <name>GPIOPinConfigure</name>
         <value>0x3e09</value>
         <object_component_ref idref="oc-ef"/>
      </symbol>
      <symbol id="sm-712">
         <name>GPIOIntEnable</name>
         <value>0x437f</value>
         <object_component_ref idref="oc-18c"/>
      </symbol>
      <symbol id="sm-713">
         <name>GPIOIntTypeSet</name>
         <value>0x3bc9</value>
         <object_component_ref idref="oc-192"/>
      </symbol>
      <symbol id="sm-714">
         <name>GPIOPinTypeADC</name>
         <value>0x4281</value>
         <object_component_ref idref="oc-12d"/>
      </symbol>
      <symbol id="sm-715">
         <name>GPIOPinTypeGPIOInput</name>
         <value>0x4293</value>
         <object_component_ref idref="oc-1a7"/>
      </symbol>
      <symbol id="sm-716">
         <name>GPIOIntClear</name>
         <value>0x4401</value>
         <object_component_ref idref="oc-157"/>
      </symbol>
      <symbol id="sm-717">
         <name>GPIOPinTypeUART</name>
         <value>0x42b7</value>
         <object_component_ref idref="oc-f5"/>
      </symbol>
      <symbol id="sm-718">
         <name>GPIOIntStatus</name>
         <value>0x432d</value>
         <object_component_ref idref="oc-174"/>
      </symbol>
      <symbol id="sm-719">
         <name>GPIOPinTypeGPIOOutput</name>
         <value>0x41e7</value>
         <object_component_ref idref="oc-1a1"/>
      </symbol>
      <symbol id="sm-71a">
         <name>GPIOPinRead</name>
         <value>0x4407</value>
         <object_component_ref idref="oc-15e"/>
      </symbol>
      <symbol id="sm-71b">
         <name>GPIODirModeSet</name>
         <value>0x40f3</value>
         <object_component_ref idref="oc-17a"/>
      </symbol>
      <symbol id="sm-71c">
         <name>GPIOPinWrite</name>
         <value>0x440d</value>
         <object_component_ref idref="oc-1ad"/>
      </symbol>
      <symbol id="sm-71d">
         <name>GPIOPadConfigSet</name>
         <value>0x2f73</value>
         <object_component_ref idref="oc-180"/>
      </symbol>
      <symbol id="sm-71e">
         <name>GPIOPinTypeSSI</name>
         <value>0x42a5</value>
         <object_component_ref idref="oc-2a5"/>
      </symbol>
      <symbol id="sm-760">
         <name>IntEnable</name>
         <value>0x3a2d</value>
         <object_component_ref idref="oc-107"/>
      </symbol>
      <symbol id="sm-761">
         <name>IntRegister</name>
         <value>0x405d</value>
         <object_component_ref idref="oc-24c"/>
      </symbol>
      <symbol id="sm-762">
         <name>g_pfnRAMVectors</name>
         <value>0x20000000</value>
         <object_component_ref idref="oc-2eb"/>
      </symbol>
      <symbol id="sm-763">
         <name>IntMasterEnable</name>
         <value>0x430f</value>
         <object_component_ref idref="oc-151"/>
      </symbol>
      <symbol id="sm-79c">
         <name>SSIDataPut</name>
         <value>0x43ad</value>
         <object_component_ref idref="oc-304"/>
      </symbol>
      <symbol id="sm-79d">
         <name>SSIDataGet</name>
         <value>0x438b</value>
         <object_component_ref idref="oc-30a"/>
      </symbol>
      <symbol id="sm-79e">
         <name>SSIDataGetNonBlocking</name>
         <value>0x42c9</value>
         <object_component_ref idref="oc-31e"/>
      </symbol>
      <symbol id="sm-79f">
         <name>SSIConfigSetExpClk</name>
         <value>0x3fe7</value>
         <object_component_ref idref="oc-2f8"/>
      </symbol>
      <symbol id="sm-7a0">
         <name>SSIEnable</name>
         <value>0x43b7</value>
         <object_component_ref idref="oc-2fe"/>
      </symbol>
      <symbol id="sm-7a1">
         <name>SSIBusy</name>
         <value>0x43df</value>
         <object_component_ref idref="oc-310"/>
      </symbol>
      <symbol id="sm-7f3">
         <name>SysCtlClockSet</name>
         <value>0x34e5</value>
         <object_component_ref idref="oc-186"/>
      </symbol>
      <symbol id="sm-7f4">
         <name>SysCtlDelay</name>
         <value>0x4413</value>
         <object_component_ref idref="oc-15d"/>
      </symbol>
      <symbol id="sm-7f5">
         <name>SysCtlPeripheralEnable</name>
         <value>0x4091</value>
         <object_component_ref idref="oc-e9"/>
      </symbol>
      <symbol id="sm-7f6">
         <name>SysCtlClockGet</name>
         <value>0x31c9</value>
         <object_component_ref idref="oc-fb"/>
      </symbol>
      <symbol id="sm-87f">
         <name>UARTCharPutNonBlocking</name>
         <value>0x4349</value>
         <object_component_ref idref="oc-d1"/>
      </symbol>
      <symbol id="sm-880">
         <name>UARTConfigSetExpClk</name>
         <value>0x3e99</value>
         <object_component_ref idref="oc-101"/>
      </symbol>
      <symbol id="sm-881">
         <name>UARTDisable</name>
         <value>0x4145</value>
         <object_component_ref idref="oc-233"/>
      </symbol>
      <symbol id="sm-882">
         <name>UARTBusy</name>
         <value>0x43e7</value>
         <object_component_ref idref="oc-11f"/>
      </symbol>
      <symbol id="sm-883">
         <name>UARTIntEnable</name>
         <value>0x43ef</value>
         <object_component_ref idref="oc-10d"/>
      </symbol>
      <symbol id="sm-884">
         <name>UARTCharsAvail</name>
         <value>0x4357</value>
         <object_component_ref idref="oc-d7"/>
      </symbol>
      <symbol id="sm-885">
         <name>UARTCharGetNonBlocking</name>
         <value>0x433b</value>
         <object_component_ref idref="oc-cb"/>
      </symbol>
      <symbol id="sm-886">
         <name>UARTCharPut</name>
         <value>0x43c1</value>
         <object_component_ref idref="oc-125"/>
      </symbol>
      <symbol id="sm-887">
         <name>UARTEnable</name>
         <value>0x4245</value>
         <object_component_ref idref="oc-239"/>
      </symbol>
      <symbol id="sm-888">
         <name>UARTIntClear</name>
         <value>0x4419</value>
         <object_component_ref idref="oc-c5"/>
      </symbol>
      <symbol id="sm-889">
         <name>UARTIntStatus</name>
         <value>0x43cb</value>
         <object_component_ref idref="oc-bf"/>
      </symbol>
      <symbol id="sm-88a">
         <name>UARTIntRegister</name>
         <value>0x41ff</value>
         <object_component_ref idref="oc-113"/>
      </symbol>
      <symbol id="sm-894">
         <name>CPUcpsie</name>
         <value>0x4373</value>
         <object_component_ref idref="oc-263"/>
      </symbol>
      <symbol id="sm-895">
         <name>__TI_static_base__</name>
         <value>0x0</value>
      </symbol>
      <symbol id="sm-898">
         <name>__mpu_init</name>
         <value>0x0</value>
      </symbol>
      <symbol id="sm-899">
         <name>_system_post_cinit</name>
         <value>0x0</value>
      </symbol>
   </symbol_table>
   <title>Link successful</title>
</link_info>
