******************************************************************************
                  TI ARM Linker Unix v18.1.4                   
******************************************************************************
>> Linked Tue Nov 19 23:15:34 2019

OUTPUT FILE NAME:   <Test.out>
ENTRY POINT SYMBOL: "_c_int00_noargs"  address: 00004151


MEMORY CONFIGURATION

         name            origin    length      used     unused   attr    fill
----------------------  --------  ---------  --------  --------  ----  --------
  FLASH                 00000000   00040000  00004c80  0003b380  R  X
  SRAM                  20000000   00008000  00000b3f  000074c1  RW X


SEGMENT ALLOCATION MAP

run origin  load origin   length   init length attrs members
----------  ----------- ---------- ----------- ----- -------
00000000    00000000    00004c80   00004c80    r-x
  00000000    00000000    0000026c   0000026c    r-- .intvecs
  0000026c    0000026c    0000432c   0000432c    r-x .text
  00004598    00004598    00000320   00000320    r-- .const
  000048b8    000048b8    000003c8   000003c8    r-- .cinit
20000000    20000000    00000b40   00000000    rw-
  20000000    20000000    0000026c   00000000    rw- .vtable
  2000026c    2000026c    00000683   00000000    rw- .data
  200008f0    200008f0    00000200   00000000    rw- .stack
  20000af0    20000af0    00000050   00000000    rw- .bss


SECTION ALLOCATION MAP

 output                                  attributes/
section   page    origin      length       input sections
--------  ----  ----------  ----------   ----------------
.intvecs   0    00000000    0000026c     
                  00000000    0000026c     tm4c123gh6pm_startup_ccs.obj (.intvecs)

.text      0    0000026c    0000432c     
                  0000026c    00000a5e     rtsv7M4_T_le_v4SPD16_eabi.lib : _printfi.c.obj (.text:__TI_printfi)
                  00000cca    00000002                                   : div0.asm.obj (.text)
                  00000ccc    000009c0                                   : e_pow.c.obj (.text:pow)
                  0000168c    000005fa     uc1701.obj (.text)
                  00001c86    00000002     --HOLE-- [fill = 0]
                  00001c88    000005b0     main.obj (.text)
                  00002238    000003e0     gt20l16s1y.obj (.text)
                  00002618    00000270     rtsv7M4_T_le_v4SPD16_eabi.lib : _printfi.c.obj (.text:_pconv_a)
                  00002888    0000020c     m4_lcd.obj (.text)
                  00002a94    000001d0     rtsv7M4_T_le_v4SPD16_eabi.lib : _printfi.c.obj (.text:_pconv_g)
                  00002c64    000001b6                                   : fd_add_t2.asm.obj (.text)
                  00002e1a    00000002     --HOLE-- [fill = 0]
                  00002e1c    00000158                                   : e_sqrt.c.obj (.text:sqrt)
                  00002f74    0000013c                                   : _printfi.c.obj (.text:_pconv_e)
                  000030b0    00000136                                   : fd_div_t2.asm.obj (.text)
                  000031e6    00000132     driverlib.lib : gpio.obj (.text:GPIOPadConfigSet)
                  00003318    00000124     rtsv7M4_T_le_v4SPD16_eabi.lib : _printfi.c.obj (.text:fcvt)
                  0000343c    00000110     driverlib.lib : sysctl.obj (.text:SysCtlClockGet)
                  0000354c    00000110     rtsv7M4_T_le_v4SPD16_eabi.lib : s_scalbn.c.obj (.text:scalbn)
                  0000365c    000000fc                                   : fd_mul_t2.asm.obj (.text)
                  00003758    000000f4     driverlib.lib : sysctl.obj (.text:SysCtlClockSet)
                  0000384c    000000b1     rtsv7M4_T_le_v4SPD16_eabi.lib : _printfi.c.obj (.text:_ltostr)
                  000038fd    00000001     --HOLE-- [fill = 0]
                  000038fe    0000009c                                   : memcpy_t2.asm.obj (.text)
                  0000399a    00000096                                   : ull_div_t2.asm.obj (.text)
                  00003a30    00000086                                   : fd_cmp_t2.asm.obj (.text:__aeabi_cdcmple)
                  00003ab6    00000086                                   : fd_cmp_t2.asm.obj (.text:__aeabi_cdrcmple)
                  00003b3c    0000007a                                   : memset_t2.asm.obj (.text)
                  00003bb6    0000006e                                   : _printfi.c.obj (.text:_mcpy)
                  00003c24    0000006e                                   : fd_tos_t2.asm.obj (.text)
                  00003c92    00000002     --HOLE-- [fill = 0]
                  00003c94    00000068     driverlib.lib : interrupt.obj (.text:IntEnable)
                  00003cfc    00000068     rtsv7M4_T_le_v4SPD16_eabi.lib : copy_decompress_lzss.c.obj (.text:decompress:lzss:__TI_decompress_lzss)
                  00003d64    00000068     m4_pinmux.obj (.text)
                  00003dcc    00000064     rtsv7M4_T_le_v4SPD16_eabi.lib : s_frexp.c.obj (.text:frexp)
                  00003e30    00000056                                   : _printfi.c.obj (.text:_pconv_f)
                  00003e86    00000054                                   : ltoa.c.obj (.text:ltoa)
                  00003eda    00000052                                   : _printfi.c.obj (.text:_ecpy)
                  00003f2c    0000004c                                   : atoi.c.obj (.text:atoi)
                  00003f78    00000048     driverlib.lib : gpio.obj (.text:GPIOPinConfigure)
                  00003fc0    00000048     rtsv7M4_T_le_v4SPD16_eabi.lib : fd_toi_t2.asm.obj (.text)
                  00004008    00000046     driverlib.lib : uart.obj (.text:UARTConfigSetExpClk)
                  0000404e    00000002     --HOLE-- [fill = 0]
                  00004050    00000044     rtsv7M4_T_le_v4SPD16_eabi.lib : autoinit.c.obj (.text:__TI_auto_init_nobinit_nopinit:__TI_auto_init_nobinit_nopinit)
                  00004094    00000040     driverlib.lib : uart.obj (.text:_UARTIntNumberGet)
                  000040d4    0000003e     rtsv7M4_T_le_v4SPD16_eabi.lib : _printfi.c.obj (.text:_fcpy)
                  00004112    0000003c     driverlib.lib : ssi.obj (.text:SSIConfigSetExpClk)
                  0000414e    00000002     --HOLE-- [fill = 0]
                  00004150    00000038     rtsv7M4_T_le_v4SPD16_eabi.lib : boot_cortex_m.c.obj (.text:_c_int00_noargs:_c_int00_noargs)
                  00004188    00000038                                   : fs_tod_t2.asm.obj (.text)
                  000041c0    00000034     driverlib.lib : interrupt.obj (.text:IntRegister)
                  000041f4    00000034                   : sysctl.obj (.text:SysCtlPeripheralEnable)
                  00004228    0000002e     rtsv7M4_T_le_v4SPD16_eabi.lib : i_tofd_t2.asm.obj (.text)
                  00004256    0000002a     driverlib.lib : gpio.obj (.text:GPIODirModeSet)
                  00004280    00000028     rtsv7M4_T_le_v4SPD16_eabi.lib : vsprintf.c.obj (.text:vsprintf)
                  000042a8    00000022     driverlib.lib : pwm.obj (.text:PWMGenConfigure)
                  000042ca    00000002     --HOLE-- [fill = 0]
                  000042cc    00000020                   : uart.obj (.text:UARTDisable)
                  000042ec    00000020     rtsv7M4_T_le_v4SPD16_eabi.lib : u_tofd_t2.asm.obj (.text)
                  0000430c    0000001e     driverlib.lib : pwm.obj (.text:PWMPulseWidthSet)
                  0000432a    0000001c     rtsv7M4_T_le_v4SPD16_eabi.lib : memccpy.c.obj (.text:memccpy)
                  00004346    00000018     driverlib.lib : gpio.obj (.text:GPIOPinTypeGPIOOutput)
                  0000435e    00000018                   : uart.obj (.text:UARTIntRegister)
                  00004376    00000018     rtsv7M4_T_le_v4SPD16_eabi.lib : vsprintf.c.obj (.text:_outs)
                  0000438e    00000016                                   : strchr.c.obj (.text:strchr)
                  000043a4    00000014     driverlib.lib : sysctl.obj (.text:SysCtlPWMClockSet)
                  000043b8    00000014                   : uart.obj (.text:UARTEnable)
                  000043cc    00000014     rtsv7M4_T_le_v4SPD16_eabi.lib : s_copysign.c.obj (.text:copysign)
                  000043e0    00000014                                   : strlen.c.obj (.text:strlen)
                  000043f4    00000012     driverlib.lib : gpio.obj (.text:GPIOPinTypePWM)
                  00004406    00000012                   : gpio.obj (.text:GPIOPinTypeSSI)
                  00004418    00000012                   : gpio.obj (.text:GPIOPinTypeUART)
                  0000442a    00000012                   : pwm.obj (.text:PWMOutputState)
                  0000443c    00000012                   : ssi.obj (.text:SSIDataGetNonBlocking)
                  0000444e    00000012     rtsv7M4_T_le_v4SPD16_eabi.lib : copy_zero_init.c.obj (.text:decompress:ZI:__TI_zero_init_nomemset:__TI_zero_init_nomemset)
                  00004460    00000012                                   : wcslen.c.obj (.text:wcslen)
                  00004472    00000002     --HOLE-- [fill = 0]
                  00004474    00000010     driverlib.lib : fpu.obj (.text:FPUEnable)
                  00004484    00000010                   : fpu.obj (.text:FPULazyStackingEnable)
                  00004494    00000010                   : interrupt.obj (.text:IntMasterEnable)
                  000044a4    00000010                   : pwm.obj (.text:PWMDeadBandEnable)
                  000044b4    00000010                   : pwm.obj (.text:PWMGenPeriodSet)
                  000044c4    0000000e                   : uart.obj (.text:UARTCharGetNonBlocking)
                  000044d2    0000000e                   : uart.obj (.text:UARTCharPutNonBlocking)
                  000044e0    0000000e                   : uart.obj (.text:UARTCharsAvail)
                  000044ee    0000000e     rtsv7M4_T_le_v4SPD16_eabi.lib : copy_decompress_none.c.obj (.text:decompress:none:__TI_decompress_none)
                  000044fc    0000000c     driverlib.lib : cpu.obj (.text:CPUcpsie)
                  00004508    0000000c                   : pwm.obj (.text:PWMGenDisable)
                  00004514    0000000c                   : pwm.obj (.text:PWMGenEnable)
                  00004520    0000000c                   : ssi.obj (.text:SSIDataGet)
                  0000452c    0000000c     tm4c123gh6pm_startup_ccs.obj (.text)
                  00004538    0000000a     driverlib.lib : ssi.obj (.text:SSIDataPut)
                  00004542    0000000a                   : ssi.obj (.text:SSIEnable)
                  0000454c    0000000a                   : uart.obj (.text:UARTIntStatus)
                  00004556    0000000a     rtsv7M4_T_le_v4SPD16_eabi.lib : vsprintf.c.obj (.text:_outc)
                  00004560    00000008     driverlib.lib : ssi.obj (.text:SSIBusy)
                  00004568    00000008                   : uart.obj (.text:UARTBusy)
                  00004570    00000008                   : uart.obj (.text:UARTIntEnable)
                  00004578    00000008     rtsv7M4_T_le_v4SPD16_eabi.lib : errno.c.obj (.text:__aeabi_errno_addr)
                  00004580    00000006     driverlib.lib : gpio.obj (.text:GPIOPinWrite)
                  00004586    00000006                   : sysctl.obj (.text:SysCtlDelay)
                  0000458c    00000004                   : uart.obj (.text:UARTIntClear)
                  00004590    00000004     rtsv7M4_T_le_v4SPD16_eabi.lib : pre_init.c.obj (.text:_system_pre_init)
                  00004594    00000004                                   : exit.c.obj (.text:abort:abort)

.const     0    00004598    00000320     
                  00004598    00000101     rtsv7M4_T_le_v4SPD16_eabi.lib : ctype.c.obj (.const:.string:_ctypes_)
                  00004699    00000003     --HOLE-- [fill = 0]
                  0000469c    00000090     driverlib.lib : gpio.obj (.const:g_pui32GPIOBaseAddrs)
                  0000472c    00000070                   : interrupt.obj (.const)
                  0000479c    0000006c                   : sysctl.obj (.const:g_pui32Xtals)
                  00004808    00000040                   : uart.obj (.const:g_ppui32UARTIntMap)
                  00004848    00000040                   : uart.obj (.const:g_ppui32UARTIntMapSnowflake)
                  00004888    00000030     rtsv7M4_T_le_v4SPD16_eabi.lib : e_pow.c.obj (.const:$O1$$)

.cinit     0    000048b8    000003c8     
                  000048b8    00000392     (.cinit..data.load) [load image, compression = lzss]
                  00004c4a    00000002     --HOLE-- [fill = 0]
                  00004c4c    0000000c     (__TI_handler_table)
                  00004c58    00000008     (.cinit..bss.load) [load image, compression = zero_init]
                  00004c60    00000008     (.cinit..vtable.load) [load image, compression = zero_init]
                  00004c68    00000018     (__TI_cinit_table)

.init_array 
*          0    00000000    00000000     UNINITIALIZED

.vtable    0    20000000    0000026c     UNINITIALIZED
                  20000000    0000026c     driverlib.lib : interrupt.obj (.vtable)

.data      0    2000026c    00000683     UNINITIALIZED
                  2000026c    00000600     uc1701.obj (.data:FixedSys_Font)
                  2000086c    00000060     gt20l16s1y.obj (.data:fontSize)
                  200008cc    0000001c     main.obj (.data)
                  200008e8    00000004     rtsv7M4_T_le_v4SPD16_eabi.lib : errno.c.obj (.data)
                  200008ec    00000002     m4_lcd.obj (.data)
                  200008ee    00000001     uc1701.obj (.data)

.bss       0    20000af0    00000050     UNINITIALIZED
                  20000af0    00000020     (.common:pid)
                  20000b10    00000010     (.common:ReceivedVoltage_Current_SetValue)
                  20000b20    00000008     (.common:Current_Array)
                  20000b28    00000008     (.common:Real_Voltage_Array)
                  20000b30    00000008     (.common:Set_Voltage_Array)
                  20000b38    00000004     (.common:Expected_Duty)
                  20000b3c    00000004     (.common:Source_Voltage)

.stack     0    200008f0    00000200     UNINITIALIZED
                  200008f0    00000004     rtsv7M4_T_le_v4SPD16_eabi.lib : boot_cortex_m.c.obj (.stack)
                  200008f4    000001fc     --HOLE--

MODULE SUMMARY

       Module                         code    ro data   rw data
       ------                         ----    -------   -------
    ./
       tm4c123gh6pm_startup_ccs.obj   12      620       0      
    +--+------------------------------+-------+---------+---------+
       Total:                         12      620       0      
                                                               
    ./Freq Meter/
       uc1701.obj                     1530    0         1537   
       main.obj                       1456    0         108    
       gt20l16s1y.obj                 992     0         96     
       m4_lcd.obj                     524     0         2      
       m4_pinmux.obj                  104     0         0      
    +--+------------------------------+-------+---------+---------+
       Total:                         4606    0         1743   
                                                               
    /home/wadegao/ti/TivaWare_C_Series-2.1.4.178/driverlib/ccs/Debug/driverlib.lib
       interrupt.obj                  172     112       620    
       sysctl.obj                     594     108       0      
       gpio.obj                       504     144       0      
       uart.obj                       282     128       0      
       pwm.obj                        138     0         0      
       ssi.obj                        118     0         0      
       fpu.obj                        32      0         0      
       cpu.obj                        12      0         0      
    +--+------------------------------+-------+---------+---------+
       Total:                         1852    492       620    
                                                               
    /opt/ti/ccsv8/tools/compiler/ti-cgt-arm_18.1.4.LTS/lib/rtsv7M4_T_le_v4SPD16_eabi.lib
       _printfi.c.obj                 4867    0         0      
       e_pow.c.obj                    2496    48        0      
       fd_add_t2.asm.obj              438     0         0      
       e_sqrt.c.obj                   344     0         0      
       fd_div_t2.asm.obj              310     0         0      
       s_scalbn.c.obj                 272     0         0      
       fd_cmp_t2.asm.obj              268     0         0      
       ctype.c.obj                    0       257       0      
       fd_mul_t2.asm.obj              252     0         0      
       memcpy_t2.asm.obj              156     0         0      
       ull_div_t2.asm.obj             150     0         0      
       memset_t2.asm.obj              122     0         0      
       fd_tos_t2.asm.obj              110     0         0      
       copy_decompress_lzss.c.obj     104     0         0      
       s_frexp.c.obj                  100     0         0      
       ltoa.c.obj                     84      0         0      
       atoi.c.obj                     76      0         0      
       vsprintf.c.obj                 74      0         0      
       fd_toi_t2.asm.obj              72      0         0      
       autoinit.c.obj                 68      0         0      
       boot_cortex_m.c.obj            56      0         0      
       fs_tod_t2.asm.obj              56      0         0      
       i_tofd_t2.asm.obj              46      0         0      
       u_tofd_t2.asm.obj              32      0         0      
       memccpy.c.obj                  28      0         0      
       strchr.c.obj                   22      0         0      
       s_copysign.c.obj               20      0         0      
       strlen.c.obj                   20      0         0      
       copy_zero_init.c.obj           18      0         0      
       wcslen.c.obj                   18      0         0      
       copy_decompress_none.c.obj     14      0         0      
       errno.c.obj                    8       0         4      
       exit.c.obj                     4       0         0      
       pre_init.c.obj                 4       0         0      
       div0.asm.obj                   2       0         0      
    +--+------------------------------+-------+---------+---------+
       Total:                         10711   305       4      
                                                               
       Stack:                         0       0         512    
       Linker Generated:              0       966       0      
    +--+------------------------------+-------+---------+---------+
       Grand Total:                   17181   2383      2879   


LINKER GENERATED COPY TABLES

__TI_cinit_table @ 00004c68 records: 3, size/record: 8, table size: 24
	.data: load addr=000048b8, load size=00000392 bytes, run addr=2000026c, run size=00000683 bytes, compression=lzss
	.bss: load addr=00004c58, load size=00000008 bytes, run addr=20000af0, run size=00000050 bytes, compression=zero_init
	.vtable: load addr=00004c60, load size=00000008 bytes, run addr=20000000, run size=0000026c bytes, compression=zero_init


LINKER GENERATED HANDLER TABLE

__TI_handler_table @ 00004c4c records: 3, size/record: 4, table size: 12
	index: 0, handler: __TI_zero_init
	index: 1, handler: __TI_decompress_lzss
	index: 2, handler: __TI_decompress_none


GLOBAL SYMBOLS: SORTED ALPHABETICALLY BY Name 

address   name                            
-------   ----                            
00004595  C$$EXIT                         
000044fd  CPUcpsie                        
00001d59  Control_Voltage_With_PID        
200008d4  Current                         
20000b20  Current_Array                   
00001fa9  DisplayData                     
200008e4  Duty                            
20000b38  Expected_Duty                   
00004475  FPUEnable                       
00004485  FPULazyStackingEnable           
200008e0  Finish_Data_Convert_Flag        
2000026c  FixedSys_Font                   
00004257  GPIODirModeSet                  
000031e7  GPIOPadConfigSet                
00003f79  GPIOPinConfigure                
00004347  GPIOPinTypeGPIOOutput           
000043f5  GPIOPinTypePWM                  
00004407  GPIOPinTypeSSI                  
00004419  GPIOPinTypeUART                 
00004581  GPIOPinWrite                    
00002239  GT20GetFontAddr                 
00002473  GT20Init                        
00002497  GT20Read                        
200008d8  I                               
200008cc  Index_of_Rece_V_C_SetV          
00001fed  InitPWM_D1_D0                   
00003c95  IntEnable                       
00004495  IntMasterEnable                 
000041c1  IntRegister                     
0000210d  Monitor_If_Current_Over_2_Ampere
00001cbb  PID_Controllor                  
000044a5  PWMDeadBandEnable               
000042a9  PWMGenConfigure                 
00004509  PWMGenDisable                   
00004515  PWMGenEnable                    
000044b5  PWMGenPeriodSet                 
0000442b  PWMOutputState                  
0000430d  PWMPulseWidthSet                
000020a1  PWM_ParaMeter_Duty_Set_D1_D0    
0000207d  PWM_ParaMeter_Period_Set_D1_D0  
00003d65  PortFunctionInit                
200008d0  Real_Voltage                    
20000b28  Real_Voltage_Array              
20000b10  ReceivedVoltage_Current_SetValue
0000452d  ResetISR                        
00004561  SSIBusy                         
00004113  SSIConfigSetExpClk              
00004521  SSIDataGet                      
0000443d  SSIDataGetNonBlocking           
00004539  SSIDataPut                      
00004543  SSIEnable                       
200008dc  Set_Voltage                     
20000b30  Set_Voltage_Array               
20000b3c  Source_Voltage                  
0000343d  SysCtlClockGet                  
00003759  SysCtlClockSet                  
00004587  SysCtlDelay                     
000043a5  SysCtlPWMClockSet               
000041f5  SysCtlPeripheralEnable          
000020ed  TurnOffPWM_C4_D0                
000020d5  TurnOnPWM_C4_D0                 
00001f2d  UART3Config                     
00001dd9  UART3IntHandler                 
00001f63  UART3InterruptConfig            
00004569  UARTBusy                        
000044c5  UARTCharGetNonBlocking          
000044d3  UARTCharPutNonBlocking          
000044e1  UARTCharsAvail                  
00004009  UARTConfigSetExpClk             
000042cd  UARTDisable                     
000043b9  UARTEnable                      
0000458d  UARTIntClear                    
00004571  UARTIntEnable                   
0000435f  UARTIntRegister                 
0000454d  UARTIntStatus                   
0000184f  UC1701AddressSet                
00001baf  UC1701AllPixelOnDisable         
00001ba5  UC1701AllPixelOnEnable          
00001bff  UC1701BRSet                     
0000196d  UC1701CharDispaly               
00001959  UC1701ChineseDispaly            
00001b33  UC1701Clear                     
000017a7  UC1701CmdWrite                  
00001c27  UC1701ComDirSet                 
0000175d  UC1701DataWrite                 
00001893  UC1701Display                   
000019d1  UC1701DisplayN                  
00001bc3  UC1701DisplayOff                
00001bb9  UC1701DisplayOn                 
000017f1  UC1701DoubleCmdWrite            
00001a6f  UC1701FontDisplay               
000016a7  UC1701Init                      
00001b9d  UC1701InverseDisable            
00001b95  UC1701InverseEnable             
00001bed  UC1701PMSet                     
00001bcd  UC1701ScrollLineSet             
00001c13  UC1701SegDirSet                 
00001c3b  UC1701Test                      
20000af0  __STACK_END                     
00000200  __STACK_SIZE                    
20000af0  __STACK_TOP                     
00004c68  __TI_CINIT_Base                 
00004c80  __TI_CINIT_Limit                
00004c4c  __TI_Handler_Table_Base         
00004c58  __TI_Handler_Table_Limit        
00004051  __TI_auto_init_nobinit_nopinit  
00003cfd  __TI_decompress_lzss            
000044ef  __TI_decompress_none            
ffffffff  __TI_pprof_out_hndl             
0000026d  __TI_printfi                    
ffffffff  __TI_prof_data_size             
ffffffff  __TI_prof_data_start            
00000000  __TI_static_base__              
0000444f  __TI_zero_init_nomemset         
00003a31  __aeabi_cdcmpeq                 
00003a31  __aeabi_cdcmple                 
00003ab7  __aeabi_cdrcmple                
00003c25  __aeabi_d2f                     
00003fc1  __aeabi_d2iz                    
00002c6f  __aeabi_dadd                    
000030b1  __aeabi_ddiv                    
0000365d  __aeabi_dmul                    
00002c65  __aeabi_dsub                    
00004579  __aeabi_errno_addr              
00004189  __aeabi_f2d                     
00004229  __aeabi_i2d                     
00000ccb  __aeabi_idiv0                   
00000ccb  __aeabi_ldiv0                   
00003b3d  __aeabi_memclr                  
00003b3d  __aeabi_memclr4                 
00003b3d  __aeabi_memclr8                 
000038ff  __aeabi_memcpy                  
000038ff  __aeabi_memcpy4                 
000038ff  __aeabi_memcpy8                 
00003b3f  __aeabi_memset                  
00003b3f  __aeabi_memset4                 
00003b3f  __aeabi_memset8                 
000042ed  __aeabi_ui2d                    
0000399b  __aeabi_uldivmod                
ffffffff  __binit__                       
ffffffff  __c_args__                      
UNDEFED   __mpu_init                      
200008f0  __stack                         
00004151  _c_int00_noargs                 
00004598  _ctypes_                        
UNDEFED   _system_post_cinit              
00004591  _system_pre_init                
00004595  abort                           
00003f2d  atoi                            
ffffffff  binit                           
000043cd  copysign                        
000043cd  copysignl                       
200008e8  errno                           
2000086c  fontSize                        
00003dcd  frexp                           
00003dcd  frexpl                          
20000000  g_pfnRAMVectors                 
00000000  g_pfnVectors                    
200008ee  inverse_factor                  
200008ec  is_fontchip_ok                  
000028e5  lcd_clear                       
00002a31  lcd_flash                       
00002889  lcd_init                        
000028ed  lcd_printf                      
00002a41  lcd_scroll                      
0000354d  ldexp                           
0000354d  ldexpl                          
00003e87  ltoa                            
0000216d  main                            
0000432b  memccpy                         
000038ff  memcpy                          
00003b45  memset                          
20000af0  pid                             
00001c89  pid_init                        
00000ccd  pow                             
00000ccd  powl                            
0000354d  scalbn                          
0000354d  scalbnl                         
00002e1d  sqrt                            
00002e1d  sqrtl                           
0000438f  strchr                          
000043e1  strlen                          
00004281  vsprintf                        
00004461  wcslen                          


GLOBAL SYMBOLS: SORTED BY Symbol Address 

address   name                            
-------   ----                            
00000000  __TI_static_base__              
00000000  g_pfnVectors                    
00000200  __STACK_SIZE                    
0000026d  __TI_printfi                    
00000ccb  __aeabi_idiv0                   
00000ccb  __aeabi_ldiv0                   
00000ccd  pow                             
00000ccd  powl                            
000016a7  UC1701Init                      
0000175d  UC1701DataWrite                 
000017a7  UC1701CmdWrite                  
000017f1  UC1701DoubleCmdWrite            
0000184f  UC1701AddressSet                
00001893  UC1701Display                   
00001959  UC1701ChineseDispaly            
0000196d  UC1701CharDispaly               
000019d1  UC1701DisplayN                  
00001a6f  UC1701FontDisplay               
00001b33  UC1701Clear                     
00001b95  UC1701InverseEnable             
00001b9d  UC1701InverseDisable            
00001ba5  UC1701AllPixelOnEnable          
00001baf  UC1701AllPixelOnDisable         
00001bb9  UC1701DisplayOn                 
00001bc3  UC1701DisplayOff                
00001bcd  UC1701ScrollLineSet             
00001bed  UC1701PMSet                     
00001bff  UC1701BRSet                     
00001c13  UC1701SegDirSet                 
00001c27  UC1701ComDirSet                 
00001c3b  UC1701Test                      
00001c89  pid_init                        
00001cbb  PID_Controllor                  
00001d59  Control_Voltage_With_PID        
00001dd9  UART3IntHandler                 
00001f2d  UART3Config                     
00001f63  UART3InterruptConfig            
00001fa9  DisplayData                     
00001fed  InitPWM_D1_D0                   
0000207d  PWM_ParaMeter_Period_Set_D1_D0  
000020a1  PWM_ParaMeter_Duty_Set_D1_D0    
000020d5  TurnOnPWM_C4_D0                 
000020ed  TurnOffPWM_C4_D0                
0000210d  Monitor_If_Current_Over_2_Ampere
0000216d  main                            
00002239  GT20GetFontAddr                 
00002473  GT20Init                        
00002497  GT20Read                        
00002889  lcd_init                        
000028e5  lcd_clear                       
000028ed  lcd_printf                      
00002a31  lcd_flash                       
00002a41  lcd_scroll                      
00002c65  __aeabi_dsub                    
00002c6f  __aeabi_dadd                    
00002e1d  sqrt                            
00002e1d  sqrtl                           
000030b1  __aeabi_ddiv                    
000031e7  GPIOPadConfigSet                
0000343d  SysCtlClockGet                  
0000354d  ldexp                           
0000354d  ldexpl                          
0000354d  scalbn                          
0000354d  scalbnl                         
0000365d  __aeabi_dmul                    
00003759  SysCtlClockSet                  
000038ff  __aeabi_memcpy                  
000038ff  __aeabi_memcpy4                 
000038ff  __aeabi_memcpy8                 
000038ff  memcpy                          
0000399b  __aeabi_uldivmod                
00003a31  __aeabi_cdcmpeq                 
00003a31  __aeabi_cdcmple                 
00003ab7  __aeabi_cdrcmple                
00003b3d  __aeabi_memclr                  
00003b3d  __aeabi_memclr4                 
00003b3d  __aeabi_memclr8                 
00003b3f  __aeabi_memset                  
00003b3f  __aeabi_memset4                 
00003b3f  __aeabi_memset8                 
00003b45  memset                          
00003c25  __aeabi_d2f                     
00003c95  IntEnable                       
00003cfd  __TI_decompress_lzss            
00003d65  PortFunctionInit                
00003dcd  frexp                           
00003dcd  frexpl                          
00003e87  ltoa                            
00003f2d  atoi                            
00003f79  GPIOPinConfigure                
00003fc1  __aeabi_d2iz                    
00004009  UARTConfigSetExpClk             
00004051  __TI_auto_init_nobinit_nopinit  
00004113  SSIConfigSetExpClk              
00004151  _c_int00_noargs                 
00004189  __aeabi_f2d                     
000041c1  IntRegister                     
000041f5  SysCtlPeripheralEnable          
00004229  __aeabi_i2d                     
00004257  GPIODirModeSet                  
00004281  vsprintf                        
000042a9  PWMGenConfigure                 
000042cd  UARTDisable                     
000042ed  __aeabi_ui2d                    
0000430d  PWMPulseWidthSet                
0000432b  memccpy                         
00004347  GPIOPinTypeGPIOOutput           
0000435f  UARTIntRegister                 
0000438f  strchr                          
000043a5  SysCtlPWMClockSet               
000043b9  UARTEnable                      
000043cd  copysign                        
000043cd  copysignl                       
000043e1  strlen                          
000043f5  GPIOPinTypePWM                  
00004407  GPIOPinTypeSSI                  
00004419  GPIOPinTypeUART                 
0000442b  PWMOutputState                  
0000443d  SSIDataGetNonBlocking           
0000444f  __TI_zero_init_nomemset         
00004461  wcslen                          
00004475  FPUEnable                       
00004485  FPULazyStackingEnable           
00004495  IntMasterEnable                 
000044a5  PWMDeadBandEnable               
000044b5  PWMGenPeriodSet                 
000044c5  UARTCharGetNonBlocking          
000044d3  UARTCharPutNonBlocking          
000044e1  UARTCharsAvail                  
000044ef  __TI_decompress_none            
000044fd  CPUcpsie                        
00004509  PWMGenDisable                   
00004515  PWMGenEnable                    
00004521  SSIDataGet                      
0000452d  ResetISR                        
00004539  SSIDataPut                      
00004543  SSIEnable                       
0000454d  UARTIntStatus                   
00004561  SSIBusy                         
00004569  UARTBusy                        
00004571  UARTIntEnable                   
00004579  __aeabi_errno_addr              
00004581  GPIOPinWrite                    
00004587  SysCtlDelay                     
0000458d  UARTIntClear                    
00004591  _system_pre_init                
00004595  C$$EXIT                         
00004595  abort                           
00004598  _ctypes_                        
00004c4c  __TI_Handler_Table_Base         
00004c58  __TI_Handler_Table_Limit        
00004c68  __TI_CINIT_Base                 
00004c80  __TI_CINIT_Limit                
20000000  g_pfnRAMVectors                 
2000026c  FixedSys_Font                   
2000086c  fontSize                        
200008cc  Index_of_Rece_V_C_SetV          
200008d0  Real_Voltage                    
200008d4  Current                         
200008d8  I                               
200008dc  Set_Voltage                     
200008e0  Finish_Data_Convert_Flag        
200008e4  Duty                            
200008e8  errno                           
200008ec  is_fontchip_ok                  
200008ee  inverse_factor                  
200008f0  __stack                         
20000af0  __STACK_END                     
20000af0  __STACK_TOP                     
20000af0  pid                             
20000b10  ReceivedVoltage_Current_SetValue
20000b20  Current_Array                   
20000b28  Real_Voltage_Array              
20000b30  Set_Voltage_Array               
20000b38  Expected_Duty                   
20000b3c  Source_Voltage                  
ffffffff  __TI_pprof_out_hndl             
ffffffff  __TI_prof_data_size             
ffffffff  __TI_prof_data_start            
ffffffff  __binit__                       
ffffffff  __c_args__                      
ffffffff  binit                           
UNDEFED   __mpu_init                      
UNDEFED   _system_post_cinit              

[184 symbols]
