<?xml version="1.0" encoding="ISO-8859-1" ?>
<link_info>
   <banner>TI ARM Linker Unix v18.1.4.LTS</banner>
   <copyright>Copyright (c) 1996-2018 Texas Instruments Incorporated</copyright>
   <link_time>0x5dd40716</link_time>
   <link_errors>0x0</link_errors>
   <output_file>Test.out</output_file>
   <entry_point>
      <name>_c_int00_noargs</name>
      <address>0x4151</address>
   </entry_point>
   <input_file_list>
      <input_file id="fl-1">
         <path>./</path>
         <kind>object</kind>
         <file>tm4c123gh6pm_startup_ccs.obj</file>
         <name>tm4c123gh6pm_startup_ccs.obj</name>
      </input_file>
      <input_file id="fl-2">
         <path>./Freq Meter/</path>
         <kind>object</kind>
         <file>gt20l16s1y.obj</file>
         <name>gt20l16s1y.obj</name>
      </input_file>
      <input_file id="fl-3">
         <path>./Freq Meter/</path>
         <kind>object</kind>
         <file>m4_lcd.obj</file>
         <name>m4_lcd.obj</name>
      </input_file>
      <input_file id="fl-4">
         <path>./Freq Meter/</path>
         <kind>object</kind>
         <file>m4_pinmux.obj</file>
         <name>m4_pinmux.obj</name>
      </input_file>
      <input_file id="fl-5">
         <path>./Freq Meter/</path>
         <kind>object</kind>
         <file>main.obj</file>
         <name>main.obj</name>
      </input_file>
      <input_file id="fl-6">
         <path>./Freq Meter/</path>
         <kind>object</kind>
         <file>uc1701.obj</file>
         <name>uc1701.obj</name>
      </input_file>
      <input_file id="fl-b">
         <kind>object</kind>
         <file>&lt;internal&gt;</file>
         <name>&lt;internal&gt;</name>
      </input_file>
      <input_file id="fl-c1">
         <path>/opt/ti/ccsv8/tools/compiler/ti-cgt-arm_18.1.4.LTS/lib/</path>
         <kind>archive</kind>
         <file>rtsv7M4_T_le_v4SPD16_eabi.lib</file>
         <name>e_pow.c.obj</name>
      </input_file>
      <input_file id="fl-c2">
         <path>/opt/ti/ccsv8/tools/compiler/ti-cgt-arm_18.1.4.LTS/lib/</path>
         <kind>archive</kind>
         <file>rtsv7M4_T_le_v4SPD16_eabi.lib</file>
         <name>e_sqrt.c.obj</name>
      </input_file>
      <input_file id="fl-c3">
         <path>/opt/ti/ccsv8/tools/compiler/ti-cgt-arm_18.1.4.LTS/lib/</path>
         <kind>archive</kind>
         <file>rtsv7M4_T_le_v4SPD16_eabi.lib</file>
         <name>s_scalbn.c.obj</name>
      </input_file>
      <input_file id="fl-c4">
         <path>/opt/ti/ccsv8/tools/compiler/ti-cgt-arm_18.1.4.LTS/lib/</path>
         <kind>archive</kind>
         <file>rtsv7M4_T_le_v4SPD16_eabi.lib</file>
         <name>fd_add_t2.asm.obj</name>
      </input_file>
      <input_file id="fl-c5">
         <path>/opt/ti/ccsv8/tools/compiler/ti-cgt-arm_18.1.4.LTS/lib/</path>
         <kind>archive</kind>
         <file>rtsv7M4_T_le_v4SPD16_eabi.lib</file>
         <name>fd_cmp_t2.asm.obj</name>
      </input_file>
      <input_file id="fl-c6">
         <path>/opt/ti/ccsv8/tools/compiler/ti-cgt-arm_18.1.4.LTS/lib/</path>
         <kind>archive</kind>
         <file>rtsv7M4_T_le_v4SPD16_eabi.lib</file>
         <name>fd_div_t2.asm.obj</name>
      </input_file>
      <input_file id="fl-c7">
         <path>/opt/ti/ccsv8/tools/compiler/ti-cgt-arm_18.1.4.LTS/lib/</path>
         <kind>archive</kind>
         <file>rtsv7M4_T_le_v4SPD16_eabi.lib</file>
         <name>fd_mul_t2.asm.obj</name>
      </input_file>
      <input_file id="fl-c8">
         <path>/opt/ti/ccsv8/tools/compiler/ti-cgt-arm_18.1.4.LTS/lib/</path>
         <kind>archive</kind>
         <file>rtsv7M4_T_le_v4SPD16_eabi.lib</file>
         <name>fd_toi_t2.asm.obj</name>
      </input_file>
      <input_file id="fl-c9">
         <path>/opt/ti/ccsv8/tools/compiler/ti-cgt-arm_18.1.4.LTS/lib/</path>
         <kind>archive</kind>
         <file>rtsv7M4_T_le_v4SPD16_eabi.lib</file>
         <name>fd_tos_t2.asm.obj</name>
      </input_file>
      <input_file id="fl-ca">
         <path>/opt/ti/ccsv8/tools/compiler/ti-cgt-arm_18.1.4.LTS/lib/</path>
         <kind>archive</kind>
         <file>rtsv7M4_T_le_v4SPD16_eabi.lib</file>
         <name>fs_tod_t2.asm.obj</name>
      </input_file>
      <input_file id="fl-cb">
         <path>/opt/ti/ccsv8/tools/compiler/ti-cgt-arm_18.1.4.LTS/lib/</path>
         <kind>archive</kind>
         <file>rtsv7M4_T_le_v4SPD16_eabi.lib</file>
         <name>i_tofd_t2.asm.obj</name>
      </input_file>
      <input_file id="fl-cc">
         <path>/opt/ti/ccsv8/tools/compiler/ti-cgt-arm_18.1.4.LTS/lib/</path>
         <kind>archive</kind>
         <file>rtsv7M4_T_le_v4SPD16_eabi.lib</file>
         <name>u_tofd_t2.asm.obj</name>
      </input_file>
      <input_file id="fl-cd">
         <path>/opt/ti/ccsv8/tools/compiler/ti-cgt-arm_18.1.4.LTS/lib/</path>
         <kind>archive</kind>
         <file>rtsv7M4_T_le_v4SPD16_eabi.lib</file>
         <name>memset_t2.asm.obj</name>
      </input_file>
      <input_file id="fl-ce">
         <path>/opt/ti/ccsv8/tools/compiler/ti-cgt-arm_18.1.4.LTS/lib/</path>
         <kind>archive</kind>
         <file>rtsv7M4_T_le_v4SPD16_eabi.lib</file>
         <name>copy_zero_init.c.obj</name>
      </input_file>
      <input_file id="fl-cf">
         <path>/opt/ti/ccsv8/tools/compiler/ti-cgt-arm_18.1.4.LTS/lib/</path>
         <kind>archive</kind>
         <file>rtsv7M4_T_le_v4SPD16_eabi.lib</file>
         <name>copy_decompress_none.c.obj</name>
      </input_file>
      <input_file id="fl-d0">
         <path>/opt/ti/ccsv8/tools/compiler/ti-cgt-arm_18.1.4.LTS/lib/</path>
         <kind>archive</kind>
         <file>rtsv7M4_T_le_v4SPD16_eabi.lib</file>
         <name>copy_decompress_lzss.c.obj</name>
      </input_file>
      <input_file id="fl-d1">
         <path>/opt/ti/ccsv8/tools/compiler/ti-cgt-arm_18.1.4.LTS/lib/</path>
         <kind>archive</kind>
         <file>rtsv7M4_T_le_v4SPD16_eabi.lib</file>
         <name>errno.c.obj</name>
      </input_file>
      <input_file id="fl-d2">
         <path>/opt/ti/ccsv8/tools/compiler/ti-cgt-arm_18.1.4.LTS/lib/</path>
         <kind>archive</kind>
         <file>rtsv7M4_T_le_v4SPD16_eabi.lib</file>
         <name>boot_cortex_m.c.obj</name>
      </input_file>
      <input_file id="fl-d3">
         <path>/opt/ti/ccsv8/tools/compiler/ti-cgt-arm_18.1.4.LTS/lib/</path>
         <kind>archive</kind>
         <file>rtsv7M4_T_le_v4SPD16_eabi.lib</file>
         <name>exit.c.obj</name>
      </input_file>
      <input_file id="fl-d4">
         <path>/opt/ti/ccsv8/tools/compiler/ti-cgt-arm_18.1.4.LTS/lib/</path>
         <kind>archive</kind>
         <file>rtsv7M4_T_le_v4SPD16_eabi.lib</file>
         <name>_lock.c.obj</name>
      </input_file>
      <input_file id="fl-d5">
         <path>/opt/ti/ccsv8/tools/compiler/ti-cgt-arm_18.1.4.LTS/lib/</path>
         <kind>archive</kind>
         <file>rtsv7M4_T_le_v4SPD16_eabi.lib</file>
         <name>args_main.c.obj</name>
      </input_file>
      <input_file id="fl-d6">
         <path>/opt/ti/ccsv8/tools/compiler/ti-cgt-arm_18.1.4.LTS/lib/</path>
         <kind>archive</kind>
         <file>rtsv7M4_T_le_v4SPD16_eabi.lib</file>
         <name>strlen.c.obj</name>
      </input_file>
      <input_file id="fl-d7">
         <path>/opt/ti/ccsv8/tools/compiler/ti-cgt-arm_18.1.4.LTS/lib/</path>
         <kind>archive</kind>
         <file>rtsv7M4_T_le_v4SPD16_eabi.lib</file>
         <name>vsprintf.c.obj</name>
      </input_file>
      <input_file id="fl-d8">
         <path>/opt/ti/ccsv8/tools/compiler/ti-cgt-arm_18.1.4.LTS/lib/</path>
         <kind>archive</kind>
         <file>rtsv7M4_T_le_v4SPD16_eabi.lib</file>
         <name>s_copysign.c.obj</name>
      </input_file>
      <input_file id="fl-d9">
         <path>/opt/ti/ccsv8/tools/compiler/ti-cgt-arm_18.1.4.LTS/lib/</path>
         <kind>archive</kind>
         <file>rtsv7M4_T_le_v4SPD16_eabi.lib</file>
         <name>memcpy_t2.asm.obj</name>
      </input_file>
      <input_file id="fl-da">
         <path>/opt/ti/ccsv8/tools/compiler/ti-cgt-arm_18.1.4.LTS/lib/</path>
         <kind>archive</kind>
         <file>rtsv7M4_T_le_v4SPD16_eabi.lib</file>
         <name>autoinit.c.obj</name>
      </input_file>
      <input_file id="fl-db">
         <path>/opt/ti/ccsv8/tools/compiler/ti-cgt-arm_18.1.4.LTS/lib/</path>
         <kind>archive</kind>
         <file>rtsv7M4_T_le_v4SPD16_eabi.lib</file>
         <name>pre_init.c.obj</name>
      </input_file>
      <input_file id="fl-dc">
         <path>/opt/ti/ccsv8/tools/compiler/ti-cgt-arm_18.1.4.LTS/lib/</path>
         <kind>archive</kind>
         <file>rtsv7M4_T_le_v4SPD16_eabi.lib</file>
         <name>cpy_tbl.c.obj</name>
      </input_file>
      <input_file id="fl-dd">
         <path>/opt/ti/ccsv8/tools/compiler/ti-cgt-arm_18.1.4.LTS/lib/</path>
         <kind>archive</kind>
         <file>rtsv7M4_T_le_v4SPD16_eabi.lib</file>
         <name>_printfi.c.obj</name>
      </input_file>
      <input_file id="fl-de">
         <path>/opt/ti/ccsv8/tools/compiler/ti-cgt-arm_18.1.4.LTS/lib/</path>
         <kind>archive</kind>
         <file>rtsv7M4_T_le_v4SPD16_eabi.lib</file>
         <name>atoi.c.obj</name>
      </input_file>
      <input_file id="fl-df">
         <path>/opt/ti/ccsv8/tools/compiler/ti-cgt-arm_18.1.4.LTS/lib/</path>
         <kind>archive</kind>
         <file>rtsv7M4_T_le_v4SPD16_eabi.lib</file>
         <name>ctype.c.obj</name>
      </input_file>
      <input_file id="fl-e0">
         <path>/opt/ti/ccsv8/tools/compiler/ti-cgt-arm_18.1.4.LTS/lib/</path>
         <kind>archive</kind>
         <file>rtsv7M4_T_le_v4SPD16_eabi.lib</file>
         <name>ltoa.c.obj</name>
      </input_file>
      <input_file id="fl-e1">
         <path>/opt/ti/ccsv8/tools/compiler/ti-cgt-arm_18.1.4.LTS/lib/</path>
         <kind>archive</kind>
         <file>rtsv7M4_T_le_v4SPD16_eabi.lib</file>
         <name>memccpy.c.obj</name>
      </input_file>
      <input_file id="fl-e2">
         <path>/opt/ti/ccsv8/tools/compiler/ti-cgt-arm_18.1.4.LTS/lib/</path>
         <kind>archive</kind>
         <file>rtsv7M4_T_le_v4SPD16_eabi.lib</file>
         <name>strchr.c.obj</name>
      </input_file>
      <input_file id="fl-e3">
         <path>/opt/ti/ccsv8/tools/compiler/ti-cgt-arm_18.1.4.LTS/lib/</path>
         <kind>archive</kind>
         <file>rtsv7M4_T_le_v4SPD16_eabi.lib</file>
         <name>wcslen.c.obj</name>
      </input_file>
      <input_file id="fl-e4">
         <path>/opt/ti/ccsv8/tools/compiler/ti-cgt-arm_18.1.4.LTS/lib/</path>
         <kind>archive</kind>
         <file>rtsv7M4_T_le_v4SPD16_eabi.lib</file>
         <name>s_frexp.c.obj</name>
      </input_file>
      <input_file id="fl-e5">
         <path>/opt/ti/ccsv8/tools/compiler/ti-cgt-arm_18.1.4.LTS/lib/</path>
         <kind>archive</kind>
         <file>rtsv7M4_T_le_v4SPD16_eabi.lib</file>
         <name>ull_div_t2.asm.obj</name>
      </input_file>
      <input_file id="fl-e6">
         <path>/opt/ti/ccsv8/tools/compiler/ti-cgt-arm_18.1.4.LTS/lib/</path>
         <kind>archive</kind>
         <file>rtsv7M4_T_le_v4SPD16_eabi.lib</file>
         <name>div0.asm.obj</name>
      </input_file>
      <input_file id="fl-e7">
         <path>/home/wadegao/ti/TivaWare_C_Series-2.1.4.178/driverlib/ccs/Debug/</path>
         <kind>archive</kind>
         <file>driverlib.lib</file>
         <name>fpu.obj</name>
      </input_file>
      <input_file id="fl-e8">
         <path>/home/wadegao/ti/TivaWare_C_Series-2.1.4.178/driverlib/ccs/Debug/</path>
         <kind>archive</kind>
         <file>driverlib.lib</file>
         <name>gpio.obj</name>
      </input_file>
      <input_file id="fl-e9">
         <path>/home/wadegao/ti/TivaWare_C_Series-2.1.4.178/driverlib/ccs/Debug/</path>
         <kind>archive</kind>
         <file>driverlib.lib</file>
         <name>interrupt.obj</name>
      </input_file>
      <input_file id="fl-ea">
         <path>/home/wadegao/ti/TivaWare_C_Series-2.1.4.178/driverlib/ccs/Debug/</path>
         <kind>archive</kind>
         <file>driverlib.lib</file>
         <name>pwm.obj</name>
      </input_file>
      <input_file id="fl-eb">
         <path>/home/wadegao/ti/TivaWare_C_Series-2.1.4.178/driverlib/ccs/Debug/</path>
         <kind>archive</kind>
         <file>driverlib.lib</file>
         <name>ssi.obj</name>
      </input_file>
      <input_file id="fl-ec">
         <path>/home/wadegao/ti/TivaWare_C_Series-2.1.4.178/driverlib/ccs/Debug/</path>
         <kind>archive</kind>
         <file>driverlib.lib</file>
         <name>sysctl.obj</name>
      </input_file>
      <input_file id="fl-ed">
         <path>/home/wadegao/ti/TivaWare_C_Series-2.1.4.178/driverlib/ccs/Debug/</path>
         <kind>archive</kind>
         <file>driverlib.lib</file>
         <name>uart.obj</name>
      </input_file>
      <input_file id="fl-ee">
         <path>/home/wadegao/ti/TivaWare_C_Series-2.1.4.178/driverlib/ccs/Debug/</path>
         <kind>archive</kind>
         <file>driverlib.lib</file>
         <name>cpu.obj</name>
      </input_file>
   </input_file_list>
   <object_component_list>
      <object_component id="oc-f">
         <name>.intvecs</name>
         <load_address>0x0</load_address>
         <run_address>0x0</run_address>
         <size>0x26c</size>
         <input_file_ref idref="fl-1"/>
      </object_component>
      <object_component id="oc-347">
         <name>.text:__TI_printfi</name>
         <load_address>0x26c</load_address>
         <run_address>0x26c</run_address>
         <size>0xa5e</size>
         <input_file_ref idref="fl-dd"/>
      </object_component>
      <object_component id="oc-45d">
         <name>.text</name>
         <load_address>0xcca</load_address>
         <run_address>0xcca</run_address>
         <size>0x2</size>
         <input_file_ref idref="fl-e6"/>
      </object_component>
      <object_component id="oc-e8">
         <name>.text:pow</name>
         <load_address>0xccc</load_address>
         <run_address>0xccc</run_address>
         <size>0x9c0</size>
         <input_file_ref idref="fl-c1"/>
      </object_component>
      <object_component id="oc-25e">
         <name>.text</name>
         <load_address>0x168c</load_address>
         <run_address>0x168c</run_address>
         <size>0x5fa</size>
         <input_file_ref idref="fl-6"/>
      </object_component>
      <object_component id="oc-98">
         <name>.text</name>
         <load_address>0x1c88</load_address>
         <run_address>0x1c88</run_address>
         <size>0x5b0</size>
         <input_file_ref idref="fl-5"/>
      </object_component>
      <object_component id="oc-264">
         <name>.text</name>
         <load_address>0x2238</load_address>
         <run_address>0x2238</run_address>
         <size>0x3e0</size>
         <input_file_ref idref="fl-2"/>
      </object_component>
      <object_component id="oc-3d0">
         <name>.text:_pconv_a</name>
         <load_address>0x2618</load_address>
         <run_address>0x2618</run_address>
         <size>0x270</size>
         <input_file_ref idref="fl-dd"/>
      </object_component>
      <object_component id="oc-121">
         <name>.text</name>
         <load_address>0x2888</load_address>
         <run_address>0x2888</run_address>
         <size>0x20c</size>
         <input_file_ref idref="fl-3"/>
      </object_component>
      <object_component id="oc-3be">
         <name>.text:_pconv_g</name>
         <load_address>0x2a94</load_address>
         <run_address>0x2a94</run_address>
         <size>0x1d0</size>
         <input_file_ref idref="fl-dd"/>
      </object_component>
      <object_component id="oc-1f2">
         <name>.text</name>
         <load_address>0x2c64</load_address>
         <run_address>0x2c64</run_address>
         <size>0x1b6</size>
         <input_file_ref idref="fl-c4"/>
      </object_component>
      <object_component id="oc-1f7">
         <name>.text:sqrt</name>
         <load_address>0x2e1c</load_address>
         <run_address>0x2e1c</run_address>
         <size>0x158</size>
         <input_file_ref idref="fl-c2"/>
      </object_component>
      <object_component id="oc-3ca">
         <name>.text:_pconv_e</name>
         <load_address>0x2f74</load_address>
         <run_address>0x2f74</run_address>
         <size>0x13c</size>
         <input_file_ref idref="fl-dd"/>
      </object_component>
      <object_component id="oc-13e">
         <name>.text</name>
         <load_address>0x30b0</load_address>
         <run_address>0x30b0</run_address>
         <size>0x136</size>
         <input_file_ref idref="fl-c6"/>
      </object_component>
      <object_component id="oc-231">
         <name>.text:GPIOPadConfigSet</name>
         <load_address>0x31e6</load_address>
         <run_address>0x31e6</run_address>
         <size>0x132</size>
         <input_file_ref idref="fl-e8"/>
      </object_component>
      <object_component id="oc-423">
         <name>.text:fcvt</name>
         <load_address>0x3318</load_address>
         <run_address>0x3318</run_address>
         <size>0x124</size>
         <input_file_ref idref="fl-dd"/>
      </object_component>
      <object_component id="oc-cb">
         <name>.text:SysCtlClockGet</name>
         <load_address>0x343c</load_address>
         <run_address>0x343c</run_address>
         <size>0x110</size>
         <input_file_ref idref="fl-ec"/>
      </object_component>
      <object_component id="oc-215">
         <name>.text:scalbn</name>
         <load_address>0x354c</load_address>
         <run_address>0x354c</run_address>
         <size>0x110</size>
         <input_file_ref idref="fl-c3"/>
      </object_component>
      <object_component id="oc-143">
         <name>.text</name>
         <load_address>0x365c</load_address>
         <run_address>0x365c</run_address>
         <size>0xfc</size>
         <input_file_ref idref="fl-c7"/>
      </object_component>
      <object_component id="oc-18a">
         <name>.text:SysCtlClockSet</name>
         <load_address>0x3758</load_address>
         <run_address>0x3758</run_address>
         <size>0xf4</size>
         <input_file_ref idref="fl-ec"/>
      </object_component>
      <object_component id="oc-3b8">
         <name>.text:_ltostr</name>
         <load_address>0x384c</load_address>
         <run_address>0x384c</run_address>
         <size>0xb1</size>
         <input_file_ref idref="fl-dd"/>
      </object_component>
      <object_component id="oc-38">
         <name>.text</name>
         <load_address>0x38fe</load_address>
         <run_address>0x38fe</run_address>
         <size>0x9c</size>
         <input_file_ref idref="fl-d9"/>
      </object_component>
      <object_component id="oc-40a">
         <name>.text</name>
         <load_address>0x399a</load_address>
         <run_address>0x399a</run_address>
         <size>0x96</size>
         <input_file_ref idref="fl-e5"/>
      </object_component>
      <object_component id="oc-20b">
         <name>.text:__aeabi_cdcmple</name>
         <load_address>0x3a30</load_address>
         <run_address>0x3a30</run_address>
         <size>0x86</size>
         <input_file_ref idref="fl-c5"/>
      </object_component>
      <object_component id="oc-210">
         <name>.text:__aeabi_cdrcmple</name>
         <load_address>0x3ab6</load_address>
         <run_address>0x3ab6</run_address>
         <size>0x86</size>
         <input_file_ref idref="fl-c5"/>
      </object_component>
      <object_component id="oc-8c">
         <name>.text</name>
         <load_address>0x3b3c</load_address>
         <run_address>0x3b3c</run_address>
         <size>0x7a</size>
         <input_file_ref idref="fl-cd"/>
      </object_component>
      <object_component id="oc-41c">
         <name>.text:_mcpy</name>
         <load_address>0x3bb6</load_address>
         <run_address>0x3bb6</run_address>
         <size>0x6e</size>
         <input_file_ref idref="fl-dd"/>
      </object_component>
      <object_component id="oc-177">
         <name>.text</name>
         <load_address>0x3c24</load_address>
         <run_address>0x3c24</run_address>
         <size>0x6e</size>
         <input_file_ref idref="fl-c9"/>
      </object_component>
      <object_component id="oc-10c">
         <name>.text:IntEnable</name>
         <load_address>0x3c94</load_address>
         <run_address>0x3c94</run_address>
         <size>0x68</size>
         <input_file_ref idref="fl-e9"/>
      </object_component>
      <object_component id="oc-12">
         <name>.text:decompress:lzss:__TI_decompress_lzss</name>
         <load_address>0x3cfc</load_address>
         <run_address>0x3cfc</run_address>
         <size>0x68</size>
         <input_file_ref idref="fl-d0"/>
      </object_component>
      <object_component id="oc-196">
         <name>.text</name>
         <load_address>0x3d64</load_address>
         <run_address>0x3d64</run_address>
         <size>0x68</size>
         <input_file_ref idref="fl-4"/>
      </object_component>
      <object_component id="oc-431">
         <name>.text:frexp</name>
         <load_address>0x3dcc</load_address>
         <run_address>0x3dcc</run_address>
         <size>0x64</size>
         <input_file_ref idref="fl-e4"/>
      </object_component>
      <object_component id="oc-3c4">
         <name>.text:_pconv_f</name>
         <load_address>0x3e30</load_address>
         <run_address>0x3e30</run_address>
         <size>0x56</size>
         <input_file_ref idref="fl-dd"/>
      </object_component>
      <object_component id="oc-410">
         <name>.text:ltoa</name>
         <load_address>0x3e86</load_address>
         <run_address>0x3e86</run_address>
         <size>0x54</size>
         <input_file_ref idref="fl-e0"/>
      </object_component>
      <object_component id="oc-416">
         <name>.text:_ecpy</name>
         <load_address>0x3eda</load_address>
         <run_address>0x3eda</run_address>
         <size>0x52</size>
         <input_file_ref idref="fl-dd"/>
      </object_component>
      <object_component id="oc-3b2">
         <name>.text:atoi</name>
         <load_address>0x3f2c</load_address>
         <run_address>0x3f2c</run_address>
         <size>0x4c</size>
         <input_file_ref idref="fl-de"/>
      </object_component>
      <object_component id="oc-fa">
         <name>.text:GPIOPinConfigure</name>
         <load_address>0x3f78</load_address>
         <run_address>0x3f78</run_address>
         <size>0x48</size>
         <input_file_ref idref="fl-e8"/>
      </object_component>
      <object_component id="oc-148">
         <name>.text</name>
         <load_address>0x3fc0</load_address>
         <run_address>0x3fc0</run_address>
         <size>0x48</size>
         <input_file_ref idref="fl-c8"/>
      </object_component>
      <object_component id="oc-106">
         <name>.text:UARTConfigSetExpClk</name>
         <load_address>0x4008</load_address>
         <run_address>0x4008</run_address>
         <size>0x46</size>
         <input_file_ref idref="fl-ed"/>
      </object_component>
      <object_component id="oc-1b0">
         <name>.text:__TI_auto_init_nobinit_nopinit:__TI_auto_init_nobinit_nopinit</name>
         <load_address>0x4050</load_address>
         <run_address>0x4050</run_address>
         <size>0x44</size>
         <input_file_ref idref="fl-da"/>
      </object_component>
      <object_component id="oc-24b">
         <name>.text:_UARTIntNumberGet</name>
         <load_address>0x4094</load_address>
         <run_address>0x4094</run_address>
         <size>0x40</size>
         <input_file_ref idref="fl-ed"/>
      </object_component>
      <object_component id="oc-429">
         <name>.text:_fcpy</name>
         <load_address>0x40d4</load_address>
         <run_address>0x40d4</run_address>
         <size>0x3e</size>
         <input_file_ref idref="fl-dd"/>
      </object_component>
      <object_component id="oc-311">
         <name>.text:SSIConfigSetExpClk</name>
         <load_address>0x4112</load_address>
         <run_address>0x4112</run_address>
         <size>0x3c</size>
         <input_file_ref idref="fl-eb"/>
      </object_component>
      <object_component id="oc-56">
         <name>.text:_c_int00_noargs:_c_int00_noargs</name>
         <load_address>0x4150</load_address>
         <run_address>0x4150</run_address>
         <size>0x38</size>
         <input_file_ref idref="fl-d2"/>
      </object_component>
      <object_component id="oc-d1">
         <name>.text</name>
         <load_address>0x4188</load_address>
         <run_address>0x4188</run_address>
         <size>0x38</size>
         <input_file_ref idref="fl-ca"/>
      </object_component>
      <object_component id="oc-251">
         <name>.text:IntRegister</name>
         <load_address>0x41c0</load_address>
         <run_address>0x41c0</run_address>
         <size>0x34</size>
         <input_file_ref idref="fl-e9"/>
      </object_component>
      <object_component id="oc-f4">
         <name>.text:SysCtlPeripheralEnable</name>
         <load_address>0x41f4</load_address>
         <run_address>0x41f4</run_address>
         <size>0x34</size>
         <input_file_ref idref="fl-ec"/>
      </object_component>
      <object_component id="oc-203">
         <name>.text</name>
         <load_address>0x4228</load_address>
         <run_address>0x4228</run_address>
         <size>0x2e</size>
         <input_file_ref idref="fl-cb"/>
      </object_component>
      <object_component id="oc-22b">
         <name>.text:GPIODirModeSet</name>
         <load_address>0x4256</load_address>
         <run_address>0x4256</run_address>
         <size>0x2a</size>
         <input_file_ref idref="fl-e8"/>
      </object_component>
      <object_component id="oc-26a">
         <name>.text:vsprintf</name>
         <load_address>0x4280</load_address>
         <run_address>0x4280</run_address>
         <size>0x28</size>
         <input_file_ref idref="fl-d7"/>
      </object_component>
      <object_component id="oc-133">
         <name>.text:PWMGenConfigure</name>
         <load_address>0x42a8</load_address>
         <run_address>0x42a8</run_address>
         <size>0x22</size>
         <input_file_ref idref="fl-ea"/>
      </object_component>
      <object_component id="oc-238">
         <name>.text:UARTDisable</name>
         <load_address>0x42cc</load_address>
         <run_address>0x42cc</run_address>
         <size>0x20</size>
         <input_file_ref idref="fl-ed"/>
      </object_component>
      <object_component id="oc-139">
         <name>.text</name>
         <load_address>0x42ec</load_address>
         <run_address>0x42ec</run_address>
         <size>0x20</size>
         <input_file_ref idref="fl-cc"/>
      </object_component>
      <object_component id="oc-15d">
         <name>.text:PWMPulseWidthSet</name>
         <load_address>0x430c</load_address>
         <run_address>0x430c</run_address>
         <size>0x1e</size>
         <input_file_ref idref="fl-ea"/>
      </object_component>
      <object_component id="oc-3d6">
         <name>.text:memccpy</name>
         <load_address>0x432a</load_address>
         <run_address>0x432a</run_address>
         <size>0x1c</size>
         <input_file_ref idref="fl-e1"/>
      </object_component>
      <object_component id="oc-305">
         <name>.text:GPIOPinTypeGPIOOutput</name>
         <load_address>0x4346</load_address>
         <run_address>0x4346</run_address>
         <size>0x18</size>
         <input_file_ref idref="fl-e8"/>
      </object_component>
      <object_component id="oc-118">
         <name>.text:UARTIntRegister</name>
         <load_address>0x435e</load_address>
         <run_address>0x435e</run_address>
         <size>0x18</size>
         <input_file_ref idref="fl-ed"/>
      </object_component>
      <object_component id="oc-34d">
         <name>.text:_outs</name>
         <load_address>0x4376</load_address>
         <run_address>0x4376</run_address>
         <size>0x18</size>
         <input_file_ref idref="fl-d7"/>
      </object_component>
      <object_component id="oc-437">
         <name>.text:strchr</name>
         <load_address>0x438e</load_address>
         <run_address>0x438e</run_address>
         <size>0x16</size>
         <input_file_ref idref="fl-e2"/>
      </object_component>
      <object_component id="oc-127">
         <name>.text:SysCtlPWMClockSet</name>
         <load_address>0x43a4</load_address>
         <run_address>0x43a4</run_address>
         <size>0x14</size>
         <input_file_ref idref="fl-ec"/>
      </object_component>
      <object_component id="oc-23e">
         <name>.text:UARTEnable</name>
         <load_address>0x43b8</load_address>
         <run_address>0x43b8</run_address>
         <size>0x14</size>
         <input_file_ref idref="fl-ed"/>
      </object_component>
      <object_component id="oc-2d3">
         <name>.text:copysign</name>
         <load_address>0x43cc</load_address>
         <run_address>0x43cc</run_address>
         <size>0x14</size>
         <input_file_ref idref="fl-d8"/>
      </object_component>
      <object_component id="oc-270">
         <name>.text:strlen</name>
         <load_address>0x43e0</load_address>
         <run_address>0x43e0</run_address>
         <size>0x14</size>
         <input_file_ref idref="fl-d6"/>
      </object_component>
      <object_component id="oc-12d">
         <name>.text:GPIOPinTypePWM</name>
         <load_address>0x43f4</load_address>
         <run_address>0x43f4</run_address>
         <size>0x12</size>
         <input_file_ref idref="fl-e8"/>
      </object_component>
      <object_component id="oc-29b">
         <name>.text:GPIOPinTypeSSI</name>
         <load_address>0x4406</load_address>
         <run_address>0x4406</run_address>
         <size>0x12</size>
         <input_file_ref idref="fl-e8"/>
      </object_component>
      <object_component id="oc-100">
         <name>.text:GPIOPinTypeUART</name>
         <load_address>0x4418</load_address>
         <run_address>0x4418</run_address>
         <size>0x12</size>
         <input_file_ref idref="fl-e8"/>
      </object_component>
      <object_component id="oc-16a">
         <name>.text:PWMOutputState</name>
         <load_address>0x442a</load_address>
         <run_address>0x442a</run_address>
         <size>0x12</size>
         <input_file_ref idref="fl-ea"/>
      </object_component>
      <object_component id="oc-337">
         <name>.text:SSIDataGetNonBlocking</name>
         <load_address>0x443c</load_address>
         <run_address>0x443c</run_address>
         <size>0x12</size>
         <input_file_ref idref="fl-eb"/>
      </object_component>
      <object_component id="oc-44">
         <name>.text:decompress:ZI:__TI_zero_init_nomemset:__TI_zero_init_nomemset</name>
         <load_address>0x444e</load_address>
         <run_address>0x444e</run_address>
         <size>0x12</size>
         <input_file_ref idref="fl-ce"/>
      </object_component>
      <object_component id="oc-3dc">
         <name>.text:wcslen</name>
         <load_address>0x4460</load_address>
         <run_address>0x4460</run_address>
         <size>0x12</size>
         <input_file_ref idref="fl-e3"/>
      </object_component>
      <object_component id="oc-17e">
         <name>.text:FPUEnable</name>
         <load_address>0x4474</load_address>
         <run_address>0x4474</run_address>
         <size>0x10</size>
         <input_file_ref idref="fl-e7"/>
      </object_component>
      <object_component id="oc-184">
         <name>.text:FPULazyStackingEnable</name>
         <load_address>0x4484</load_address>
         <run_address>0x4484</run_address>
         <size>0x10</size>
         <input_file_ref idref="fl-e7"/>
      </object_component>
      <object_component id="oc-190">
         <name>.text:IntMasterEnable</name>
         <load_address>0x4494</load_address>
         <run_address>0x4494</run_address>
         <size>0x10</size>
         <input_file_ref idref="fl-e9"/>
      </object_component>
      <object_component id="oc-14d">
         <name>.text:PWMDeadBandEnable</name>
         <load_address>0x44a4</load_address>
         <run_address>0x44a4</run_address>
         <size>0x10</size>
         <input_file_ref idref="fl-ea"/>
      </object_component>
      <object_component id="oc-153">
         <name>.text:PWMGenPeriodSet</name>
         <load_address>0x44b4</load_address>
         <run_address>0x44b4</run_address>
         <size>0x10</size>
         <input_file_ref idref="fl-ea"/>
      </object_component>
      <object_component id="oc-dc">
         <name>.text:UARTCharGetNonBlocking</name>
         <load_address>0x44c4</load_address>
         <run_address>0x44c4</run_address>
         <size>0xe</size>
         <input_file_ref idref="fl-ed"/>
      </object_component>
      <object_component id="oc-e2">
         <name>.text:UARTCharPutNonBlocking</name>
         <load_address>0x44d2</load_address>
         <run_address>0x44d2</run_address>
         <size>0xe</size>
         <input_file_ref idref="fl-ed"/>
      </object_component>
      <object_component id="oc-ee">
         <name>.text:UARTCharsAvail</name>
         <load_address>0x44e0</load_address>
         <run_address>0x44e0</run_address>
         <size>0xe</size>
         <input_file_ref idref="fl-ed"/>
      </object_component>
      <object_component id="oc-18">
         <name>.text:decompress:none:__TI_decompress_none</name>
         <load_address>0x44ee</load_address>
         <run_address>0x44ee</run_address>
         <size>0xe</size>
         <input_file_ref idref="fl-cf"/>
      </object_component>
      <object_component id="oc-294">
         <name>.text:CPUcpsie</name>
         <load_address>0x44fc</load_address>
         <run_address>0x44fc</run_address>
         <size>0xc</size>
         <input_file_ref idref="fl-ee"/>
      </object_component>
      <object_component id="oc-170">
         <name>.text:PWMGenDisable</name>
         <load_address>0x4508</load_address>
         <run_address>0x4508</run_address>
         <size>0xc</size>
         <input_file_ref idref="fl-ea"/>
      </object_component>
      <object_component id="oc-164">
         <name>.text:PWMGenEnable</name>
         <load_address>0x4514</load_address>
         <run_address>0x4514</run_address>
         <size>0xc</size>
         <input_file_ref idref="fl-ea"/>
      </object_component>
      <object_component id="oc-323">
         <name>.text:SSIDataGet</name>
         <load_address>0x4520</load_address>
         <run_address>0x4520</run_address>
         <size>0xc</size>
         <input_file_ref idref="fl-eb"/>
      </object_component>
      <object_component id="oc-24">
         <name>.text</name>
         <load_address>0x452c</load_address>
         <run_address>0x452c</run_address>
         <size>0xc</size>
         <input_file_ref idref="fl-1"/>
      </object_component>
      <object_component id="oc-31d">
         <name>.text:SSIDataPut</name>
         <load_address>0x4538</load_address>
         <run_address>0x4538</run_address>
         <size>0xa</size>
         <input_file_ref idref="fl-eb"/>
      </object_component>
      <object_component id="oc-317">
         <name>.text:SSIEnable</name>
         <load_address>0x4542</load_address>
         <run_address>0x4542</run_address>
         <size>0xa</size>
         <input_file_ref idref="fl-eb"/>
      </object_component>
      <object_component id="oc-bf">
         <name>.text:UARTIntStatus</name>
         <load_address>0x454c</load_address>
         <run_address>0x454c</run_address>
         <size>0xa</size>
         <input_file_ref idref="fl-ed"/>
      </object_component>
      <object_component id="oc-353">
         <name>.text:_outc</name>
         <load_address>0x4556</load_address>
         <run_address>0x4556</run_address>
         <size>0xa</size>
         <input_file_ref idref="fl-d7"/>
      </object_component>
      <object_component id="oc-329">
         <name>.text:SSIBusy</name>
         <load_address>0x4560</load_address>
         <run_address>0x4560</run_address>
         <size>0x8</size>
         <input_file_ref idref="fl-eb"/>
      </object_component>
      <object_component id="oc-d6">
         <name>.text:UARTBusy</name>
         <load_address>0x4568</load_address>
         <run_address>0x4568</run_address>
         <size>0x8</size>
         <input_file_ref idref="fl-ed"/>
      </object_component>
      <object_component id="oc-112">
         <name>.text:UARTIntEnable</name>
         <load_address>0x4570</load_address>
         <run_address>0x4570</run_address>
         <size>0x8</size>
         <input_file_ref idref="fl-ed"/>
      </object_component>
      <object_component id="oc-1fd">
         <name>.text:__aeabi_errno_addr</name>
         <load_address>0x4578</load_address>
         <run_address>0x4578</run_address>
         <size>0x8</size>
         <input_file_ref idref="fl-d1"/>
      </object_component>
      <object_component id="oc-30b">
         <name>.text:GPIOPinWrite</name>
         <load_address>0x4580</load_address>
         <run_address>0x4580</run_address>
         <size>0x6</size>
         <input_file_ref idref="fl-e8"/>
      </object_component>
      <object_component id="oc-17c">
         <name>.text:SysCtlDelay</name>
         <load_address>0x4586</load_address>
         <run_address>0x4586</run_address>
         <size>0x6</size>
         <input_file_ref idref="fl-ec"/>
      </object_component>
      <object_component id="oc-c5">
         <name>.text:UARTIntClear</name>
         <load_address>0x458c</load_address>
         <run_address>0x458c</run_address>
         <size>0x4</size>
         <input_file_ref idref="fl-ed"/>
      </object_component>
      <object_component id="oc-92">
         <name>.text:_system_pre_init</name>
         <load_address>0x4590</load_address>
         <run_address>0x4590</run_address>
         <size>0x4</size>
         <input_file_ref idref="fl-db"/>
      </object_component>
      <object_component id="oc-1a4">
         <name>.text:abort:abort</name>
         <load_address>0x4594</load_address>
         <run_address>0x4594</run_address>
         <size>0x4</size>
         <input_file_ref idref="fl-d3"/>
      </object_component>
      <object_component id="oc-405">
         <name>.const:.string:_ctypes_</name>
         <load_address>0x4598</load_address>
         <run_address>0x4598</run_address>
         <size>0x101</size>
         <input_file_ref idref="fl-df"/>
      </object_component>
      <object_component id="oc-226">
         <name>.const:g_pui32GPIOBaseAddrs</name>
         <load_address>0x469c</load_address>
         <run_address>0x469c</run_address>
         <size>0x90</size>
         <input_file_ref idref="fl-e8"/>
      </object_component>
      <object_component id="oc-245">
         <name>.const</name>
         <load_address>0x472c</load_address>
         <run_address>0x472c</run_address>
         <size>0x70</size>
         <input_file_ref idref="fl-e9"/>
      </object_component>
      <object_component id="oc-1ea">
         <name>.const:g_pui32Xtals</name>
         <load_address>0x479c</load_address>
         <run_address>0x479c</run_address>
         <size>0x6c</size>
         <input_file_ref idref="fl-ec"/>
      </object_component>
      <object_component id="oc-2fa">
         <name>.const:g_ppui32UARTIntMap</name>
         <load_address>0x4808</load_address>
         <run_address>0x4808</run_address>
         <size>0x40</size>
         <input_file_ref idref="fl-ed"/>
      </object_component>
      <object_component id="oc-2fd">
         <name>.const:g_ppui32UARTIntMapSnowflake</name>
         <load_address>0x4848</load_address>
         <run_address>0x4848</run_address>
         <size>0x40</size>
         <input_file_ref idref="fl-ed"/>
      </object_component>
      <object_component id="oc-208">
         <name>.const:$O1$$</name>
         <load_address>0x4888</load_address>
         <run_address>0x4888</run_address>
         <size>0x30</size>
         <input_file_ref idref="fl-c1"/>
      </object_component>
      <object_component id="oc-4ae">
         <name>.cinit..data.load</name>
         <load_address>0x48b8</load_address>
         <run_address>0x48b8</run_address>
         <size>0x392</size>
      </object_component>
      <object_component id="oc-4ab">
         <name>__TI_handler_table</name>
         <load_address>0x4c4c</load_address>
         <run_address>0x4c4c</run_address>
         <size>0xc</size>
      </object_component>
      <object_component id="oc-4af">
         <name>.cinit..bss.load</name>
         <load_address>0x4c58</load_address>
         <run_address>0x4c58</run_address>
         <size>0x8</size>
      </object_component>
      <object_component id="oc-4ad">
         <name>.cinit..vtable.load</name>
         <load_address>0x4c60</load_address>
         <run_address>0x4c60</run_address>
         <size>0x8</size>
      </object_component>
      <object_component id="oc-4ac">
         <name>__TI_cinit_table</name>
         <load_address>0x4c68</load_address>
         <run_address>0x4c68</run_address>
         <size>0x18</size>
      </object_component>
      <object_component id="oc-301">
         <name>.vtable</name>
         <uninitialized>true</uninitialized>
         <run_address>0x20000000</run_address>
         <size>0x26c</size>
         <input_file_ref idref="fl-e9"/>
      </object_component>
      <object_component id="oc-33d">
         <name>.data:fontSize</name>
         <load_address>0x2000086c</load_address>
         <run_address>0x2000086c</run_address>
         <size>0x60</size>
         <input_file_ref idref="fl-2"/>
      </object_component>
      <object_component id="oc-276">
         <name>.data</name>
         <load_address>0x200008ec</load_address>
         <run_address>0x200008ec</run_address>
         <size>0x2</size>
         <input_file_ref idref="fl-3"/>
      </object_component>
      <object_component id="oc-15a">
         <name>.data</name>
         <load_address>0x200008cc</load_address>
         <run_address>0x200008cc</run_address>
         <size>0x1c</size>
         <input_file_ref idref="fl-5"/>
      </object_component>
      <object_component id="oc-332">
         <name>.data:FixedSys_Font</name>
         <load_address>0x2000026c</load_address>
         <run_address>0x2000026c</run_address>
         <size>0x600</size>
         <input_file_ref idref="fl-6"/>
      </object_component>
      <object_component id="oc-32f">
         <name>.data</name>
         <load_address>0x200008ee</load_address>
         <run_address>0x200008ee</run_address>
         <size>0x1</size>
         <input_file_ref idref="fl-6"/>
      </object_component>
      <object_component id="oc-2c9">
         <name>.data</name>
         <load_address>0x200008e8</load_address>
         <run_address>0x200008e8</run_address>
         <size>0x4</size>
         <input_file_ref idref="fl-d1"/>
      </object_component>
      <object_component id="oc-176">
         <name>.common:ReceivedVoltage_Current_SetValue</name>
         <uninitialized>true</uninitialized>
         <run_address>0x20000b10</run_address>
         <size>0x10</size>
      </object_component>
      <object_component id="oc-17d">
         <name>.common:Real_Voltage_Array</name>
         <uninitialized>true</uninitialized>
         <run_address>0x20000b28</run_address>
         <size>0x8</size>
      </object_component>
      <object_component id="oc-19c">
         <name>.common:Current_Array</name>
         <uninitialized>true</uninitialized>
         <run_address>0x20000b20</run_address>
         <size>0x8</size>
      </object_component>
      <object_component id="oc-19d">
         <name>.common:Set_Voltage_Array</name>
         <uninitialized>true</uninitialized>
         <run_address>0x20000b30</run_address>
         <size>0x8</size>
      </object_component>
      <object_component id="oc-163">
         <name>.common:Expected_Duty</name>
         <uninitialized>true</uninitialized>
         <run_address>0x20000b38</run_address>
         <size>0x4</size>
      </object_component>
      <object_component id="oc-159">
         <name>.common:Source_Voltage</name>
         <uninitialized>true</uninitialized>
         <run_address>0x20000b3c</run_address>
         <size>0x4</size>
      </object_component>
      <object_component id="oc-11e">
         <name>.common:pid</name>
         <uninitialized>true</uninitialized>
         <run_address>0x20000af0</run_address>
         <size>0x20</size>
      </object_component>
      <object_component id="oc-21">
         <name>.stack</name>
         <uninitialized>true</uninitialized>
         <run_address>0x200008f0</run_address>
         <size>0x4</size>
         <input_file_ref idref="fl-d2"/>
      </object_component>
      <object_component id="oc-4b0">
         <name>.stack</name>
         <uninitialized>true</uninitialized>
         <run_address>0x200008f0</run_address>
         <size>0x0</size>
      </object_component>
      <object_component id="oc-2c">
         <name>.debug_info</name>
         <load_address>0x0</load_address>
         <run_address>0x0</run_address>
         <size>0x2ae</size>
         <input_file_ref idref="fl-1"/>
      </object_component>
      <object_component id="oc-10">
         <name>.debug_info</name>
         <load_address>0x2ae</load_address>
         <run_address>0x2ae</run_address>
         <size>0xed</size>
         <input_file_ref idref="fl-1"/>
      </object_component>
      <object_component id="oc-25">
         <name>.debug_info</name>
         <load_address>0x39b</load_address>
         <run_address>0x39b</run_address>
         <size>0x267</size>
         <input_file_ref idref="fl-1"/>
      </object_component>
      <object_component id="oc-6d">
         <name>.debug_info</name>
         <load_address>0x602</load_address>
         <run_address>0x602</run_address>
         <size>0x26b</size>
         <input_file_ref idref="fl-1"/>
      </object_component>
      <object_component id="oc-33">
         <name>.debug_info</name>
         <load_address>0x86d</load_address>
         <run_address>0x86d</run_address>
         <size>0x84</size>
         <input_file_ref idref="fl-1"/>
      </object_component>
      <object_component id="oc-aa">
         <name>.debug_info</name>
         <load_address>0x8f1</load_address>
         <run_address>0x8f1</run_address>
         <size>0x297</size>
         <input_file_ref idref="fl-1"/>
      </object_component>
      <object_component id="oc-72">
         <name>.debug_info</name>
         <load_address>0xb88</load_address>
         <run_address>0xb88</run_address>
         <size>0xbb</size>
         <input_file_ref idref="fl-1"/>
      </object_component>
      <object_component id="oc-346">
         <name>.debug_info</name>
         <load_address>0xc43</load_address>
         <run_address>0xc43</run_address>
         <size>0x424</size>
         <input_file_ref idref="fl-2"/>
      </object_component>
      <object_component id="oc-33e">
         <name>.debug_info</name>
         <load_address>0x1067</load_address>
         <run_address>0x1067</run_address>
         <size>0xe2</size>
         <input_file_ref idref="fl-2"/>
      </object_component>
      <object_component id="oc-265">
         <name>.debug_info</name>
         <load_address>0x1149</load_address>
         <run_address>0x1149</run_address>
         <size>0x5ef</size>
         <input_file_ref idref="fl-2"/>
      </object_component>
      <object_component id="oc-341">
         <name>.debug_info</name>
         <load_address>0x1738</load_address>
         <run_address>0x1738</run_address>
         <size>0xd9</size>
         <input_file_ref idref="fl-2"/>
      </object_component>
      <object_component id="oc-19f">
         <name>.debug_info</name>
         <load_address>0x1811</load_address>
         <run_address>0x1811</run_address>
         <size>0x8b</size>
         <input_file_ref idref="fl-2"/>
      </object_component>
      <object_component id="oc-27a">
         <name>.debug_info</name>
         <load_address>0x189c</load_address>
         <run_address>0x189c</run_address>
         <size>0x5b7</size>
         <input_file_ref idref="fl-3"/>
      </object_component>
      <object_component id="oc-277">
         <name>.debug_info</name>
         <load_address>0x1e53</load_address>
         <run_address>0x1e53</run_address>
         <size>0xea</size>
         <input_file_ref idref="fl-3"/>
      </object_component>
      <object_component id="oc-122">
         <name>.debug_info</name>
         <load_address>0x1f3d</load_address>
         <run_address>0x1f3d</run_address>
         <size>0x605</size>
         <input_file_ref idref="fl-3"/>
      </object_component>
      <object_component id="oc-361">
         <name>.debug_info</name>
         <load_address>0x2542</load_address>
         <run_address>0x2542</run_address>
         <size>0xcc</size>
         <input_file_ref idref="fl-3"/>
      </object_component>
      <object_component id="oc-27b">
         <name>.debug_info</name>
         <load_address>0x260e</load_address>
         <run_address>0x260e</run_address>
         <size>0x2c</size>
         <input_file_ref idref="fl-3"/>
      </object_component>
      <object_component id="oc-197">
         <name>.debug_info</name>
         <load_address>0x263a</load_address>
         <run_address>0x263a</run_address>
         <size>0x233</size>
         <input_file_ref idref="fl-4"/>
      </object_component>
      <object_component id="oc-11f">
         <name>.debug_info</name>
         <load_address>0x286d</load_address>
         <run_address>0x286d</run_address>
         <size>0xa65</size>
         <input_file_ref idref="fl-5"/>
      </object_component>
      <object_component id="oc-15b">
         <name>.debug_info</name>
         <load_address>0x32d2</load_address>
         <run_address>0x32d2</run_address>
         <size>0x1d4</size>
         <input_file_ref idref="fl-5"/>
      </object_component>
      <object_component id="oc-99">
         <name>.debug_info</name>
         <load_address>0x34a6</load_address>
         <run_address>0x34a6</run_address>
         <size>0xfa9</size>
         <input_file_ref idref="fl-5"/>
      </object_component>
      <object_component id="oc-25a">
         <name>.debug_info</name>
         <load_address>0x444f</load_address>
         <run_address>0x444f</run_address>
         <size>0xc9</size>
         <input_file_ref idref="fl-5"/>
      </object_component>
      <object_component id="oc-336">
         <name>.debug_info</name>
         <load_address>0x4518</load_address>
         <run_address>0x4518</run_address>
         <size>0x4cd</size>
         <input_file_ref idref="fl-6"/>
      </object_component>
      <object_component id="oc-333">
         <name>.debug_info</name>
         <load_address>0x49e5</load_address>
         <run_address>0x49e5</run_address>
         <size>0xe8</size>
         <input_file_ref idref="fl-6"/>
      </object_component>
      <object_component id="oc-330">
         <name>.debug_info</name>
         <load_address>0x4acd</load_address>
         <run_address>0x4acd</run_address>
         <size>0xeb</size>
         <input_file_ref idref="fl-6"/>
      </object_component>
      <object_component id="oc-25f">
         <name>.debug_info</name>
         <load_address>0x4bb8</load_address>
         <run_address>0x4bb8</run_address>
         <size>0x1727</size>
         <input_file_ref idref="fl-6"/>
      </object_component>
      <object_component id="oc-221">
         <name>.debug_info</name>
         <load_address>0x62df</load_address>
         <run_address>0x62df</run_address>
         <size>0x363</size>
         <input_file_ref idref="fl-c1"/>
      </object_component>
      <object_component id="oc-209">
         <name>.debug_info</name>
         <load_address>0x6642</load_address>
         <run_address>0x6642</run_address>
         <size>0x128</size>
         <input_file_ref idref="fl-c1"/>
      </object_component>
      <object_component id="oc-e9">
         <name>.debug_info</name>
         <load_address>0x676a</load_address>
         <run_address>0x676a</run_address>
         <size>0xbdf</size>
         <input_file_ref idref="fl-c1"/>
      </object_component>
      <object_component id="oc-2e0">
         <name>.debug_info</name>
         <load_address>0x7349</load_address>
         <run_address>0x7349</run_address>
         <size>0x46</size>
         <input_file_ref idref="fl-c1"/>
      </object_component>
      <object_component id="oc-21c">
         <name>.debug_info</name>
         <load_address>0x738f</load_address>
         <run_address>0x738f</run_address>
         <size>0x39</size>
         <input_file_ref idref="fl-c1"/>
      </object_component>
      <object_component id="oc-2c8">
         <name>.debug_info</name>
         <load_address>0x73c8</load_address>
         <run_address>0x73c8</run_address>
         <size>0x2ca</size>
         <input_file_ref idref="fl-c2"/>
      </object_component>
      <object_component id="oc-1f8">
         <name>.debug_info</name>
         <load_address>0x7692</load_address>
         <run_address>0x7692</run_address>
         <size>0x24d</size>
         <input_file_ref idref="fl-c2"/>
      </object_component>
      <object_component id="oc-2da">
         <name>.debug_info</name>
         <load_address>0x78df</load_address>
         <run_address>0x78df</run_address>
         <size>0x2fd</size>
         <input_file_ref idref="fl-c3"/>
      </object_component>
      <object_component id="oc-217">
         <name>.debug_info</name>
         <load_address>0x7bdc</load_address>
         <run_address>0x7bdc</run_address>
         <size>0x225</size>
         <input_file_ref idref="fl-c3"/>
      </object_component>
      <object_component id="oc-394">
         <name>.debug_info</name>
         <load_address>0x7e01</load_address>
         <run_address>0x7e01</run_address>
         <size>0x39</size>
         <input_file_ref idref="fl-c3"/>
      </object_component>
      <object_component id="oc-2db">
         <name>.debug_info</name>
         <load_address>0x7e3a</load_address>
         <run_address>0x7e3a</run_address>
         <size>0x2c</size>
         <input_file_ref idref="fl-c3"/>
      </object_component>
      <object_component id="oc-1f5">
         <name>.debug_info</name>
         <load_address>0x7e66</load_address>
         <run_address>0x7e66</run_address>
         <size>0x14f</size>
         <input_file_ref idref="fl-c4"/>
      </object_component>
      <object_component id="oc-20c">
         <name>.debug_info</name>
         <load_address>0x7fb5</load_address>
         <run_address>0x7fb5</run_address>
         <size>0x12b</size>
         <input_file_ref idref="fl-c5"/>
      </object_component>
      <object_component id="oc-211">
         <name>.debug_info</name>
         <load_address>0x80e0</load_address>
         <run_address>0x80e0</run_address>
         <size>0x12d</size>
         <input_file_ref idref="fl-c5"/>
      </object_component>
      <object_component id="oc-140">
         <name>.debug_info</name>
         <load_address>0x820d</load_address>
         <run_address>0x820d</run_address>
         <size>0x13d</size>
         <input_file_ref idref="fl-c6"/>
      </object_component>
      <object_component id="oc-144">
         <name>.debug_info</name>
         <load_address>0x834a</load_address>
         <run_address>0x834a</run_address>
         <size>0x13d</size>
         <input_file_ref idref="fl-c7"/>
      </object_component>
      <object_component id="oc-149">
         <name>.debug_info</name>
         <load_address>0x8487</load_address>
         <run_address>0x8487</run_address>
         <size>0x131</size>
         <input_file_ref idref="fl-c8"/>
      </object_component>
      <object_component id="oc-178">
         <name>.debug_info</name>
         <load_address>0x85b8</load_address>
         <run_address>0x85b8</run_address>
         <size>0x141</size>
         <input_file_ref idref="fl-c9"/>
      </object_component>
      <object_component id="oc-d2">
         <name>.debug_info</name>
         <load_address>0x86f9</load_address>
         <run_address>0x86f9</run_address>
         <size>0x12f</size>
         <input_file_ref idref="fl-ca"/>
      </object_component>
      <object_component id="oc-204">
         <name>.debug_info</name>
         <load_address>0x8828</load_address>
         <run_address>0x8828</run_address>
         <size>0x12f</size>
         <input_file_ref idref="fl-cb"/>
      </object_component>
      <object_component id="oc-13a">
         <name>.debug_info</name>
         <load_address>0x8957</load_address>
         <run_address>0x8957</run_address>
         <size>0x131</size>
         <input_file_ref idref="fl-cc"/>
      </object_component>
      <object_component id="oc-8d">
         <name>.debug_info</name>
         <load_address>0x8a88</load_address>
         <run_address>0x8a88</run_address>
         <size>0x14a</size>
         <input_file_ref idref="fl-cd"/>
      </object_component>
      <object_component id="oc-8b">
         <name>.debug_info</name>
         <load_address>0x8bd2</load_address>
         <run_address>0x8bd2</run_address>
         <size>0x31e</size>
         <input_file_ref idref="fl-ce"/>
      </object_component>
      <object_component id="oc-45">
         <name>.debug_info</name>
         <load_address>0x8ef0</load_address>
         <run_address>0x8ef0</run_address>
         <size>0x1bf</size>
         <input_file_ref idref="fl-ce"/>
      </object_component>
      <object_component id="oc-86">
         <name>.debug_info</name>
         <load_address>0x90af</load_address>
         <run_address>0x90af</run_address>
         <size>0x46</size>
         <input_file_ref idref="fl-ce"/>
      </object_component>
      <object_component id="oc-b6">
         <name>.debug_info</name>
         <load_address>0x90f5</load_address>
         <run_address>0x90f5</run_address>
         <size>0x2c</size>
         <input_file_ref idref="fl-ce"/>
      </object_component>
      <object_component id="oc-43">
         <name>.debug_info</name>
         <load_address>0x9121</load_address>
         <run_address>0x9121</run_address>
         <size>0x2a8</size>
         <input_file_ref idref="fl-cf"/>
      </object_component>
      <object_component id="oc-19">
         <name>.debug_info</name>
         <load_address>0x93c9</load_address>
         <run_address>0x93c9</run_address>
         <size>0x1ea</size>
         <input_file_ref idref="fl-cf"/>
      </object_component>
      <object_component id="oc-3e">
         <name>.debug_info</name>
         <load_address>0x95b3</load_address>
         <run_address>0x95b3</run_address>
         <size>0x46</size>
         <input_file_ref idref="fl-cf"/>
      </object_component>
      <object_component id="oc-7e">
         <name>.debug_info</name>
         <load_address>0x95f9</load_address>
         <run_address>0x95f9</run_address>
         <size>0x2c</size>
         <input_file_ref idref="fl-cf"/>
      </object_component>
      <object_component id="oc-7c">
         <name>.debug_info</name>
         <load_address>0x9625</load_address>
         <run_address>0x9625</run_address>
         <size>0x29e</size>
         <input_file_ref idref="fl-d0"/>
      </object_component>
      <object_component id="oc-13">
         <name>.debug_info</name>
         <load_address>0x98c3</load_address>
         <run_address>0x98c3</run_address>
         <size>0x250</size>
         <input_file_ref idref="fl-d0"/>
      </object_component>
      <object_component id="oc-2e">
         <name>.debug_info</name>
         <load_address>0x9b13</load_address>
         <run_address>0x9b13</run_address>
         <size>0x60</size>
         <input_file_ref idref="fl-d0"/>
      </object_component>
      <object_component id="oc-af">
         <name>.debug_info</name>
         <load_address>0x9b73</load_address>
         <run_address>0x9b73</run_address>
         <size>0x46</size>
         <input_file_ref idref="fl-d0"/>
      </object_component>
      <object_component id="oc-77">
         <name>.debug_info</name>
         <load_address>0x9bb9</load_address>
         <run_address>0x9bb9</run_address>
         <size>0x39</size>
         <input_file_ref idref="fl-d0"/>
      </object_component>
      <object_component id="oc-2cd">
         <name>.debug_info</name>
         <load_address>0x9bf2</load_address>
         <run_address>0x9bf2</run_address>
         <size>0x289</size>
         <input_file_ref idref="fl-d1"/>
      </object_component>
      <object_component id="oc-2ca">
         <name>.debug_info</name>
         <load_address>0x9e7b</load_address>
         <run_address>0x9e7b</run_address>
         <size>0x10e</size>
         <input_file_ref idref="fl-d1"/>
      </object_component>
      <object_component id="oc-1fe">
         <name>.debug_info</name>
         <load_address>0x9f89</load_address>
         <run_address>0x9f89</run_address>
         <size>0x14e</size>
         <input_file_ref idref="fl-d1"/>
      </object_component>
      <object_component id="oc-22">
         <name>.debug_info</name>
         <load_address>0xa0d7</load_address>
         <run_address>0xa0d7</run_address>
         <size>0x10b</size>
         <input_file_ref idref="fl-d2"/>
      </object_component>
      <object_component id="oc-57">
         <name>.debug_info</name>
         <load_address>0xa1e2</load_address>
         <run_address>0xa1e2</run_address>
         <size>0x1af</size>
         <input_file_ref idref="fl-d2"/>
      </object_component>
      <object_component id="oc-1a5">
         <name>.debug_info</name>
         <load_address>0xa391</load_address>
         <run_address>0xa391</run_address>
         <size>0x122</size>
         <input_file_ref idref="fl-d3"/>
      </object_component>
      <object_component id="oc-35c">
         <name>.debug_info</name>
         <load_address>0xa4b3</load_address>
         <run_address>0xa4b3</run_address>
         <size>0x28f</size>
         <input_file_ref idref="fl-d6"/>
      </object_component>
      <object_component id="oc-271">
         <name>.debug_info</name>
         <load_address>0xa742</load_address>
         <run_address>0xa742</run_address>
         <size>0x24b</size>
         <input_file_ref idref="fl-d6"/>
      </object_component>
      <object_component id="oc-35a">
         <name>.debug_info</name>
         <load_address>0xa98d</load_address>
         <run_address>0xa98d</run_address>
         <size>0x339</size>
         <input_file_ref idref="fl-d7"/>
      </object_component>
      <object_component id="oc-26b">
         <name>.debug_info</name>
         <load_address>0xacc6</load_address>
         <run_address>0xacc6</run_address>
         <size>0x1fa</size>
         <input_file_ref idref="fl-d7"/>
      </object_component>
      <object_component id="oc-34e">
         <name>.debug_info</name>
         <load_address>0xaec0</load_address>
         <run_address>0xaec0</run_address>
         <size>0x190</size>
         <input_file_ref idref="fl-d7"/>
      </object_component>
      <object_component id="oc-354">
         <name>.debug_info</name>
         <load_address>0xb050</load_address>
         <run_address>0xb050</run_address>
         <size>0x170</size>
         <input_file_ref idref="fl-d7"/>
      </object_component>
      <object_component id="oc-449">
         <name>.debug_info</name>
         <load_address>0xb1c0</load_address>
         <run_address>0xb1c0</run_address>
         <size>0x2c</size>
         <input_file_ref idref="fl-d7"/>
      </object_component>
      <object_component id="oc-2d4">
         <name>.debug_info</name>
         <load_address>0xb1ec</load_address>
         <run_address>0xb1ec</run_address>
         <size>0x161</size>
         <input_file_ref idref="fl-d8"/>
      </object_component>
      <object_component id="oc-3b">
         <name>.debug_info</name>
         <load_address>0xb34d</load_address>
         <run_address>0xb34d</run_address>
         <size>0x11c</size>
         <input_file_ref idref="fl-d9"/>
      </object_component>
      <object_component id="oc-2ad">
         <name>.debug_info</name>
         <load_address>0xb469</load_address>
         <run_address>0xb469</run_address>
         <size>0x552</size>
         <input_file_ref idref="fl-da"/>
      </object_component>
      <object_component id="oc-1b1">
         <name>.debug_info</name>
         <load_address>0xb9bb</load_address>
         <run_address>0xb9bb</run_address>
         <size>0x1a6</size>
         <input_file_ref idref="fl-da"/>
      </object_component>
      <object_component id="oc-37a">
         <name>.debug_info</name>
         <load_address>0xbb61</load_address>
         <run_address>0xbb61</run_address>
         <size>0x39</size>
         <input_file_ref idref="fl-da"/>
      </object_component>
      <object_component id="oc-3f7">
         <name>.debug_info</name>
         <load_address>0xbb9a</load_address>
         <run_address>0xbb9a</run_address>
         <size>0x39</size>
         <input_file_ref idref="fl-da"/>
      </object_component>
      <object_component id="oc-37f">
         <name>.debug_info</name>
         <load_address>0xbbd3</load_address>
         <run_address>0xbbd3</run_address>
         <size>0x39</size>
         <input_file_ref idref="fl-da"/>
      </object_component>
      <object_component id="oc-384">
         <name>.debug_info</name>
         <load_address>0xbc0c</load_address>
         <run_address>0xbc0c</run_address>
         <size>0xcd</size>
         <input_file_ref idref="fl-da"/>
      </object_component>
      <object_component id="oc-93">
         <name>.debug_info</name>
         <load_address>0xbcd9</load_address>
         <run_address>0xbcd9</run_address>
         <size>0x153</size>
         <input_file_ref idref="fl-db"/>
      </object_component>
      <object_component id="oc-3e3">
         <name>.debug_info</name>
         <load_address>0xbe2c</load_address>
         <run_address>0xbe2c</run_address>
         <size>0x8b1</size>
         <input_file_ref idref="fl-dd"/>
      </object_component>
      <object_component id="oc-3b9">
         <name>.debug_info</name>
         <load_address>0xc6dd</load_address>
         <run_address>0xc6dd</run_address>
         <size>0x21e</size>
         <input_file_ref idref="fl-dd"/>
      </object_component>
      <object_component id="oc-417">
         <name>.debug_info</name>
         <load_address>0xc8fb</load_address>
         <run_address>0xc8fb</run_address>
         <size>0x1b3</size>
         <input_file_ref idref="fl-dd"/>
      </object_component>
      <object_component id="oc-41d">
         <name>.debug_info</name>
         <load_address>0xcaae</load_address>
         <run_address>0xcaae</run_address>
         <size>0x21b</size>
         <input_file_ref idref="fl-dd"/>
      </object_component>
      <object_component id="oc-3bf">
         <name>.debug_info</name>
         <load_address>0xccc9</load_address>
         <run_address>0xccc9</run_address>
         <size>0x3bb</size>
         <input_file_ref idref="fl-dd"/>
      </object_component>
      <object_component id="oc-424">
         <name>.debug_info</name>
         <load_address>0xd084</load_address>
         <run_address>0xd084</run_address>
         <size>0x305</size>
         <input_file_ref idref="fl-dd"/>
      </object_component>
      <object_component id="oc-42a">
         <name>.debug_info</name>
         <load_address>0xd389</load_address>
         <run_address>0xd389</run_address>
         <size>0x215</size>
         <input_file_ref idref="fl-dd"/>
      </object_component>
      <object_component id="oc-3c5">
         <name>.debug_info</name>
         <load_address>0xd59e</load_address>
         <run_address>0xd59e</run_address>
         <size>0x215</size>
         <input_file_ref idref="fl-dd"/>
      </object_component>
      <object_component id="oc-3cb">
         <name>.debug_info</name>
         <load_address>0xd7b3</load_address>
         <run_address>0xd7b3</run_address>
         <size>0x304</size>
         <input_file_ref idref="fl-dd"/>
      </object_component>
      <object_component id="oc-3d1">
         <name>.debug_info</name>
         <load_address>0xdab7</load_address>
         <run_address>0xdab7</run_address>
         <size>0x4b0</size>
         <input_file_ref idref="fl-dd"/>
      </object_component>
      <object_component id="oc-348">
         <name>.debug_info</name>
         <load_address>0xdf67</load_address>
         <run_address>0xdf67</run_address>
         <size>0x5d8</size>
         <input_file_ref idref="fl-dd"/>
      </object_component>
      <object_component id="oc-3e4">
         <name>.debug_info</name>
         <load_address>0xe53f</load_address>
         <run_address>0xe53f</run_address>
         <size>0x86</size>
         <input_file_ref idref="fl-dd"/>
      </object_component>
      <object_component id="oc-44e">
         <name>.debug_info</name>
         <load_address>0xe5c5</load_address>
         <run_address>0xe5c5</run_address>
         <size>0x39</size>
         <input_file_ref idref="fl-dd"/>
      </object_component>
      <object_component id="oc-476">
         <name>.debug_info</name>
         <load_address>0xe5fe</load_address>
         <run_address>0xe5fe</run_address>
         <size>0xb6</size>
         <input_file_ref idref="fl-dd"/>
      </object_component>
      <object_component id="oc-453">
         <name>.debug_info</name>
         <load_address>0xe6b4</load_address>
         <run_address>0xe6b4</run_address>
         <size>0x46</size>
         <input_file_ref idref="fl-dd"/>
      </object_component>
      <object_component id="oc-3e9">
         <name>.debug_info</name>
         <load_address>0xe6fa</load_address>
         <run_address>0xe6fa</run_address>
         <size>0x46</size>
         <input_file_ref idref="fl-dd"/>
      </object_component>
      <object_component id="oc-409">
         <name>.debug_info</name>
         <load_address>0xe740</load_address>
         <run_address>0xe740</run_address>
         <size>0x2b9</size>
         <input_file_ref idref="fl-de"/>
      </object_component>
      <object_component id="oc-3b4">
         <name>.debug_info</name>
         <load_address>0xe9f9</load_address>
         <run_address>0xe9f9</run_address>
         <size>0x17c</size>
         <input_file_ref idref="fl-de"/>
      </object_component>
      <object_component id="oc-45a">
         <name>.debug_info</name>
         <load_address>0xeb75</load_address>
         <run_address>0xeb75</run_address>
         <size>0xf9</size>
         <input_file_ref idref="fl-df"/>
      </object_component>
      <object_component id="oc-406">
         <name>.debug_info</name>
         <load_address>0xec6e</load_address>
         <run_address>0xec6e</run_address>
         <size>0x105</size>
         <input_file_ref idref="fl-df"/>
      </object_component>
      <object_component id="oc-464">
         <name>.debug_info</name>
         <load_address>0xed73</load_address>
         <run_address>0xed73</run_address>
         <size>0x29b</size>
         <input_file_ref idref="fl-e0"/>
      </object_component>
      <object_component id="oc-413">
         <name>.debug_info</name>
         <load_address>0xf00e</load_address>
         <run_address>0xf00e</run_address>
         <size>0x1cd</size>
         <input_file_ref idref="fl-e0"/>
      </object_component>
      <object_component id="oc-43f">
         <name>.debug_info</name>
         <load_address>0xf1db</load_address>
         <run_address>0xf1db</run_address>
         <size>0x296</size>
         <input_file_ref idref="fl-e1"/>
      </object_component>
      <object_component id="oc-3d8">
         <name>.debug_info</name>
         <load_address>0xf471</load_address>
         <run_address>0xf471</run_address>
         <size>0x1b6</size>
         <input_file_ref idref="fl-e1"/>
      </object_component>
      <object_component id="oc-46c">
         <name>.debug_info</name>
         <load_address>0xf627</load_address>
         <run_address>0xf627</run_address>
         <size>0x29a</size>
         <input_file_ref idref="fl-e2"/>
      </object_component>
      <object_component id="oc-438">
         <name>.debug_info</name>
         <load_address>0xf8c1</load_address>
         <run_address>0xf8c1</run_address>
         <size>0x268</size>
         <input_file_ref idref="fl-e2"/>
      </object_component>
      <object_component id="oc-446">
         <name>.debug_info</name>
         <load_address>0xfb29</load_address>
         <run_address>0xfb29</run_address>
         <size>0x28f</size>
         <input_file_ref idref="fl-e3"/>
      </object_component>
      <object_component id="oc-3dd">
         <name>.debug_info</name>
         <load_address>0xfdb8</load_address>
         <run_address>0xfdb8</run_address>
         <size>0x15a</size>
         <input_file_ref idref="fl-e3"/>
      </object_component>
      <object_component id="oc-46f">
         <name>.debug_info</name>
         <load_address>0xff12</load_address>
         <run_address>0xff12</run_address>
         <size>0x46</size>
         <input_file_ref idref="fl-e3"/>
      </object_component>
      <object_component id="oc-441">
         <name>.debug_info</name>
         <load_address>0xff58</load_address>
         <run_address>0xff58</run_address>
         <size>0x39</size>
         <input_file_ref idref="fl-e3"/>
      </object_component>
      <object_component id="oc-46a">
         <name>.debug_info</name>
         <load_address>0xff91</load_address>
         <run_address>0xff91</run_address>
         <size>0x29a</size>
         <input_file_ref idref="fl-e4"/>
      </object_component>
      <object_component id="oc-432">
         <name>.debug_info</name>
         <load_address>0x1022b</load_address>
         <run_address>0x1022b</run_address>
         <size>0x195</size>
         <input_file_ref idref="fl-e4"/>
      </object_component>
      <object_component id="oc-40b">
         <name>.debug_info</name>
         <load_address>0x103c0</load_address>
         <run_address>0x103c0</run_address>
         <size>0x137</size>
         <input_file_ref idref="fl-e5"/>
      </object_component>
      <object_component id="oc-45e">
         <name>.debug_info</name>
         <load_address>0x104f7</load_address>
         <run_address>0x104f7</run_address>
         <size>0x118</size>
         <input_file_ref idref="fl-e6"/>
      </object_component>
      <object_component id="oc-188">
         <name>.debug_info</name>
         <load_address>0x1060f</load_address>
         <run_address>0x1060f</run_address>
         <size>0x225</size>
         <input_file_ref idref="fl-e7"/>
      </object_component>
      <object_component id="oc-182">
         <name>.debug_info</name>
         <load_address>0x10834</load_address>
         <run_address>0x10834</run_address>
         <size>0x20d</size>
         <input_file_ref idref="fl-e7"/>
      </object_component>
      <object_component id="oc-1e3">
         <name>.debug_info</name>
         <load_address>0x10a41</load_address>
         <run_address>0x10a41</run_address>
         <size>0x18b</size>
         <input_file_ref idref="fl-e7"/>
      </object_component>
      <object_component id="oc-22a">
         <name>.debug_info</name>
         <load_address>0x10bcc</load_address>
         <run_address>0x10bcc</run_address>
         <size>0x240</size>
         <input_file_ref idref="fl-e8"/>
      </object_component>
      <object_component id="oc-227">
         <name>.debug_info</name>
         <load_address>0x10e0c</load_address>
         <run_address>0x10e0c</run_address>
         <size>0x15b</size>
         <input_file_ref idref="fl-e8"/>
      </object_component>
      <object_component id="oc-30c">
         <name>.debug_info</name>
         <load_address>0x10f67</load_address>
         <run_address>0x10f67</run_address>
         <size>0x2a3</size>
         <input_file_ref idref="fl-e8"/>
      </object_component>
      <object_component id="oc-22c">
         <name>.debug_info</name>
         <load_address>0x1120a</load_address>
         <run_address>0x1120a</run_address>
         <size>0x2b3</size>
         <input_file_ref idref="fl-e8"/>
      </object_component>
      <object_component id="oc-232">
         <name>.debug_info</name>
         <load_address>0x114bd</load_address>
         <run_address>0x114bd</run_address>
         <size>0x316</size>
         <input_file_ref idref="fl-e8"/>
      </object_component>
      <object_component id="oc-101">
         <name>.debug_info</name>
         <load_address>0x117d3</load_address>
         <run_address>0x117d3</run_address>
         <size>0x27b</size>
         <input_file_ref idref="fl-e8"/>
      </object_component>
      <object_component id="oc-29c">
         <name>.debug_info</name>
         <load_address>0x11a4e</load_address>
         <run_address>0x11a4e</run_address>
         <size>0x279</size>
         <input_file_ref idref="fl-e8"/>
      </object_component>
      <object_component id="oc-12e">
         <name>.debug_info</name>
         <load_address>0x11cc7</load_address>
         <run_address>0x11cc7</run_address>
         <size>0x279</size>
         <input_file_ref idref="fl-e8"/>
      </object_component>
      <object_component id="oc-306">
         <name>.debug_info</name>
         <load_address>0x11f40</load_address>
         <run_address>0x11f40</run_address>
         <size>0x2b7</size>
         <input_file_ref idref="fl-e8"/>
      </object_component>
      <object_component id="oc-fb">
         <name>.debug_info</name>
         <load_address>0x121f7</load_address>
         <run_address>0x121f7</run_address>
         <size>0x280</size>
         <input_file_ref idref="fl-e8"/>
      </object_component>
      <object_component id="oc-249">
         <name>.debug_info</name>
         <load_address>0x12477</load_address>
         <run_address>0x12477</run_address>
         <size>0x20e</size>
         <input_file_ref idref="fl-e9"/>
      </object_component>
      <object_component id="oc-246">
         <name>.debug_info</name>
         <load_address>0x12685</load_address>
         <run_address>0x12685</run_address>
         <size>0x210</size>
         <input_file_ref idref="fl-e9"/>
      </object_component>
      <object_component id="oc-302">
         <name>.debug_info</name>
         <load_address>0x12895</load_address>
         <run_address>0x12895</run_address>
         <size>0x157</size>
         <input_file_ref idref="fl-e9"/>
      </object_component>
      <object_component id="oc-253">
         <name>.debug_info</name>
         <load_address>0x129ec</load_address>
         <run_address>0x129ec</run_address>
         <size>0x2c1</size>
         <input_file_ref idref="fl-e9"/>
      </object_component>
      <object_component id="oc-193">
         <name>.debug_info</name>
         <load_address>0x12cad</load_address>
         <run_address>0x12cad</run_address>
         <size>0x23e</size>
         <input_file_ref idref="fl-e9"/>
      </object_component>
      <object_component id="oc-10e">
         <name>.debug_info</name>
         <load_address>0x12eeb</load_address>
         <run_address>0x12eeb</run_address>
         <size>0x268</size>
         <input_file_ref idref="fl-e9"/>
      </object_component>
      <object_component id="oc-283">
         <name>.debug_info</name>
         <load_address>0x13153</load_address>
         <run_address>0x13153</run_address>
         <size>0x1ed</size>
         <input_file_ref idref="fl-ea"/>
      </object_component>
      <object_component id="oc-15e">
         <name>.debug_info</name>
         <load_address>0x13340</load_address>
         <run_address>0x13340</run_address>
         <size>0x2f6</size>
         <input_file_ref idref="fl-ea"/>
      </object_component>
      <object_component id="oc-16b">
         <name>.debug_info</name>
[...]
      </symbol>
      <symbol id="sm-1c2">
         <name>UC1701AddressSet</name>
         <value>0x184f</value>
         <object_component_ref idref="oc-25e"/>
      </symbol>
      <symbol id="sm-1c3">
         <name>UC1701Display</name>
         <value>0x1893</value>
         <object_component_ref idref="oc-25e"/>
      </symbol>
      <symbol id="sm-1c4">
         <name>UC1701DataWrite</name>
         <value>0x175d</value>
         <object_component_ref idref="oc-25e"/>
      </symbol>
      <symbol id="sm-1c5">
         <name>UC1701DoubleCmdWrite</name>
         <value>0x17f1</value>
         <object_component_ref idref="oc-25e"/>
      </symbol>
      <symbol id="sm-1c6">
         <name>UC1701PMSet</name>
         <value>0x1bed</value>
         <object_component_ref idref="oc-25e"/>
      </symbol>
      <symbol id="sm-1c7">
         <name>UC1701DisplayOff</name>
         <value>0x1bc3</value>
         <object_component_ref idref="oc-25e"/>
      </symbol>
      <symbol id="sm-1c8">
         <name>UC1701Test</name>
         <value>0x1c3b</value>
         <object_component_ref idref="oc-25e"/>
      </symbol>
      <symbol id="sm-1c9">
         <name>UC1701ScrollLineSet</name>
         <value>0x1bcd</value>
         <object_component_ref idref="oc-25e"/>
      </symbol>
      <symbol id="sm-1ca">
         <name>UC1701AllPixelOnEnable</name>
         <value>0x1ba5</value>
         <object_component_ref idref="oc-25e"/>
      </symbol>
      <symbol id="sm-1cb">
         <name>UC1701FontDisplay</name>
         <value>0x1a6f</value>
         <object_component_ref idref="oc-25e"/>
      </symbol>
      <symbol id="sm-1cc">
         <name>UC1701CmdWrite</name>
         <value>0x17a7</value>
         <object_component_ref idref="oc-25e"/>
      </symbol>
      <symbol id="sm-1cd">
         <name>UC1701DisplayOn</name>
         <value>0x1bb9</value>
         <object_component_ref idref="oc-25e"/>
      </symbol>
      <symbol id="sm-1ce">
         <name>UC1701ChineseDispaly</name>
         <value>0x1959</value>
         <object_component_ref idref="oc-25e"/>
      </symbol>
      <symbol id="sm-1cf">
         <name>UC1701InverseDisable</name>
         <value>0x1b9d</value>
         <object_component_ref idref="oc-25e"/>
      </symbol>
      <symbol id="sm-1d0">
         <name>UC1701DisplayN</name>
         <value>0x19d1</value>
         <object_component_ref idref="oc-25e"/>
      </symbol>
      <symbol id="sm-1d1">
         <name>UC1701BRSet</name>
         <value>0x1bff</value>
         <object_component_ref idref="oc-25e"/>
      </symbol>
      <symbol id="sm-1d2">
         <name>UC1701ComDirSet</name>
         <value>0x1c27</value>
         <object_component_ref idref="oc-25e"/>
      </symbol>
      <symbol id="sm-1d3">
         <name>UC1701InverseEnable</name>
         <value>0x1b95</value>
         <object_component_ref idref="oc-25e"/>
      </symbol>
      <symbol id="sm-1d4">
         <name>FixedSys_Font</name>
         <value>0x2000026c</value>
         <object_component_ref idref="oc-332"/>
      </symbol>
      <symbol id="sm-1d5">
         <name>inverse_factor</name>
         <value>0x200008ee</value>
         <object_component_ref idref="oc-32f"/>
      </symbol>
      <symbol id="sm-1d6">
         <name>UC1701AllPixelOnDisable</name>
         <value>0x1baf</value>
         <object_component_ref idref="oc-25e"/>
      </symbol>
      <symbol id="sm-1d7">
         <name>UC1701CharDispaly</name>
         <value>0x196d</value>
         <object_component_ref idref="oc-25e"/>
      </symbol>
      <symbol id="sm-26e">
         <name>pow</name>
         <value>0xccd</value>
         <object_component_ref idref="oc-e8"/>
      </symbol>
      <symbol id="sm-26f">
         <name>powl</name>
         <value>0xccd</value>
         <object_component_ref idref="oc-e8"/>
      </symbol>
      <symbol id="sm-291">
         <name>sqrtl</name>
         <value>0x2e1d</value>
         <object_component_ref idref="oc-1f7"/>
      </symbol>
      <symbol id="sm-292">
         <name>sqrt</name>
         <value>0x2e1d</value>
         <object_component_ref idref="oc-1f7"/>
      </symbol>
      <symbol id="sm-2b9">
         <name>scalbn</name>
         <value>0x354d</value>
         <object_component_ref idref="oc-215"/>
      </symbol>
      <symbol id="sm-2ba">
         <name>scalbnl</name>
         <value>0x354d</value>
         <object_component_ref idref="oc-215"/>
      </symbol>
      <symbol id="sm-2bb">
         <name>ldexpl</name>
         <value>0x354d</value>
         <object_component_ref idref="oc-215"/>
      </symbol>
      <symbol id="sm-2bc">
         <name>ldexp</name>
         <value>0x354d</value>
         <object_component_ref idref="oc-215"/>
      </symbol>
      <symbol id="sm-2d3">
         <name>__aeabi_dsub</name>
         <value>0x2c65</value>
         <object_component_ref idref="oc-1f2"/>
      </symbol>
      <symbol id="sm-2d4">
         <name>__aeabi_dadd</name>
         <value>0x2c6f</value>
         <object_component_ref idref="oc-1f2"/>
      </symbol>
      <symbol id="sm-2f6">
         <name>__aeabi_cdcmpeq</name>
         <value>0x3a31</value>
         <object_component_ref idref="oc-20b"/>
      </symbol>
      <symbol id="sm-2f7">
         <name>__aeabi_cdcmple</name>
         <value>0x3a31</value>
         <object_component_ref idref="oc-20b"/>
      </symbol>
      <symbol id="sm-2f8">
         <name>__aeabi_cdrcmple</name>
         <value>0x3ab7</value>
         <object_component_ref idref="oc-210"/>
      </symbol>
      <symbol id="sm-30c">
         <name>__aeabi_ddiv</name>
         <value>0x30b1</value>
         <object_component_ref idref="oc-13e"/>
      </symbol>
      <symbol id="sm-317">
         <name>__aeabi_dmul</name>
         <value>0x365d</value>
         <object_component_ref idref="oc-143"/>
      </symbol>
      <symbol id="sm-321">
         <name>__aeabi_d2iz</name>
         <value>0x3fc1</value>
         <object_component_ref idref="oc-148"/>
      </symbol>
      <symbol id="sm-32d">
         <name>__aeabi_d2f</name>
         <value>0x3c25</value>
         <object_component_ref idref="oc-177"/>
      </symbol>
      <symbol id="sm-338">
         <name>__aeabi_f2d</name>
         <value>0x4189</value>
         <object_component_ref idref="oc-d1"/>
      </symbol>
      <symbol id="sm-342">
         <name>__aeabi_i2d</name>
         <value>0x4229</value>
         <object_component_ref idref="oc-203"/>
      </symbol>
      <symbol id="sm-34c">
         <name>__aeabi_ui2d</name>
         <value>0x42ed</value>
         <object_component_ref idref="oc-139"/>
      </symbol>
      <symbol id="sm-35b">
         <name>__aeabi_memset</name>
         <value>0x3b3f</value>
         <object_component_ref idref="oc-8c"/>
      </symbol>
      <symbol id="sm-35c">
         <name>memset</name>
         <value>0x3b45</value>
         <object_component_ref idref="oc-8c"/>
      </symbol>
      <symbol id="sm-35d">
         <name>__aeabi_memset8</name>
         <value>0x3b3f</value>
         <object_component_ref idref="oc-8c"/>
      </symbol>
      <symbol id="sm-35e">
         <name>__aeabi_memset4</name>
         <value>0x3b3f</value>
         <object_component_ref idref="oc-8c"/>
      </symbol>
      <symbol id="sm-35f">
         <name>__aeabi_memclr8</name>
         <value>0x3b3d</value>
         <object_component_ref idref="oc-8c"/>
      </symbol>
      <symbol id="sm-360">
         <name>__aeabi_memclr4</name>
         <value>0x3b3d</value>
         <object_component_ref idref="oc-8c"/>
      </symbol>
      <symbol id="sm-361">
         <name>__aeabi_memclr</name>
         <value>0x3b3d</value>
         <object_component_ref idref="oc-8c"/>
      </symbol>
      <symbol id="sm-37a">
         <name>__TI_zero_init_nomemset</name>
         <value>0x444f</value>
         <object_component_ref idref="oc-44"/>
      </symbol>
      <symbol id="sm-391">
         <name>__TI_decompress_none</name>
         <value>0x44ef</value>
         <object_component_ref idref="oc-18"/>
      </symbol>
      <symbol id="sm-3b4">
         <name>__TI_decompress_lzss</name>
         <value>0x3cfd</value>
         <object_component_ref idref="oc-12"/>
      </symbol>
      <symbol id="sm-3ca">
         <name>__aeabi_errno_addr</name>
         <value>0x4579</value>
         <object_component_ref idref="oc-1fd"/>
      </symbol>
      <symbol id="sm-3cb">
         <name>errno</name>
         <value>0x200008e8</value>
         <object_component_ref idref="oc-2c9"/>
      </symbol>
      <symbol id="sm-3de">
         <name>__stack</name>
         <value>0x200008f0</value>
         <object_component_ref idref="oc-21"/>
      </symbol>
      <symbol id="sm-3df">
         <name>_c_int00_noargs</name>
         <value>0x4151</value>
         <object_component_ref idref="oc-56"/>
      </symbol>
      <symbol id="sm-3ea">
         <name>C$$EXIT</name>
         <value>0x4595</value>
         <object_component_ref idref="oc-1a4"/>
      </symbol>
      <symbol id="sm-3eb">
         <name>abort</name>
         <value>0x4595</value>
         <object_component_ref idref="oc-1a4"/>
      </symbol>
      <symbol id="sm-3fb">
         <name>strlen</name>
         <value>0x43e1</value>
         <object_component_ref idref="oc-270"/>
      </symbol>
      <symbol id="sm-422">
         <name>vsprintf</name>
         <value>0x4281</value>
         <object_component_ref idref="oc-26a"/>
      </symbol>
      <symbol id="sm-42c">
         <name>copysign</name>
         <value>0x43cd</value>
         <object_component_ref idref="oc-2d3"/>
      </symbol>
      <symbol id="sm-42d">
         <name>copysignl</name>
         <value>0x43cd</value>
         <object_component_ref idref="oc-2d3"/>
      </symbol>
      <symbol id="sm-448">
         <name>memcpy</name>
         <value>0x38ff</value>
         <object_component_ref idref="oc-38"/>
      </symbol>
      <symbol id="sm-449">
         <name>__aeabi_memcpy</name>
         <value>0x38ff</value>
         <object_component_ref idref="oc-38"/>
      </symbol>
      <symbol id="sm-44a">
         <name>__aeabi_memcpy8</name>
         <value>0x38ff</value>
         <object_component_ref idref="oc-38"/>
      </symbol>
      <symbol id="sm-44b">
         <name>__aeabi_memcpy4</name>
         <value>0x38ff</value>
         <object_component_ref idref="oc-38"/>
      </symbol>
      <symbol id="sm-473">
         <name>__TI_auto_init_nobinit_nopinit</name>
         <value>0x4051</value>
         <object_component_ref idref="oc-1b0"/>
      </symbol>
      <symbol id="sm-47d">
         <name>_system_pre_init</name>
         <value>0x4591</value>
         <object_component_ref idref="oc-92"/>
      </symbol>
      <symbol id="sm-5e3">
         <name>__TI_printfi</name>
         <value>0x26d</value>
         <object_component_ref idref="oc-347"/>
      </symbol>
      <symbol id="sm-5f9">
         <name>atoi</name>
         <value>0x3f2d</value>
         <object_component_ref idref="oc-3b2"/>
      </symbol>
      <symbol id="sm-604">
         <name>_ctypes_</name>
         <value>0x4598</value>
         <object_component_ref idref="oc-405"/>
      </symbol>
      <symbol id="sm-613">
         <name>ltoa</name>
         <value>0x3e87</value>
         <object_component_ref idref="oc-410"/>
      </symbol>
      <symbol id="sm-623">
         <name>memccpy</name>
         <value>0x432b</value>
         <object_component_ref idref="oc-3d6"/>
      </symbol>
      <symbol id="sm-633">
         <name>strchr</name>
         <value>0x438f</value>
         <object_component_ref idref="oc-437"/>
      </symbol>
      <symbol id="sm-64c">
         <name>wcslen</name>
         <value>0x4461</value>
         <object_component_ref idref="oc-3dc"/>
      </symbol>
      <symbol id="sm-662">
         <name>frexpl</name>
         <value>0x3dcd</value>
         <object_component_ref idref="oc-431"/>
      </symbol>
      <symbol id="sm-663">
         <name>frexp</name>
         <value>0x3dcd</value>
         <object_component_ref idref="oc-431"/>
      </symbol>
      <symbol id="sm-670">
         <name>__aeabi_uldivmod</name>
         <value>0x399b</value>
         <object_component_ref idref="oc-40a"/>
      </symbol>
      <symbol id="sm-67a">
         <name>__aeabi_idiv0</name>
         <value>0xccb</value>
         <object_component_ref idref="oc-45d"/>
      </symbol>
      <symbol id="sm-67b">
         <name>__aeabi_ldiv0</name>
         <value>0xccb</value>
         <object_component_ref idref="oc-45d"/>
      </symbol>
      <symbol id="sm-696">
         <name>FPULazyStackingEnable</name>
         <value>0x4485</value>
         <object_component_ref idref="oc-184"/>
      </symbol>
      <symbol id="sm-697">
         <name>FPUEnable</name>
         <value>0x4475</value>
         <object_component_ref idref="oc-17e"/>
      </symbol>
      <symbol id="sm-6e9">
         <name>GPIOPinTypePWM</name>
         <value>0x43f5</value>
         <object_component_ref idref="oc-12d"/>
      </symbol>
      <symbol id="sm-6ea">
         <name>GPIOPinConfigure</name>
         <value>0x3f79</value>
         <object_component_ref idref="oc-fa"/>
      </symbol>
      <symbol id="sm-6eb">
         <name>GPIOPinTypeUART</name>
         <value>0x4419</value>
         <object_component_ref idref="oc-100"/>
      </symbol>
      <symbol id="sm-6ec">
         <name>GPIOPinTypeGPIOOutput</name>
         <value>0x4347</value>
         <object_component_ref idref="oc-305"/>
      </symbol>
      <symbol id="sm-6ed">
         <name>GPIODirModeSet</name>
         <value>0x4257</value>
         <object_component_ref idref="oc-22b"/>
      </symbol>
      <symbol id="sm-6ee">
         <name>GPIOPinWrite</name>
         <value>0x4581</value>
         <object_component_ref idref="oc-30b"/>
      </symbol>
      <symbol id="sm-6ef">
         <name>GPIOPadConfigSet</name>
         <value>0x31e7</value>
         <object_component_ref idref="oc-231"/>
      </symbol>
      <symbol id="sm-6f0">
         <name>GPIOPinTypeSSI</name>
         <value>0x4407</value>
         <object_component_ref idref="oc-29b"/>
      </symbol>
      <symbol id="sm-732">
         <name>IntEnable</name>
         <value>0x3c95</value>
         <object_component_ref idref="oc-10c"/>
      </symbol>
      <symbol id="sm-733">
         <name>IntRegister</name>
         <value>0x41c1</value>
         <object_component_ref idref="oc-251"/>
      </symbol>
      <symbol id="sm-734">
         <name>g_pfnRAMVectors</name>
         <value>0x20000000</value>
         <object_component_ref idref="oc-301"/>
      </symbol>
      <symbol id="sm-735">
         <name>IntMasterEnable</name>
         <value>0x4495</value>
         <object_component_ref idref="oc-190"/>
      </symbol>
      <symbol id="sm-772">
         <name>PWMGenPeriodSet</name>
         <value>0x44b5</value>
         <object_component_ref idref="oc-153"/>
      </symbol>
      <symbol id="sm-773">
         <name>PWMGenDisable</name>
         <value>0x4509</value>
         <object_component_ref idref="oc-170"/>
      </symbol>
      <symbol id="sm-774">
         <name>PWMDeadBandEnable</name>
         <value>0x44a5</value>
         <object_component_ref idref="oc-14d"/>
      </symbol>
      <symbol id="sm-775">
         <name>PWMPulseWidthSet</name>
         <value>0x430d</value>
         <object_component_ref idref="oc-15d"/>
      </symbol>
      <symbol id="sm-776">
         <name>PWMOutputState</name>
         <value>0x442b</value>
         <object_component_ref idref="oc-16a"/>
      </symbol>
      <symbol id="sm-777">
         <name>PWMGenEnable</name>
         <value>0x4515</value>
         <object_component_ref idref="oc-164"/>
      </symbol>
      <symbol id="sm-778">
         <name>PWMGenConfigure</name>
         <value>0x42a9</value>
         <object_component_ref idref="oc-133"/>
      </symbol>
      <symbol id="sm-7b1">
         <name>SSIDataPut</name>
         <value>0x4539</value>
         <object_component_ref idref="oc-31d"/>
      </symbol>
      <symbol id="sm-7b2">
         <name>SSIDataGet</name>
         <value>0x4521</value>
         <object_component_ref idref="oc-323"/>
      </symbol>
      <symbol id="sm-7b3">
         <name>SSIDataGetNonBlocking</name>
         <value>0x443d</value>
         <object_component_ref idref="oc-337"/>
      </symbol>
      <symbol id="sm-7b4">
         <name>SSIConfigSetExpClk</name>
         <value>0x4113</value>
         <object_component_ref idref="oc-311"/>
      </symbol>
      <symbol id="sm-7b5">
         <name>SSIEnable</name>
         <value>0x4543</value>
         <object_component_ref idref="oc-317"/>
      </symbol>
      <symbol id="sm-7b6">
         <name>SSIBusy</name>
         <value>0x4561</value>
         <object_component_ref idref="oc-329"/>
      </symbol>
      <symbol id="sm-812">
         <name>SysCtlClockSet</name>
         <value>0x3759</value>
         <object_component_ref idref="oc-18a"/>
      </symbol>
      <symbol id="sm-813">
         <name>SysCtlDelay</name>
         <value>0x4587</value>
         <object_component_ref idref="oc-17c"/>
      </symbol>
      <symbol id="sm-814">
         <name>SysCtlPeripheralEnable</name>
         <value>0x41f5</value>
         <object_component_ref idref="oc-f4"/>
      </symbol>
      <symbol id="sm-815">
         <name>SysCtlClockGet</name>
         <value>0x343d</value>
         <object_component_ref idref="oc-cb"/>
      </symbol>
      <symbol id="sm-816">
         <name>SysCtlPWMClockSet</name>
         <value>0x43a5</value>
         <object_component_ref idref="oc-127"/>
      </symbol>
      <symbol id="sm-896">
         <name>UARTCharPutNonBlocking</name>
         <value>0x44d3</value>
         <object_component_ref idref="oc-e2"/>
      </symbol>
      <symbol id="sm-897">
         <name>UARTConfigSetExpClk</name>
         <value>0x4009</value>
         <object_component_ref idref="oc-106"/>
      </symbol>
      <symbol id="sm-898">
         <name>UARTDisable</name>
         <value>0x42cd</value>
         <object_component_ref idref="oc-238"/>
      </symbol>
      <symbol id="sm-899">
         <name>UARTBusy</name>
         <value>0x4569</value>
         <object_component_ref idref="oc-d6"/>
      </symbol>
      <symbol id="sm-89a">
         <name>UARTIntEnable</name>
         <value>0x4571</value>
         <object_component_ref idref="oc-112"/>
      </symbol>
      <symbol id="sm-89b">
         <name>UARTCharsAvail</name>
         <value>0x44e1</value>
         <object_component_ref idref="oc-ee"/>
      </symbol>
      <symbol id="sm-89c">
         <name>UARTCharGetNonBlocking</name>
         <value>0x44c5</value>
         <object_component_ref idref="oc-dc"/>
      </symbol>
      <symbol id="sm-89d">
         <name>UARTEnable</name>
         <value>0x43b9</value>
         <object_component_ref idref="oc-23e"/>
      </symbol>
      <symbol id="sm-89e">
         <name>UARTIntClear</name>
         <value>0x458d</value>
         <object_component_ref idref="oc-c5"/>
      </symbol>
      <symbol id="sm-89f">
         <name>UARTIntStatus</name>
         <value>0x454d</value>
         <object_component_ref idref="oc-bf"/>
      </symbol>
      <symbol id="sm-8a0">
         <name>UARTIntRegister</name>
         <value>0x435f</value>
         <object_component_ref idref="oc-118"/>
      </symbol>
      <symbol id="sm-8aa">
         <name>CPUcpsie</name>
         <value>0x44fd</value>
         <object_component_ref idref="oc-294"/>
      </symbol>
      <symbol id="sm-8ab">
         <name>__TI_static_base__</name>
         <value>0x0</value>
      </symbol>
      <symbol id="sm-8ae">
         <name>__mpu_init</name>
         <value>0x0</value>
      </symbol>
      <symbol id="sm-8af">
         <name>_system_post_cinit</name>
         <value>0x0</value>
      </symbol>
   </symbol_table>
   <title>Link successful</title>
</link_info>
